Job folder (/var/ear/1894110200) doesn't exist (No such file or directory), creating it...
Job folder (/var/ear/1894110200) doesn't exist (No such file or directory), creating it...
Job folder (/var/ear/1894110200) doesn't exist (No such file or directory), creating it...
[EARL][tcn244][1069737] --- EARL INIT [PID: 1069737] [MASTER: 1] ---
tcn244:some EARD is not running (connected nodes 0 expected 1)

[34m[tcn244][0][INFO] [0mK-medoids & roofline strategies not available. Loading default model for the classification
--- EARL loaded APIs ---
MGT_CPUFREQ: DUMMY
MGT_IMCFREQ: DUMMY
MGT_PRIO   : DUMMY
MET_CPUFREQ: DUMMY
MET_IMCFREQ: DUMMY
MET_ENERGY : CPUMODEL
MET_TEMP:    AMD17
MET_BWIDTH : DUMMY
MET_FLOPS  : PERF
MET_CPI    : PERF
MGT_GPU    : DUMMY
MET_GPU    : DUMMY
L1D: loaded (event PERF_L1D_MISS_LD) 
L2 : loaded (event L2_MISS_FROM_DC) (also in LBW)
L2 : loaded (event L2_MISS_FROM_PF1) (also in LBW)
L2 : loaded (event L2_MISS_FROM_PF2) (also in LBW)

------------------------
Mapping frequencies from 26 processes to 128 CPUs...
[20/26]	I'm online..
[2/26]	I'm online..
[3/26]	I'm online..
[15/26]	I'm online..
[17/26]	I'm online..
Error in reports API load 
Error in reports API initialization 
---------------- EAR 5.2 MPI enabled ----------------
                   App/user id: 'hratio_solve_remaining_l10'/'ovaneck2'
    Node/job id/step_id/app_id: 'tcn244'/'18941102'/'0'/'1069737'
     P_STATE/frequency (turbo): 0/2600000 (0)
[7/26]	I'm online..
    Tasks/nodes/ppn/node_ratio: 26/1/26/1.000
             Policy (learning): monitoring (0)
Policy threshold/Perf accuracy: 0.00/10000000.00
   DynAIS levels/window/AVX512: 10/200/2
                      VAR path: /var/ear
           EAR privileged user: 1
                       EARL on: 1 
                  Max CPU freq: 2600000
-------------------------------------------------------
[8/26]	I'm online..
EAR initialized successfully.
[25/26]	I'm online..
[1/26]	I'm online..
[18/26]	I'm online..
[24/26]	I'm online..
[12/26]	I'm online..
[13/26]	I'm online..
[26/26]	I'm online..
[23/26]	I'm online..
[4/26]	I'm online..
[9/26]	I'm online..
[19/26]	I'm online..
[6/26]	I'm online..
[14/26]	I'm online..
[11/26]	I'm online..
[16/26]	I'm online..
[5/26]	I'm online..
[10/26]	I'm online..
[22/26]	I'm online..
[21/26]	I'm online..
[15/26]	Finished my work in:	0.011309 us.
[19/26]	Finished my work in:	0.005361 us.
[7/26]	Finished my work in:	0.014116 us.
[20/26]	Finished my work in:	0.006745 us.
[14/26]	Finished my work in:	0.013599 us.
[1/26]	Finished my work in:	0.002387 us.
[12/26]	Finished my work in:	0.012041 us.
[13/26]	Finished my work in:	0.006597 us.
[10/26]	Finished my work in:	0.002684 us.
[3/26]	Finished my work in:	0.002278 us.
[24/26]	Finished my work in:	0.009116 us.
[26/26]	Finished my work in:	0.002453 us.
[22/26]	Finished my work in:	0.001461 us.
[8/26]	Finished my work in:	0.004760 us.
[17/26]	Finished my work in:	0.004570 us.
[23/26]	Finished my work in:	0.004891 us.
[4/26]	Finished my work in:	0.005242 us.
[21/26]	Finished my work in:	0.004697 us.
[5/26]	Finished my work in:	0.005740 us.
[9/26]	Finished my work in:	0.006805 us.
[2/26]	Finished my work in:	0.007934 us.
[25/26]	Finished my work in:	0.004983 us.
[11/26]	Finished my work in:	0.008546 us.
[6/26]	Finished my work in:	0.005768 us.
[16/26]	Finished my work in:	0.006354 us.
[18/26]	Finished my work in:	0.006233 us.
[34m[tcn244][0][INFO] [0mWarning: Estimated power 0.00 W (DC vs CPU+GPU 1.00)
[34m[tcn244][0][INFO] [0mScope APP master 1 elapsed 0.000000
------------------------------------------- Application Summary [tcn244] -------------------------------------------
--- App id: hratio_solve_remaining_l10 / user id: ovaneck2 / account: vusei12999 / job.step: 18941102.0.1069737 ---


(Appl. sign.) Wall time: 0.058 s, CPU util.: 660 %, nominal freq.: 2.60 GHz, avg. freq: 0.00 GHz, avg imc freq: 0.00 GHz
              Avg. mpi_time/exec_time 0.0 %

              tasks: 26

              CPI/TPI: 0.400/0.052, GB/s: 0.152, GFLOPS: 0.000, IO: 9.046 (MB/s)
              DC/DRAM/PCK power: 0.000/0.000/0.000 (W) GFlops/Watts inf


--------------------------------------------------------------------------------------------------------------------
[11/26]	Finalized MPI..
[16/26]	Finalized MPI..
[10/26]	Finalized MPI..
[15/26]	Finalized MPI..
[14/26]	Finalized MPI..
[12/26]	Finalized MPI..
[22/26]	Finalized MPI..
[26/26]	Finalized MPI..
[25/26]	Finalized MPI..
[9/26]	Finalized MPI..
[21/26]	Finalized MPI..
[2/26]	Finalized MPI..
[24/26]	Finalized MPI..
[13/26]	Finalized MPI..
[17/26]	Finalized MPI..
[6/26]	Finalized MPI..
[18/26]	Finalized MPI..
[23/26]	Finalized MPI..
[20/26]	Finalized MPI..
[19/26]	Finalized MPI..
[7/26]	Finalized MPI..
[4/26]	Finalized MPI..
[3/26]	Finalized MPI..
[5/26]	Finalized MPI..
[8/26]	Finalized MPI..
[1/26]	Finalized MPI..
[1/26]	Merging results..
[1/26]	Writing results to:	/home/ovaneck2/ComplexityContesters/paper_PF_hardness/jobs/hratio_solve_remaining_l10_results/dfs_bnb.csv
