Job: hratio_l30
~ Running on Snellius..
Setting WDIR=/home/ovaneck2/ComplexityContesters/paper_PF_hardness
Going to run /home/ovaneck2/ComplexityContesters/paper_PF_hardness/code/experiments/dfs_bnb_mpi
FIN_RES_PATH: /home/ovaneck2/ComplexityContesters/paper_PF_hardness/jobs/hratio_l30_results
DATASET_PATH: /home/ovaneck2/ComplexityContesters/paper_PF_hardness/data/vanEck_hratio/30
Processing H3..
Debug Info:
	Results path:         "/home/ovaneck2/ComplexityContesters/paper_PF_hardness/jobs/hratio_l30_results"
	Dataset to use:       /home/ovaneck2/ComplexityContesters/paper_PF_hardness/data/vanEck_hratio/30
	Dataset extra:        H3
	Dimension of fold:    2
	Lengths to fold:      30 


JOB STATISTICS
==============
Job ID: 14519955
Cluster: snellius
User/Group: ovaneck2/ovaneck2
State: FAILED (exit code 124)
Nodes: 1
Cores per node: 128
CPU Utilized: 00:00:08
CPU Efficiency: 0.00% of 639-17:46:40 core-walltime
Job Wall-clock time: 4-23:57:05
Memory Utilized: 3.66 GB
Memory Efficiency: 1.63% of 224.00 GB (224.00 GB/node)
The task which had the largest memory consumption differs by 115.11% from the average task max memory consumption
