[EARL][tcn6][1920188] --- EARL INIT [PID: 1920188] [MASTER: 1] ---
[34m[tcn6][0][INFO] [0mK-medoids & roofline strategies not available. Loading default model for the classification
--- EARL loaded APIs ---
MGT_CPUFREQ: EARD
MGT_IMCFREQ: EARD
MGT_PRIO   : DUMMY
MET_CPUFREQ: EARD
MET_IMCFREQ: EARD
MET_ENERGY : EARD
MET_TEMP:    AMD17
MET_BWIDTH : EARD
MET_FLOPS  : PERF
MET_CPI    : PERF
MGT_GPU    : DUMMY
MET_GPU    : DUMMY
L1D: loaded (event PERF_L1D_MISS_LD) 
L2 : loaded (event L2_MISS_FROM_DC) (also in LBW)
L2 : loaded (event L2_MISS_FROM_PF1) (also in LBW)
L2 : loaded (event L2_MISS_FROM_PF2) (also in LBW)

------------------------
Mapping frequencies from 16 processes to 128 CPUs...
[8/16]	I'm online..
[10/16]	I'm online..
[13/16]	I'm online..
[14/16]	I'm online..
[7/16]	I'm online..
[9/16]	I'm online..
[11/16]	I'm online..
[15/16]	I'm online..
[16/16]	I'm online..
[12/16]	I'm online..
[5/16]	I'm online..
[6/16]	I'm online..
[2/16]	I'm online..
[3/16]	I'm online..
[4/16]	I'm online..
---------------- EAR 5.1 MPI enabled ----------------
                   App/user id: 'hratio_l15'/'ovaneck2'
    Node/job id/step_id/app_id: 'tcn6'/'11500497'/'0'/'1920188'
     P_STATE/frequency (turbo): 0/2600000 (0)
    Tasks/nodes/ppn/node_ratio: 16/1/16/1.000
             Policy (learning): monitoring (0)
Policy threshold/Perf accuracy: 0.00/10000000.00
   DynAIS levels/window/AVX512: 10/200/2
                      VAR path: /var/ear
           EAR privileged user: 0
                       EARL on: 1 
                  Max CPU freq: 2600000
-------------------------------------------------------
EAR initialized successfully.
[1/16]	I'm online..
[34m[tcn6][0][INFO] [0mWarning: Estimated power 158.49 W (DC vs CPU+GPU 1.00)
[34m[tcn6][0][INFO] [0mScope APP master 1 elapsed 0.000000
------------------------------------ Application Summary [tcn6] ------------------------------------
--- App id: hratio_l15 / user id: ovaneck2 / account: vusei12999 / job.step: 11500497.0.1920188 ---


(mpi_sig) Wall time: 0.044 s, nominal freq.: 2.60 GHz, avg. freq: 2.57 GHz, avg imc freq: 1.47 GHz
          Avg. mpi_time/exec_time 59.7 %

          tasks: 16

          CPI/TPI: 0.400/12.224, GB/s: 1.738, GFLOPS: 0.000, IO: 3.191 (MB/s)
          DC/DRAM/PCK power: 158.481/0.000/158.493 (W) GFlops/Watts 0.000


----------------------------------------------------------------------------------------------------
[10/16]	Finalized MPI..
[11/16]	Finalized MPI..
[9/16]	Finalized MPI..
[12/16]	Finalized MPI..
[8/16]	Finalized MPI..
[7/16]	Finalized MPI..
[13/16]	Finalized MPI..
[1/16]	Finalized MPI..
[5/16]	Finalized MPI..
[6/16]	Finalized MPI..
[2/16]	Finalized MPI..
[15/16]	Finalized MPI..
[16/16]	Finalized MPI..
[14/16]	Finalized MPI..
[3/16]	Finalized MPI..
[4/16]	Finalized MPI..
[EARL][tcn6][1920450] --- EARL INIT [PID: 1920450] [MASTER: 1] ---
[34m[tcn6][0][INFO] [0mK-medoids & roofline strategies not available. Loading default model for the classification
--- EARL loaded APIs ---
MGT_CPUFREQ: EARD
MGT_IMCFREQ: EARD
MGT_PRIO   : DUMMY
MET_CPUFREQ: EARD
MET_IMCFREQ: EARD
MET_ENERGY : EARD
MET_TEMP:    AMD17
MET_BWIDTH : EARD
MET_FLOPS  : PERF
MET_CPI    : PERF
MGT_GPU    : DUMMY
MET_GPU    : DUMMY
L1D: loaded (event PERF_L1D_MISS_LD) 
L2 : loaded (event L2_MISS_FROM_DC) (also in LBW)
L2 : loaded (event L2_MISS_FROM_PF1) (also in LBW)
L2 : loaded (event L2_MISS_FROM_PF2) (also in LBW)

------------------------
Mapping frequencies from 16 processes to 128 CPUs...
[6/16]	I'm online..
[13/16]	I'm online..
[4/16]	I'm online..
[8/16]	I'm online..
[9/16]	I'm online..
[10/16]	I'm online..
[12/16]	I'm online..
[15/16]	I'm online..
[16/16]	I'm online..
[11/16]	I'm online..
[5/16]	I'm online..
[3/16]	I'm online..
[14/16]	I'm online..
[7/16]	I'm online..
[2/16]	I'm online..
---------------- EAR 5.1 MPI enabled ----------------
                   App/user id: 'hratio_l15'/'ovaneck2'
    Node/job id/step_id/app_id: 'tcn6'/'11500497'/'1'/'1920450'
     P_STATE/frequency (turbo): 0/2600000 (0)
    Tasks/nodes/ppn/node_ratio: 16/1/16/1.000
             Policy (learning): monitoring (0)
Policy threshold/Perf accuracy: 0.00/10000000.00
   DynAIS levels/window/AVX512: 10/200/2
                      VAR path: /var/ear
           EAR privileged user: 0
                       EARL on: 1 
                  Max CPU freq: 2600000
-------------------------------------------------------
EAR initialized successfully.
[1/16]	I'm online..
[34m[tcn6][0][INFO] [0mWarning: Estimated power 153.12 W (DC vs CPU+GPU 1.00)
[34m[tcn6][0][INFO] [0mScope APP master 1 elapsed 0.000000
------------------------------------ Application Summary [tcn6] ------------------------------------
--- App id: hratio_l15 / user id: ovaneck2 / account: vusei12999 / job.step: 11500497.1.1920450 ---


(mpi_sig) Wall time: 0.045 s, nominal freq.: 2.60 GHz, avg. freq: 2.57 GHz, avg imc freq: 1.47 GHz
          Avg. mpi_time/exec_time 58.3 %

          tasks: 16

          CPI/TPI: 0.406/13.909, GB/s: 1.901, GFLOPS: 0.000, IO: 3.298 (MB/s)
          DC/DRAM/PCK power: 153.115/0.000/153.123 (W) GFlops/Watts 0.000


----------------------------------------------------------------------------------------------------
[11/16]	Finalized MPI..
[9/16]	Finalized MPI..
[5/16]	Finalized MPI..
[13/16]	Finalized MPI..
[12/16]	Finalized MPI..
[6/16]	Finalized MPI..
[8/16]	Finalized MPI..
[16/16]	Finalized MPI..
[1/16]	Finalized MPI..
[2/16]	Finalized MPI..
[7/16]	Finalized MPI..
[14/16]	Finalized MPI..
[15/16]	Finalized MPI..
[3/16]	Finalized MPI..
[4/16]	Finalized MPI..
[10/16]	Finalized MPI..
[EARL][tcn6][1920728] --- EARL INIT [PID: 1920728] [MASTER: 1] ---
[34m[tcn6][0][INFO] [0mK-medoids & roofline strategies not available. Loading default model for the classification
--- EARL loaded APIs ---
MGT_CPUFREQ: EARD
MGT_IMCFREQ: EARD
MGT_PRIO   : DUMMY
MET_CPUFREQ: EARD
MET_IMCFREQ: EARD
MET_ENERGY : EARD
MET_TEMP:    AMD17
MET_BWIDTH : EARD
MET_FLOPS  : PERF
MET_CPI    : PERF
MGT_GPU    : DUMMY
MET_GPU    : DUMMY
L1D: loaded (event PERF_L1D_MISS_LD) 
L2 : loaded (event L2_MISS_FROM_DC) (also in LBW)
L2 : loaded (event L2_MISS_FROM_PF1) (also in LBW)
L2 : loaded (event L2_MISS_FROM_PF2) (also in LBW)

------------------------
Mapping frequencies from 16 processes to 128 CPUs...
[9/16]	I'm online..
[10/16]	I'm online..
[12/16]	I'm online..
[13/16]	I'm online..
[14/16]	I'm online..
[15/16]	I'm online..
[6/16]	I'm online..
[16/16]	I'm online..
[5/16]	I'm online..
[11/16]	I'm online..
[8/16]	I'm online..
[7/16]	I'm online..
[3/16]	I'm online..
[4/16]	I'm online..
[2/16]	I'm online..
---------------- EAR 5.1 MPI enabled ----------------
                   App/user id: 'hratio_l15'/'ovaneck2'
    Node/job id/step_id/app_id: 'tcn6'/'11500497'/'2'/'1920728'
     P_STATE/frequency (turbo): 0/2600000 (0)
    Tasks/nodes/ppn/node_ratio: 16/1/16/1.000
             Policy (learning): monitoring (0)
Policy threshold/Perf accuracy: 0.00/10000000.00
   DynAIS levels/window/AVX512: 10/200/2
                      VAR path: /var/ear
           EAR privileged user: 0
                       EARL on: 1 
                  Max CPU freq: 2600000
-------------------------------------------------------
EAR initialized successfully.
[1/16]	I'm online..
[34m[tcn6][0][INFO] [0mScope APP master 1 elapsed 0.000000
------------------------------------ Application Summary [tcn6] ------------------------------------
--- App id: hratio_l15 / user id: ovaneck2 / account: vusei12999 / job.step: 11500497.2.1920728 ---


(mpi_sig) Wall time: 4.538 s, nominal freq.: 2.60 GHz, avg. freq: 2.55 GHz, avg imc freq: 1.47 GHz
          Avg. mpi_time/exec_time 11.7 %

          tasks: 16

          CPI/TPI: 0.493/0.028, GB/s: 0.142, GFLOPS: 0.000, IO: 0.274 (MB/s)
          DC/DRAM/PCK power: 191.496/0.000/204.295 (W) GFlops/Watts 0.000


----------------------------------------------------------------------------------------------------
[9/16]	Finalized MPI..
[8/16]	Finalized MPI..
[11/16]	Finalized MPI..
[16/16]	Finalized MPI..
[6/16]	Finalized MPI..
[7/16]	Finalized MPI..
[12/16]	Finalized MPI..
[10/16]	Finalized MPI..
[14/16]	Finalized MPI..
[13/16]	Finalized MPI..
[2/16]	Finalized MPI..
[1/16]	Finalized MPI..
[15/16]	Finalized MPI..
[5/16]	Finalized MPI..
[4/16]	Finalized MPI..
[3/16]	Finalized MPI..
[EARL][tcn6][1920995] --- EARL INIT [PID: 1920995] [MASTER: 1] ---
[34m[tcn6][0][INFO] [0mK-medoids & roofline strategies not available. Loading default model for the classification
--- EARL loaded APIs ---
MGT_CPUFREQ: EARD
MGT_IMCFREQ: EARD
MGT_PRIO   : DUMMY
MET_CPUFREQ: EARD
MET_IMCFREQ: EARD
MET_ENERGY : EARD
MET_TEMP:    AMD17
MET_BWIDTH : EARD
MET_FLOPS  : PERF
MET_CPI    : PERF
MGT_GPU    : DUMMY
MET_GPU    : DUMMY
L1D: loaded (event PERF_L1D_MISS_LD) 
L2 : loaded (event L2_MISS_FROM_DC) (also in LBW)
L2 : loaded (event L2_MISS_FROM_PF1) (also in LBW)
L2 : loaded (event L2_MISS_FROM_PF2) (also in LBW)

------------------------
Mapping frequencies from 16 processes to 128 CPUs...
[10/16]	I'm online..
[9/16]	I'm online..
[12/16]	I'm online..
[16/16]	I'm online..
[2/16]	I'm online..
[5/16]	I'm online..
[6/16]	I'm online..
[11/16]	I'm online..
[15/16]	I'm online..
[13/16]	I'm online..
[14/16]	I'm online..
[7/16]	I'm online..
[8/16]	I'm online..
[3/16]	I'm online..
[4/16]	I'm online..
---------------- EAR 5.1 MPI enabled ----------------
                   App/user id: 'hratio_l15'/'ovaneck2'
    Node/job id/step_id/app_id: 'tcn6'/'11500497'/'3'/'1920995'
     P_STATE/frequency (turbo): 0/2600000 (0)
    Tasks/nodes/ppn/node_ratio: 16/1/16/1.000
             Policy (learning): monitoring (0)
Policy threshold/Perf accuracy: 0.00/10000000.00
   DynAIS levels/window/AVX512: 10/200/2
                      VAR path: /var/ear
           EAR privileged user: 0
                       EARL on: 1 
                  Max CPU freq: 2600000
-------------------------------------------------------
EAR initialized successfully.
[1/16]	I'm online..
[34m[tcn6][0][INFO] [0mScope APP master 1 elapsed 0.000000
------------------------------------ Application Summary [tcn6] ------------------------------------
--- App id: hratio_l15 / user id: ovaneck2 / account: vusei12999 / job.step: 11500497.3.1920995 ---


(mpi_sig) Wall time: 5.033 s, nominal freq.: 2.60 GHz, avg. freq: 2.56 GHz, avg imc freq: 1.47 GHz
          Avg. mpi_time/exec_time 12.0 %

          tasks: 16

          CPI/TPI: 0.492/0.026, GB/s: 0.124, GFLOPS: 0.000, IO: 0.180 (MB/s)
          DC/DRAM/PCK power: 175.642/0.000/204.681 (W) GFlops/Watts 0.000


----------------------------------------------------------------------------------------------------
[13/16]	Finalized MPI..
[14/16]	Finalized MPI..
[4/16]	Finalized MPI..
[9/16]	Finalized MPI..
[3/16]	Finalized MPI..
[12/16]	Finalized MPI..
[15/16]	Finalized MPI..
[6/16]	Finalized MPI..
[10/16]	Finalized MPI..
[8/16]	Finalized MPI..
[7/16]	Finalized MPI..
[2/16]	Finalized MPI..
[5/16]	Finalized MPI..
[11/16]	Finalized MPI..
[16/16]	Finalized MPI..
[1/16]	Finalized MPI..
[EARL][tcn6][1921270] --- EARL INIT [PID: 1921270] [MASTER: 1] ---
[34m[tcn6][0][INFO] [0mK-medoids & roofline strategies not available. Loading default model for the classification
--- EARL loaded APIs ---
MGT_CPUFREQ: EARD
MGT_IMCFREQ: EARD
MGT_PRIO   : DUMMY
MET_CPUFREQ: EARD
MET_IMCFREQ: EARD
MET_ENERGY : EARD
MET_TEMP:    AMD17
MET_BWIDTH : EARD
MET_FLOPS  : PERF
MET_CPI    : PERF
MGT_GPU    : DUMMY
MET_GPU    : DUMMY
L1D: loaded (event PERF_L1D_MISS_LD) 
L2 : loaded (event L2_MISS_FROM_DC) (also in LBW)
L2 : loaded (event L2_MISS_FROM_PF1) (also in LBW)
L2 : loaded (event L2_MISS_FROM_PF2) (also in LBW)

------------------------
Mapping frequencies from 16 processes to 128 CPUs...
[11/16]	I'm online..
[8/16]	I'm online..
[12/16]	I'm online..
[14/16]	I'm online..
[16/16]	I'm online..
[15/16]	I'm online..
[5/16]	I'm online..
[7/16]	I'm online..
[9/16]	I'm online..
[10/16]	I'm online..
[6/16]	I'm online..
[3/16]	I'm online..
[4/16]	I'm online..
[2/16]	I'm online..
[13/16]	I'm online..
---------------- EAR 5.1 MPI enabled ----------------
                   App/user id: 'hratio_l15'/'ovaneck2'
    Node/job id/step_id/app_id: 'tcn6'/'11500497'/'4'/'1921270'
     P_STATE/frequency (turbo): 0/2600000 (0)
    Tasks/nodes/ppn/node_ratio: 16/1/16/1.000
             Policy (learning): monitoring (0)
Policy threshold/Perf accuracy: 0.00/10000000.00
   DynAIS levels/window/AVX512: 10/200/2
                      VAR path: /var/ear
           EAR privileged user: 0
                       EARL on: 1 
                  Max CPU freq: 2600000
-------------------------------------------------------
EAR initialized successfully.
[1/16]	I'm online..
[34m[tcn6][0][INFO] [0mScope APP master 1 elapsed 0.000000
------------------------------------ Application Summary [tcn6] ------------------------------------
--- App id: hratio_l15 / user id: ovaneck2 / account: vusei12999 / job.step: 11500497.4.1921270 ---


(mpi_sig) Wall time: 2.816 s, nominal freq.: 2.60 GHz, avg. freq: 2.56 GHz, avg imc freq: 1.47 GHz
          Avg. mpi_time/exec_time 16.7 %

          tasks: 16

          CPI/TPI: 0.481/0.018, GB/s: 0.093, GFLOPS: 0.000, IO: 0.177 (MB/s)
          DC/DRAM/PCK power: 211.650/0.000/204.893 (W) GFlops/Watts 0.000


----------------------------------------------------------------------------------------------------
[15/16]	Finalized MPI..
[16/16]	Finalized MPI..
[4/16]	Finalized MPI..
[8/16]	Finalized MPI..
[7/16]	Finalized MPI..
[12/16]	Finalized MPI..
[11/16]	Finalized MPI..
[13/16]	Finalized MPI..
[14/16]	Finalized MPI..
[9/16]	Finalized MPI..
[6/16]	Finalized MPI..
[2/16]	Finalized MPI..
[10/16]	Finalized MPI..
[1/16]	Finalized MPI..
[5/16]	Finalized MPI..
[3/16]	Finalized MPI..
[EARL][tcn6][1921540] --- EARL INIT [PID: 1921540] [MASTER: 1] ---
[34m[tcn6][0][INFO] [0mK-medoids & roofline strategies not available. Loading default model for the classification
--- EARL loaded APIs ---
MGT_CPUFREQ: EARD
MGT_IMCFREQ: EARD
MGT_PRIO   : DUMMY
MET_CPUFREQ: EARD
MET_IMCFREQ: EARD
MET_ENERGY : EARD
MET_TEMP:    AMD17
MET_BWIDTH : EARD
MET_FLOPS  : PERF
MET_CPI    : PERF
MGT_GPU    : DUMMY
MET_GPU    : DUMMY
L1D: loaded (event PERF_L1D_MISS_LD) 
L2 : loaded (event L2_MISS_FROM_DC) (also in LBW)
L2 : loaded (event L2_MISS_FROM_PF1) (also in LBW)
L2 : loaded (event L2_MISS_FROM_PF2) (also in LBW)

------------------------
Mapping frequencies from 16 processes to 128 CPUs...
[9/16]	I'm online..
[10/16]	I'm online..
[12/16]	I'm online..
[16/16]	I'm online..
[7/16]	I'm online..
[8/16]	I'm online..
[13/16]	I'm online..
[11/16]	I'm online..
[15/16]	I'm online..
[3/16]	I'm online..
[4/16]	I'm online..
[14/16]	I'm online..
[2/16]	I'm online..
[5/16]	I'm online..
[6/16]	I'm online..
---------------- EAR 5.1 MPI enabled ----------------
                   App/user id: 'hratio_l15'/'ovaneck2'
    Node/job id/step_id/app_id: 'tcn6'/'11500497'/'5'/'1921540'
     P_STATE/frequency (turbo): 0/2600000 (0)
    Tasks/nodes/ppn/node_ratio: 16/1/16/1.000
             Policy (learning): monitoring (0)
Policy threshold/Perf accuracy: 0.00/10000000.00
   DynAIS levels/window/AVX512: 10/200/2
                      VAR path: /var/ear
           EAR privileged user: 0
                       EARL on: 1 
                  Max CPU freq: 2600000
-------------------------------------------------------
EAR initialized successfully.
[1/16]	I'm online..
[34m[tcn6][0][INFO] [0mWarning: Estimated power 204.90 W (DC vs CPU+GPU 1.00)
[34m[tcn6][0][INFO] [0mScope APP master 1 elapsed 0.000000
------------------------------------ Application Summary [tcn6] ------------------------------------
--- App id: hratio_l15 / user id: ovaneck2 / account: vusei12999 / job.step: 11500497.5.1921540 ---


(mpi_sig) Wall time: 0.976 s, nominal freq.: 2.60 GHz, avg. freq: 2.55 GHz, avg imc freq: 1.47 GHz
          Avg. mpi_time/exec_time 35.8 %

          tasks: 16

          CPI/TPI: 0.439/0.028, GB/s: 0.151, GFLOPS: 0.000, IO: 0.358 (MB/s)
          DC/DRAM/PCK power: 204.902/0.000/204.902 (W) GFlops/Watts 0.000


----------------------------------------------------------------------------------------------------
[11/16]	Finalized MPI..
[5/16]	Finalized MPI..
[4/16]	Finalized MPI..
[8/16]	Finalized MPI..
[1/16]	Finalized MPI..
[3/16]	Finalized MPI..
[2/16]	Finalized MPI..
[15/16]	Finalized MPI..
[6/16]	Finalized MPI..
[12/16]	Finalized MPI..
[13/16]	Finalized MPI..
[10/16]	Finalized MPI..
[7/16]	Finalized MPI..
[9/16]	Finalized MPI..
[14/16]	Finalized MPI..
[16/16]	Finalized MPI..
[EARL][tcn6][1921808] --- EARL INIT [PID: 1921808] [MASTER: 1] ---
[34m[tcn6][0][INFO] [0mK-medoids & roofline strategies not available. Loading default model for the classification
--- EARL loaded APIs ---
MGT_CPUFREQ: EARD
MGT_IMCFREQ: EARD
MGT_PRIO   : DUMMY
MET_CPUFREQ: EARD
MET_IMCFREQ: EARD
MET_ENERGY : EARD
MET_TEMP:    AMD17
MET_BWIDTH : EARD
MET_FLOPS  : PERF
MET_CPI    : PERF
MGT_GPU    : DUMMY
MET_GPU    : DUMMY
L1D: loaded (event PERF_L1D_MISS_LD) 
L2 : loaded (event L2_MISS_FROM_DC) (also in LBW)
L2 : loaded (event L2_MISS_FROM_PF1) (also in LBW)
L2 : loaded (event L2_MISS_FROM_PF2) (also in LBW)

------------------------
Mapping frequencies from 16 processes to 128 CPUs...
[13/16]	I'm online..
[14/16]	I'm online..
[10/16]	I'm online..
[11/16]	I'm online..
[12/16]	I'm online..
[4/16]	I'm online..
[9/16]	I'm online..
[7/16]	I'm online..
[8/16]	I'm online..
[3/16]	I'm online..
[15/16]	I'm online..
[16/16]	I'm online..
[2/16]	I'm online..
[1/16]	I'm online..
[5/16]	I'm online..
---------------- EAR 5.1 MPI enabled ----------------
                   App/user id: 'hratio_l15'/'ovaneck2'
    Node/job id/step_id/app_id: 'tcn6'/'11500497'/'6'/'1921803'
     P_STATE/frequency (turbo): 0/2600000 (0)
    Tasks/nodes/ppn/node_ratio: 16/1/16/1.000
             Policy (learning): monitoring (0)
Policy threshold/Perf accuracy: 0.00/10000000.00
   DynAIS levels/window/AVX512: 10/200/2
                      VAR path: /var/ear
           EAR privileged user: 0
                       EARL on: 1 
                  Max CPU freq: 2600000
-------------------------------------------------------
EAR initialized successfully.
[6/16]	I'm online..
[34m[tcn6][0][INFO] [0mWarning: Estimated power 195.19 W (DC vs CPU+GPU 1.00)
[34m[tcn6][0][INFO] [0mScope APP master 1 elapsed 0.000000
------------------------------------ Application Summary [tcn6] ------------------------------------
--- App id: hratio_l15 / user id: ovaneck2 / account: vusei12999 / job.step: 11500497.6.1921803 ---


(mpi_sig) Wall time: 0.246 s, nominal freq.: 2.60 GHz, avg. freq: 2.56 GHz, avg imc freq: 1.47 GHz
          Avg. mpi_time/exec_time 45.1 %

          tasks: 16

          CPI/TPI: 0.424/0.151, GB/s: 0.592, GFLOPS: 0.000, IO: 2.089 (MB/s)
          DC/DRAM/PCK power: 195.185/0.000/195.188 (W) GFlops/Watts 0.000


----------------------------------------------------------------------------------------------------
[7/16]	Finalized MPI..
[15/16]	Finalized MPI..
[10/16]	Finalized MPI..
[8/16]	Finalized MPI..
[9/16]	Finalized MPI..
[2/16]	Finalized MPI..
[5/16]	Finalized MPI..
[13/16]	Finalized MPI..
[14/16]	Finalized MPI..
[12/16]	Finalized MPI..
[6/16]	Finalized MPI..
[16/16]	Finalized MPI..
[3/16]	Finalized MPI..
[11/16]	Finalized MPI..
[1/16]	Finalized MPI..
[4/16]	Finalized MPI..
[EARL][tcn6][1922062] --- EARL INIT [PID: 1922062] [MASTER: 1] ---
[34m[tcn6][0][INFO] [0mK-medoids & roofline strategies not available. Loading default model for the classification
--- EARL loaded APIs ---
MGT_CPUFREQ: EARD
MGT_IMCFREQ: EARD
MGT_PRIO   : DUMMY
MET_CPUFREQ: EARD
MET_IMCFREQ: EARD
MET_ENERGY : EARD
MET_TEMP:    AMD17
MET_BWIDTH : EARD
MET_FLOPS  : PERF
MET_CPI    : PERF
MGT_GPU    : DUMMY
MET_GPU    : DUMMY
L1D: loaded (event PERF_L1D_MISS_LD) 
L2 : loaded (event L2_MISS_FROM_DC) (also in LBW)
L2 : loaded (event L2_MISS_FROM_PF1) (also in LBW)
L2 : loaded (event L2_MISS_FROM_PF2) (also in LBW)

------------------------
Mapping frequencies from 16 processes to 128 CPUs...
[9/16]	I'm online..
[10/16]	I'm online..
[11/16]	I'm online..
[12/16]	I'm online..
[15/16]	I'm online..
[13/16]	I'm online..
[14/16]	I'm online..
[16/16]	I'm online..
[8/16]	I'm online..
[7/16]	I'm online..
[5/16]	I'm online..
[6/16]	I'm online..
[3/16]	I'm online..
[2/16]	I'm online..
[4/16]	I'm online..
---------------- EAR 5.1 MPI enabled ----------------
                   App/user id: 'hratio_l15'/'ovaneck2'
    Node/job id/step_id/app_id: 'tcn6'/'11500497'/'7'/'1922062'
     P_STATE/frequency (turbo): 0/2600000 (0)
    Tasks/nodes/ppn/node_ratio: 16/1/16/1.000
             Policy (learning): monitoring (0)
Policy threshold/Perf accuracy: 0.00/10000000.00
   DynAIS levels/window/AVX512: 10/200/2
                      VAR path: /var/ear
           EAR privileged user: 0
                       EARL on: 1 
                  Max CPU freq: 2600000
-------------------------------------------------------
EAR initialized successfully.
[1/16]	I'm online..
[34m[tcn6][0][INFO] [0mWarning: Estimated power 200.05 W (DC vs CPU+GPU 1.00)
[34m[tcn6][0][INFO] [0mScope APP master 1 elapsed 0.000000
------------------------------------ Application Summary [tcn6] ------------------------------------
--- App id: hratio_l15 / user id: ovaneck2 / account: vusei12999 / job.step: 11500497.7.1922062 ---


(mpi_sig) Wall time: 0.169 s, nominal freq.: 2.60 GHz, avg. freq: 2.57 GHz, avg imc freq: 1.47 GHz
          Avg. mpi_time/exec_time 89.8 %

          tasks: 16

          CPI/TPI: 0.359/0.177, GB/s: 0.656, GFLOPS: 0.000, IO: 0.879 (MB/s)
          DC/DRAM/PCK power: 200.049/0.000/200.050 (W) GFlops/Watts 0.000


----------------------------------------------------------------------------------------------------
[9/16]	Finalized MPI..
[6/16]	Finalized MPI..
[8/16]	Finalized MPI..
[16/16]	Finalized MPI..
[5/16]	Finalized MPI..
[10/16]	Finalized MPI..
[13/16]	Finalized MPI..
[15/16]	Finalized MPI..
[4/16]	Finalized MPI..
[3/16]	Finalized MPI..
[1/16]	Finalized MPI..
[14/16]	Finalized MPI..
[2/16]	Finalized MPI..
[12/16]	Finalized MPI..
[7/16]	Finalized MPI..
[11/16]	Finalized MPI..
[EARL][tcn6][1922321] --- EARL INIT [PID: 1922321] [MASTER: 1] ---
[34m[tcn6][0][INFO] [0mK-medoids & roofline strategies not available. Loading default model for the classification
--- EARL loaded APIs ---
MGT_CPUFREQ: EARD
MGT_IMCFREQ: EARD
MGT_PRIO   : DUMMY
MET_CPUFREQ: EARD
MET_IMCFREQ: EARD
MET_ENERGY : EARD
MET_TEMP:    AMD17
MET_BWIDTH : EARD
MET_FLOPS  : PERF
MET_CPI    : PERF
MGT_GPU    : DUMMY
MET_GPU    : DUMMY
L1D: loaded (event PERF_L1D_MISS_LD) 
L2 : loaded (event L2_MISS_FROM_DC) (also in LBW)
L2 : loaded (event L2_MISS_FROM_PF1) (also in LBW)
L2 : loaded (event L2_MISS_FROM_PF2) (also in LBW)

------------------------
Mapping frequencies from 16 processes to 128 CPUs...
[7/16]	I'm online..
[4/16]	I'm online..
[12/16]	I'm online..
[16/16]	I'm online..
[3/16]	I'm online..
[14/16]	I'm online..
[15/16]	I'm online..
[10/16]	I'm online..
[9/16]	I'm online..
[11/16]	I'm online..
[8/16]	I'm online..
[13/16]	I'm online..
[2/16]	I'm online..
[5/16]	I'm online..
[6/16]	I'm online..
---------------- EAR 5.1 MPI enabled ----------------
                   App/user id: 'hratio_l15'/'ovaneck2'
    Node/job id/step_id/app_id: 'tcn6'/'11500497'/'8'/'1922321'
     P_STATE/frequency (turbo): 0/2600000 (0)
    Tasks/nodes/ppn/node_ratio: 16/1/16/1.000
             Policy (learning): monitoring (0)
Policy threshold/Perf accuracy: 0.00/10000000.00
   DynAIS levels/window/AVX512: 10/200/2
                      VAR path: /var/ear
           EAR privileged user: 0
                       EARL on: 1 
                  Max CPU freq: 2600000
-------------------------------------------------------
EAR initialized successfully.
[1/16]	I'm online..
[34m[tcn6][0][INFO] [0mWarning: Estimated power 156.66 W (DC vs CPU+GPU 1.00)
[34m[tcn6][0][INFO] [0mScope APP master 1 elapsed 0.000000
------------------------------------ Application Summary [tcn6] ------------------------------------
--- App id: hratio_l15 / user id: ovaneck2 / account: vusei12999 / job.step: 11500497.8.1922321 ---


(mpi_sig) Wall time: 0.043 s, nominal freq.: 2.60 GHz, avg. freq: 2.57 GHz, avg imc freq: 1.47 GHz
          Avg. mpi_time/exec_time 58.8 %

          tasks: 16

          CPI/TPI: 0.412/11.073, GB/s: 1.965, GFLOPS: 0.000, IO: 4.766 (MB/s)
          DC/DRAM/PCK power: 156.651/0.000/156.659 (W) GFlops/Watts 0.000


----------------------------------------------------------------------------------------------------
[11/16]	Finalized MPI..
[1/16]	Finalized MPI..
[6/16]	Finalized MPI..
[2/16]	Finalized MPI..
[7/16]	Finalized MPI..
[4/16]	Finalized MPI..
[12/16]	Finalized MPI..
[8/16]	Finalized MPI..
[9/16]	Finalized MPI..
[13/16]	Finalized MPI..
[14/16]	Finalized MPI..
[5/16]	Finalized MPI..
[10/16]	Finalized MPI..
[15/16]	Finalized MPI..
[16/16]	Finalized MPI..
[3/16]	Finalized MPI..
[EARL][tcn6][1922588] --- EARL INIT [PID: 1922588] [MASTER: 1] ---
[34m[tcn6][0][INFO] [0mK-medoids & roofline strategies not available. Loading default model for the classification
--- EARL loaded APIs ---
MGT_CPUFREQ: EARD
MGT_IMCFREQ: EARD
MGT_PRIO   : DUMMY
MET_CPUFREQ: EARD
MET_IMCFREQ: EARD
MET_ENERGY : EARD
MET_TEMP:    AMD17
MET_BWIDTH : EARD
MET_FLOPS  : PERF
MET_CPI    : PERF
MGT_GPU    : DUMMY
MET_GPU    : DUMMY
L1D: loaded (event PERF_L1D_MISS_LD) 
L2 : loaded (event L2_MISS_FROM_DC) (also in LBW)
L2 : loaded (event L2_MISS_FROM_PF1) (also in LBW)
L2 : loaded (event L2_MISS_FROM_PF2) (also in LBW)

------------------------
Mapping frequencies from 16 processes to 128 CPUs...
[1/16]	I'm online..
[2/16]	I'm online..
[8/16]	I'm online..
[9/16]	I'm online..
[10/16]	I'm online..
[5/16]	I'm online..
[15/16]	I'm online..
[16/16]	I'm online..
[13/16]	I'm online..
[14/16]	I'm online..
[7/16]	I'm online..
[11/16]	I'm online..
[12/16]	I'm online..
[3/16]	I'm online..
[4/16]	I'm online..
---------------- EAR 5.1 MPI enabled ----------------
                   App/user id: 'hratio_l15'/'ovaneck2'
    Node/job id/step_id/app_id: 'tcn6'/'11500497'/'9'/'1922583'
     P_STATE/frequency (turbo): 0/2600000 (0)
    Tasks/nodes/ppn/node_ratio: 16/1/16/1.000
             Policy (learning): monitoring (0)
Policy threshold/Perf accuracy: 0.00/10000000.00
   DynAIS levels/window/AVX512: 10/200/2
                      VAR path: /var/ear
           EAR privileged user: 0
                       EARL on: 1 
                  Max CPU freq: 2600000
-------------------------------------------------------
EAR initialized successfully.
[6/16]	I'm online..
[34m[tcn6][0][INFO] [0mWarning: Estimated power 202.26 W (DC vs CPU+GPU 1.00)
[34m[tcn6][0][INFO] [0mScope APP master 1 elapsed 0.000000
------------------------------------ Application Summary [tcn6] ------------------------------------
--- App id: hratio_l15 / user id: ovaneck2 / account: vusei12999 / job.step: 11500497.9.1922583 ---


(mpi_sig) Wall time: 0.259 s, nominal freq.: 2.60 GHz, avg. freq: 2.56 GHz, avg imc freq: 1.47 GHz
          Avg. mpi_time/exec_time 79.7 %

          tasks: 16

          CPI/TPI: 0.373/0.073, GB/s: 0.392, GFLOPS: 0.000, IO: 1.904 (MB/s)
          DC/DRAM/PCK power: 202.260/0.000/202.262 (W) GFlops/Watts 0.000


----------------------------------------------------------------------------------------------------
[1/16]	Finalized MPI..
[11/16]	Finalized MPI..
[2/16]	Finalized MPI..
[10/16]	Finalized MPI..
[13/16]	Finalized MPI..
[9/16]	Finalized MPI..
[16/16]	Finalized MPI..
[15/16]	Finalized MPI..
[12/16]	Finalized MPI..
[14/16]	Finalized MPI..
[7/16]	Finalized MPI..
[6/16]	Finalized MPI..
[5/16]	Finalized MPI..
[3/16]	Finalized MPI..
[8/16]	Finalized MPI..
[4/16]	Finalized MPI..
[EARL][tcn6][1922844] --- EARL INIT [PID: 1922844] [MASTER: 1] ---
[34m[tcn6][0][INFO] [0mK-medoids & roofline strategies not available. Loading default model for the classification
--- EARL loaded APIs ---
MGT_CPUFREQ: EARD
MGT_IMCFREQ: EARD
MGT_PRIO   : DUMMY
MET_CPUFREQ: EARD
MET_IMCFREQ: EARD
MET_ENERGY : EARD
MET_TEMP:    AMD17
MET_BWIDTH : EARD
MET_FLOPS  : PERF
MET_CPI    : PERF
MGT_GPU    : DUMMY
MET_GPU    : DUMMY
L1D: loaded (event PERF_L1D_MISS_LD) 
L2 : loaded (event L2_MISS_FROM_DC) (also in LBW)
L2 : loaded (event L2_MISS_FROM_PF1) (also in LBW)
L2 : loaded (event L2_MISS_FROM_PF2) (also in LBW)

------------------------
Mapping frequencies from 16 processes to 128 CPUs...
[10/16]	I'm online..
[13/16]	I'm online..
[11/16]	I'm online..
[12/16]	I'm online..
[14/16]	I'm online..
[16/16]	I'm online..
[9/16]	I'm online..
[15/16]	I'm online..
[2/16]	I'm online..
[7/16]	I'm online..
[8/16]	I'm online..
[3/16]	I'm online..
[4/16]	I'm online..
[6/16]	I'm online..
[5/16]	I'm online..
---------------- EAR 5.1 MPI enabled ----------------
                   App/user id: 'hratio_l15'/'ovaneck2'
    Node/job id/step_id/app_id: 'tcn6'/'11500497'/'10'/'1922844'
     P_STATE/frequency (turbo): 0/2600000 (0)
    Tasks/nodes/ppn/node_ratio: 16/1/16/1.000
             Policy (learning): monitoring (0)
Policy threshold/Perf accuracy: 0.00/10000000.00
   DynAIS levels/window/AVX512: 10/200/2
                      VAR path: /var/ear
           EAR privileged user: 0
                       EARL on: 1 
                  Max CPU freq: 2600000
-------------------------------------------------------
EAR initialized successfully.
[1/16]	I'm online..
[34m[tcn6][0][INFO] [0mWarning: Estimated power 210.83 W (DC vs CPU+GPU 1.00)
[34m[tcn6][0][INFO] [0mScope APP master 1 elapsed 0.000000
------------------------------------ Application Summary [tcn6] ------------------------------------
--- App id: hratio_l15 / user id: ovaneck2 / account: vusei12999 / job.step: 11500497.10.1922844 ---


(mpi_sig) Wall time: 1.042 s, nominal freq.: 2.60 GHz, avg. freq: 2.56 GHz, avg imc freq: 1.47 GHz
          Avg. mpi_time/exec_time 43.6 %

          tasks: 16

          CPI/TPI: 0.429/0.127, GB/s: 0.807, GFLOPS: 0.000, IO: 0.866 (MB/s)
          DC/DRAM/PCK power: 210.827/0.000/210.827 (W) GFlops/Watts 0.000


----------------------------------------------------------------------------------------------------
[2/16]	Finalized MPI..
[3/16]	Finalized MPI..
[10/16]	Finalized MPI..
[6/16]	Finalized MPI..
[15/16]	Finalized MPI..
[4/16]	Finalized MPI..
[7/16]	Finalized MPI..
[9/16]	Finalized MPI..
[12/16]	Finalized MPI..
[13/16]	Finalized MPI..
[5/16]	Finalized MPI..
[16/16]	Finalized MPI..
[1/16]	Finalized MPI..
[8/16]	Finalized MPI..
[11/16]	Finalized MPI..
[14/16]	Finalized MPI..
[EARL][tcn6][1923165] --- EARL INIT [PID: 1923165] [MASTER: 1] ---
[34m[tcn6][0][INFO] [0mK-medoids & roofline strategies not available. Loading default model for the classification
--- EARL loaded APIs ---
MGT_CPUFREQ: EARD
MGT_IMCFREQ: EARD
MGT_PRIO   : DUMMY
MET_CPUFREQ: EARD
MET_IMCFREQ: EARD
MET_ENERGY : EARD
MET_TEMP:    AMD17
MET_BWIDTH : EARD
MET_FLOPS  : PERF
MET_CPI    : PERF
MGT_GPU    : DUMMY
MET_GPU    : DUMMY
L1D: loaded (event PERF_L1D_MISS_LD) 
L2 : loaded (event L2_MISS_FROM_DC) (also in LBW)
L2 : loaded (event L2_MISS_FROM_PF1) (also in LBW)
L2 : loaded (event L2_MISS_FROM_PF2) (also in LBW)

------------------------
[15/16]	I'm online..
[8/16]	I'm online..
[11/16]	I'm online..
[12/16]	I'm online..
[16/16]	I'm online..
[6/16]	I'm online..
[13/16]	I'm online..
[9/16]	I'm online..
[10/16]	I'm online..
[14/16]	I'm online..
[5/16]	I'm online..
[7/16]	I'm online..
Mapping frequencies from 16 processes to 128 CPUs...
[4/16]	I'm online..
[2/16]	I'm online..
[3/16]	I'm online..
---------------- EAR 5.1 MPI enabled ----------------
                   App/user id: 'hratio_l15'/'ovaneck2'
    Node/job id/step_id/app_id: 'tcn6'/'11500497'/'11'/'1923165'
     P_STATE/frequency (turbo): 0/2600000 (0)
    Tasks/nodes/ppn/node_ratio: 16/1/16/1.000
             Policy (learning): monitoring (0)
Policy threshold/Perf accuracy: 0.00/10000000.00
   DynAIS levels/window/AVX512: 10/200/2
                      VAR path: /var/ear
           EAR privileged user: 0
                       EARL on: 1 
                  Max CPU freq: 2600000
-------------------------------------------------------
EAR initialized successfully.
[1/16]	I'm online..
[34m[tcn6][0][INFO] [0mScope APP master 1 elapsed 0.000000
------------------------------------ Application Summary [tcn6] ------------------------------------
--- App id: hratio_l15 / user id: ovaneck2 / account: vusei12999 / job.step: 11500497.11.1923165 ---


(mpi_sig) Wall time: 2.036 s, nominal freq.: 2.60 GHz, avg. freq: 2.56 GHz, avg imc freq: 1.47 GHz
          Avg. mpi_time/exec_time 34.1 %

          tasks: 16

          CPI/TPI: 0.449/0.056, GB/s: 0.299, GFLOPS: 0.000, IO: 0.719 (MB/s)
          DC/DRAM/PCK power: 144.893/0.000/204.258 (W) GFlops/Watts 0.000


----------------------------------------------------------------------------------------------------
[15/16]	Finalized MPI..
[12/16]	Finalized MPI..
[6/16]	Finalized MPI..
[2/16]	Finalized MPI..
[16/16]	Finalized MPI..
[11/16]	Finalized MPI..
[9/16]	Finalized MPI..
[14/16]	Finalized MPI..
[13/16]	Finalized MPI..
[3/16]	Finalized MPI..
[10/16]	Finalized MPI..
[5/16]	Finalized MPI..
[7/16]	Finalized MPI..
[8/16]	Finalized MPI..
[1/16]	Finalized MPI..
[4/16]	Finalized MPI..
[EARL][tcn6][1923429] --- EARL INIT [PID: 1923429] [MASTER: 1] ---
[34m[tcn6][0][INFO] [0mK-medoids & roofline strategies not available. Loading default model for the classification
--- EARL loaded APIs ---
MGT_CPUFREQ: EARD
MGT_IMCFREQ: EARD
MGT_PRIO   : DUMMY
MET_CPUFREQ: EARD
MET_IMCFREQ: EARD
MET_ENERGY : EARD
MET_TEMP:    AMD17
MET_BWIDTH : EARD
MET_FLOPS  : PERF
MET_CPI    : PERF
MGT_GPU    : DUMMY
MET_GPU    : DUMMY
L1D: loaded (event PERF_L1D_MISS_LD) 
L2 : loaded (event L2_MISS_FROM_DC) (also in LBW)
L2 : loaded (event L2_MISS_FROM_PF1) (also in LBW)
L2 : loaded (event L2_MISS_FROM_PF2) (also in LBW)

------------------------
Mapping frequencies from 16 processes to 128 CPUs...
[1/16]	I'm online..
[5/16]	I'm online..
[8/16]	I'm online..
[15/16]	I'm online..
[11/16]	I'm online..
[3/16]	I'm online..
[4/16]	I'm online..
[16/16]	I'm online..
[9/16]	I'm online..
[2/16]	I'm online..
[7/16]	I'm online..
[10/16]	I'm online..
[12/16]	I'm online..
[13/16]	I'm online..
[14/16]	I'm online..
---------------- EAR 5.1 MPI enabled ----------------
                   App/user id: 'hratio_l15'/'ovaneck2'
    Node/job id/step_id/app_id: 'tcn6'/'11500497'/'12'/'1923424'
     P_STATE/frequency (turbo): 0/2600000 (0)
    Tasks/nodes/ppn/node_ratio: 16/1/16/1.000
             Policy (learning): monitoring (0)
Policy threshold/Perf accuracy: 0.00/10000000.00
   DynAIS levels/window/AVX512: 10/200/2
                      VAR path: /var/ear
           EAR privileged user: 0
                       EARL on: 1 
                  Max CPU freq: 2600000
-------------------------------------------------------
EAR initialized successfully.
[6/16]	I'm online..
[34m[tcn6][0][INFO] [0mScope APP master 1 elapsed 0.000000
------------------------------------ Application Summary [tcn6] ------------------------------------
--- App id: hratio_l15 / user id: ovaneck2 / account: vusei12999 / job.step: 11500497.12.1923424 ---


(mpi_sig) Wall time: 3.486 s, nominal freq.: 2.60 GHz, avg. freq: 2.55 GHz, avg imc freq: 1.47 GHz
          Avg. mpi_time/exec_time 36.6 %

          tasks: 16

          CPI/TPI: 0.443/0.034, GB/s: 0.204, GFLOPS: 0.000, IO: 0.405 (MB/s)
          DC/DRAM/PCK power: 171.545/0.000/206.261 (W) GFlops/Watts 0.000


----------------------------------------------------------------------------------------------------
[4/16]	Finalized MPI..
[13/16]	Finalized MPI..
[2/16]	Finalized MPI..
[14/16]	Finalized MPI..
[7/16]	Finalized MPI..
[5/16]	Finalized MPI..
[6/16]	Finalized MPI..
[3/16]	Finalized MPI..
[10/16]	Finalized MPI..
[9/16]	Finalized MPI..
[1/16]	Finalized MPI..
[11/16]	Finalized MPI..
[12/16]	Finalized MPI..
[15/16]	Finalized MPI..
[16/16]	Finalized MPI..
[8/16]	Finalized MPI..
[EARL][tcn6][1923709] --- EARL INIT [PID: 1923709] [MASTER: 1] ---
[34m[tcn6][0][INFO] [0mK-medoids & roofline strategies not available. Loading default model for the classification
--- EARL loaded APIs ---
MGT_CPUFREQ: EARD
MGT_IMCFREQ: EARD
MGT_PRIO   : DUMMY
MET_CPUFREQ: EARD
MET_IMCFREQ: EARD
MET_ENERGY : EARD
MET_TEMP:    AMD17
MET_BWIDTH : EARD
MET_FLOPS  : PERF
MET_CPI    : PERF
MGT_GPU    : DUMMY
MET_GPU    : DUMMY
L1D: loaded (event PERF_L1D_MISS_LD) 
L2 : loaded (event L2_MISS_FROM_DC) (also in LBW)
L2 : loaded (event L2_MISS_FROM_PF1) (also in LBW)
L2 : loaded (event L2_MISS_FROM_PF2) (also in LBW)

------------------------
[7/16]	I'm online..
[8/16]	I'm online..
[12/16]	I'm online..
[3/16]	I'm online..
[10/16]	I'm online..
[11/16]	I'm online..
[15/16]	I'm online..
[16/16]	I'm online..
[4/16]	I'm online..
[13/16]	I'm online..
[14/16]	I'm online..
Mapping frequencies from 16 processes to 128 CPUs...
[9/16]	I'm online..
[2/16]	I'm online..
[1/16]	I'm online..
[5/16]	I'm online..
---------------- EAR 5.1 MPI enabled ----------------
                   App/user id: 'hratio_l15'/'ovaneck2'
    Node/job id/step_id/app_id: 'tcn6'/'11500497'/'13'/'1923704'
     P_STATE/frequency (turbo): 0/2600000 (0)
    Tasks/nodes/ppn/node_ratio: 16/1/16/1.000
             Policy (learning): monitoring (0)
Policy threshold/Perf accuracy: 0.00/10000000.00
   DynAIS levels/window/AVX512: 10/200/2
                      VAR path: /var/ear
           EAR privileged user: 0
                       EARL on: 1 
                  Max CPU freq: 2600000
-------------------------------------------------------
EAR initialized successfully.
[6/16]	I'm online..
[34m[tcn6][0][INFO] [0mScope APP master 1 elapsed 0.000000
------------------------------------ Application Summary [tcn6] ------------------------------------
--- App id: hratio_l15 / user id: ovaneck2 / account: vusei12999 / job.step: 11500497.13.1923704 ---


(mpi_sig) Wall time: 3.505 s, nominal freq.: 2.60 GHz, avg. freq: 2.55 GHz, avg imc freq: 1.47 GHz
          Avg. mpi_time/exec_time 17.3 %

          tasks: 16

          CPI/TPI: 0.482/0.034, GB/s: 0.162, GFLOPS: 0.000, IO: 0.258 (MB/s)
          DC/DRAM/PCK power: 257.349/0.000/205.028 (W) GFlops/Watts 0.000


----------------------------------------------------------------------------------------------------
[10/16]	Finalized MPI..
[9/16]	Finalized MPI..
[12/16]	Finalized MPI..
[8/16]	Finalized MPI..
[7/16]	Finalized MPI..
[11/16]	Finalized MPI..
[13/16]	Finalized MPI..
[2/16]	Finalized MPI..
[14/16]	Finalized MPI..
[16/16]	Finalized MPI..
[15/16]	Finalized MPI..
[5/16]	Finalized MPI..
[4/16]	Finalized MPI..
[6/16]	Finalized MPI..
[1/16]	Finalized MPI..
[3/16]	Finalized MPI..
[EARL][tcn6][1923980] --- EARL INIT [PID: 1923980] [MASTER: 1] ---
[34m[tcn6][0][INFO] [0mK-medoids & roofline strategies not available. Loading default model for the classification
--- EARL loaded APIs ---
MGT_CPUFREQ: EARD
MGT_IMCFREQ: EARD
MGT_PRIO   : DUMMY
MET_CPUFREQ: EARD
MET_IMCFREQ: EARD
MET_ENERGY : EARD
MET_TEMP:    AMD17
MET_BWIDTH : EARD
MET_FLOPS  : PERF
MET_CPI    : PERF
MGT_GPU    : DUMMY
MET_GPU    : DUMMY
L1D: loaded (event PERF_L1D_MISS_LD) 
L2 : loaded (event L2_MISS_FROM_DC) (also in LBW)
L2 : loaded (event L2_MISS_FROM_PF1) (also in LBW)
L2 : loaded (event L2_MISS_FROM_PF2) (also in LBW)

------------------------
Mapping frequencies from 16 processes to 128 CPUs...
[4/16]	I'm online..
[7/16]	I'm online..
[8/16]	I'm online..
[11/16]	I'm online..
[12/16]	I'm online..
[13/16]	I'm online..
[14/16]	I'm online..
[15/16]	I'm online..
[16/16]	I'm online..
[3/16]	I'm online..
[9/16]	I'm online..
[10/16]	I'm online..
[2/16]	I'm online..
[5/16]	I'm online..
[1/16]	I'm online..
---------------- EAR 5.1 MPI enabled ----------------
                   App/user id: 'hratio_l15'/'ovaneck2'
    Node/job id/step_id/app_id: 'tcn6'/'11500497'/'14'/'1923975'
     P_STATE/frequency (turbo): 0/2600000 (0)
    Tasks/nodes/ppn/node_ratio: 16/1/16/1.000
             Policy (learning): monitoring (0)
Policy threshold/Perf accuracy: 0.00/10000000.00
   DynAIS levels/window/AVX512: 10/200/2
                      VAR path: /var/ear
           EAR privileged user: 0
                       EARL on: 1 
                  Max CPU freq: 2600000
-------------------------------------------------------
EAR initialized successfully.
[6/16]	I'm online..
[34m[tcn6][0][INFO] [0mScope APP master 1 elapsed 0.000000
------------------------------------ Application Summary [tcn6] ------------------------------------
--- App id: hratio_l15 / user id: ovaneck2 / account: vusei12999 / job.step: 11500497.14.1923975 ---


(mpi_sig) Wall time: 4.049 s, nominal freq.: 2.60 GHz, avg. freq: 2.55 GHz, avg imc freq: 1.47 GHz
          Avg. mpi_time/exec_time 21.4 %

          tasks: 16

          CPI/TPI: 0.472/0.030, GB/s: 0.154, GFLOPS: 0.000, IO: 0.247 (MB/s)
          DC/DRAM/PCK power: 224.008/0.000/205.691 (W) GFlops/Watts 0.000


----------------------------------------------------------------------------------------------------
[4/16]	Finalized MPI..
[12/16]	Finalized MPI..
[5/16]	Finalized MPI..
[11/16]	Finalized MPI..
[15/16]	Finalized MPI..
[16/16]	Finalized MPI..
[8/16]	Finalized MPI..
[10/16]	Finalized MPI..
[3/16]	Finalized MPI..
[13/16]	Finalized MPI..
[14/16]	Finalized MPI..
[9/16]	Finalized MPI..
[7/16]	Finalized MPI..
[6/16]	Finalized MPI..
[1/16]	Finalized MPI..
[2/16]	Finalized MPI..
[EARL][tcn6][1924245] --- EARL INIT [PID: 1924245] [MASTER: 1] ---
[34m[tcn6][0][INFO] [0mK-medoids & roofline strategies not available. Loading default model for the classification
--- EARL loaded APIs ---
MGT_CPUFREQ: EARD
MGT_IMCFREQ: EARD
MGT_PRIO   : DUMMY
MET_CPUFREQ: EARD
MET_IMCFREQ: EARD
MET_ENERGY : EARD
MET_TEMP:    AMD17
MET_BWIDTH : EARD
MET_FLOPS  : PERF
MET_CPI    : PERF
MGT_GPU    : DUMMY
MET_GPU    : DUMMY
L1D: loaded (event PERF_L1D_MISS_LD) 
L2 : loaded (event L2_MISS_FROM_DC) (also in LBW)
L2 : loaded (event L2_MISS_FROM_PF1) (also in LBW)
L2 : loaded (event L2_MISS_FROM_PF2) (also in LBW)

------------------------
Mapping frequencies from 16 processes to 128 CPUs...
[9/16]	I'm online..
[1/16]	I'm online..
[13/16]	I'm online..
[14/16]	I'm online..
[16/16]	I'm online..
[3/16]	I'm online..
[10/16]	I'm online..
[7/16]	I'm online..
[8/16]	I'm online..
[15/16]	I'm online..
[2/16]	I'm online..
[4/16]	I'm online..
[11/16]	I'm online..
[12/16]	I'm online..
[5/16]	I'm online..
---------------- EAR 5.1 MPI enabled ----------------
                   App/user id: 'hratio_l15'/'ovaneck2'
    Node/job id/step_id/app_id: 'tcn6'/'11500497'/'15'/'1924240'
     P_STATE/frequency (turbo): 0/2600000 (0)
    Tasks/nodes/ppn/node_ratio: 16/1/16/1.000
             Policy (learning): monitoring (0)
Policy threshold/Perf accuracy: 0.00/10000000.00
   DynAIS levels/window/AVX512: 10/200/2
                      VAR path: /var/ear
           EAR privileged user: 0
                       EARL on: 1 
                  Max CPU freq: 2600000
-------------------------------------------------------
EAR initialized successfully.
[6/16]	I'm online..
[34m[tcn6][0][INFO] [0mScope APP master 1 elapsed 0.000000
------------------------------------ Application Summary [tcn6] ------------------------------------
--- App id: hratio_l15 / user id: ovaneck2 / account: vusei12999 / job.step: 11500497.15.1924240 ---


(mpi_sig) Wall time: 4.523 s, nominal freq.: 2.60 GHz, avg. freq: 2.55 GHz, avg imc freq: 1.47 GHz
          Avg. mpi_time/exec_time 16.4 %

          tasks: 16

          CPI/TPI: 0.484/0.034, GB/s: 0.171, GFLOPS: 0.000, IO: 0.199 (MB/s)
          DC/DRAM/PCK power: 201.638/0.000/205.341 (W) GFlops/Watts 0.000


----------------------------------------------------------------------------------------------------
[9/16]	Finalized MPI..
[6/16]	Finalized MPI..
[1/16]	Finalized MPI..
[14/16]	Finalized MPI..
[2/16]	Finalized MPI..
[16/16]	Finalized MPI..
[11/16]	Finalized MPI..
[13/16]	Finalized MPI..
[3/16]	Finalized MPI..
[10/16]	Finalized MPI..
[4/16]	Finalized MPI..
[12/16]	Finalized MPI..
[15/16]	Finalized MPI..
[7/16]	Finalized MPI..
[8/16]	Finalized MPI..
[5/16]	Finalized MPI..
