Job folder (/var/ear/1894117800) doesn't exist (No such file or directory), creating it...
Job folder (/var/ear/1894117800) doesn't exist (No such file or directory), creating it...
Job folder (/var/ear/1894117800) doesn't exist (No such file or directory), creating it...
Job folder (/var/ear/1894117800) doesn't exist (No such file or directory), creating it...
Job folder (/var/ear/1894117800) doesn't exist (No such file or directory), creating it...
Job folder (/var/ear/1894117800) doesn't exist (No such file or directory), creating it...
[EARL][tcn231][836304] --- EARL INIT [PID: 836304] [MASTER: 1] ---
tcn231:some EARD is not running (connected nodes 0 expected 1)

[34m[tcn231][0][INFO] [0mK-medoids & roofline strategies not available. Loading default model for the classification
--- EARL loaded APIs ---
MGT_CPUFREQ: DUMMY
MGT_IMCFREQ: DUMMY
MGT_PRIO   : DUMMY
MET_CPUFREQ: DUMMY
MET_IMCFREQ: DUMMY
MET_ENERGY : CPUMODEL
MET_TEMP:    AMD17
MET_BWIDTH : DUMMY
MET_FLOPS  : PERF
MET_CPI    : PERF
MGT_GPU    : DUMMY
MET_GPU    : DUMMY
L1D: loaded (event PERF_L1D_MISS_LD) 
L2 : loaded (event L2_MISS_FROM_DC) (also in LBW)
L2 : loaded (event L2_MISS_FROM_PF1) (also in LBW)
L2 : loaded (event L2_MISS_FROM_PF2) (also in LBW)

------------------------
Mapping frequencies from 7 processes to 128 CPUs...
[5/7]	I'm online..
Error in reports API load 
Error in reports API initialization 
---------------- EAR 5.2 MPI enabled ----------------
                   App/user id: 'hratio_solve_remaining_l10'/'ovaneck2'
    Node/job id/step_id/app_id: 'tcn231'/'18941178'/'0'/'836304'
     P_STATE/frequency (turbo): 0/2600000 (0)
    Tasks/nodes/ppn/node_ratio: 7/1/7/1.000
             Policy (learning): monitoring (0)
Policy threshold/Perf accuracy: 0.00/10000000.00
   DynAIS levels/window/AVX512: 10/200/2
                      VAR path: /var/ear
           EAR privileged user: 1
                       EARL on: 1 
                  Max CPU freq: 2600000
-------------------------------------------------------
EAR initialized successfully.
[2/7]	I'm online..
[4/7]	I'm online..
[3/7]	I'm online..
[7/7]	I'm online..
[6/7]	I'm online..
[1/7]	I'm online..
[5/7]	Finished my work in:	0.006819 us.
[1/7]	Finished my work in:	0.006923 us.
[4/7]	Finished my work in:	0.007216 us.
[7/7]	Finished my work in:	0.007406 us.
[3/7]	Finished my work in:	0.007606 us.
[2/7]	Finished my work in:	0.008444 us.
[6/7]	Finished my work in:	0.009376 us.
[34m[tcn231][0][INFO] [0mWarning: Estimated power 0.00 W (DC vs CPU+GPU 1.00)
[34m[tcn231][0][INFO] [0mScope APP master 1 elapsed 0.000000
------------------------------------------ Application Summary [tcn231] ------------------------------------------
--- App id: hratio_solve_remaining_l10 / user id: ovaneck2 / account: vusei12999 / job.step: 18941178.0.836304 ---


(Appl. sign.) Wall time: 0.017 s, CPU util.: 372 %, nominal freq.: 2.60 GHz, avg. freq: 0.00 GHz, avg imc freq: 0.00 GHz
              Avg. mpi_time/exec_time 0.0 %

              tasks: 7

              CPI/TPI: 0.445/0.167, GB/s: 0.207, GFLOPS: 0.000, IO: 6.186 (MB/s)
              DC/DRAM/PCK power: 0.000/0.000/0.000 (W) GFlops/Watts inf


------------------------------------------------------------------------------------------------------------------
[7/7]	Finalized MPI..
[6/7]	Finalized MPI..
[5/7]	Finalized MPI..
[3/7]	Finalized MPI..
[4/7]	Finalized MPI..
[2/7]	Finalized MPI..
[1/7]	Finalized MPI..
[1/7]	Merging results..
[1/7]	Writing results to:	/home/ovaneck2/ComplexityContesters/paper_PF_hardness/jobs/hratio_solve_remaining_l10_results/dfs_bnb.csv
