[EARL][tcn6][1916418] --- EARL INIT [PID: 1916418] [MASTER: 1] ---
[34m[tcn6][0][INFO] [0mK-medoids & roofline strategies not available. Loading default model for the classification
--- EARL loaded APIs ---
MGT_CPUFREQ: EARD
MGT_IMCFREQ: EARD
MGT_PRIO   : DUMMY
MET_CPUFREQ: EARD
MET_IMCFREQ: EARD
MET_ENERGY : EARD
MET_TEMP:    AMD17
MET_BWIDTH : EARD
MET_FLOPS  : PERF
MET_CPI    : PERF
MGT_GPU    : DUMMY
MET_GPU    : DUMMY
L1D: loaded (event PERF_L1D_MISS_LD) 
L2 : loaded (event L2_MISS_FROM_DC) (also in LBW)
L2 : loaded (event L2_MISS_FROM_PF1) (also in LBW)
L2 : loaded (event L2_MISS_FROM_PF2) (also in LBW)

------------------------
Mapping frequencies from 16 processes to 128 CPUs...
[5/16]	I'm online..
[6/16]	I'm online..
[3/16]	I'm online..
[4/16]	I'm online..
[8/16]	I'm online..
[9/16]	I'm online..
[13/16]	I'm online..
[14/16]	I'm online..
[7/16]	I'm online..
[10/16]	I'm online..
[11/16]	I'm online..
[12/16]	I'm online..
[15/16]	I'm online..
[16/16]	I'm online..
[2/16]	I'm online..
---------------- EAR 5.1 MPI enabled ----------------
                   App/user id: 'hratio_l10'/'ovaneck2'
    Node/job id/step_id/app_id: 'tcn6'/'11500281'/'0'/'1916418'
     P_STATE/frequency (turbo): 0/2600000 (0)
    Tasks/nodes/ppn/node_ratio: 16/1/16/1.000
             Policy (learning): monitoring (0)
Policy threshold/Perf accuracy: 0.00/10000000.00
   DynAIS levels/window/AVX512: 10/200/2
                      VAR path: /var/ear
           EAR privileged user: 0
                       EARL on: 1 
                  Max CPU freq: 2600000
-------------------------------------------------------
EAR initialized successfully.
[1/16]	I'm online..
[34m[tcn6][0][INFO] [0mWarning: Estimated power 157.20 W (DC vs CPU+GPU 1.00)
[34m[tcn6][0][INFO] [0mScope APP master 1 elapsed 0.000000
------------------------------------ Application Summary [tcn6] ------------------------------------
--- App id: hratio_l10 / user id: ovaneck2 / account: vusei12999 / job.step: 11500281.0.1916418 ---


(mpi_sig) Wall time: 0.044 s, nominal freq.: 2.60 GHz, avg. freq: 2.57 GHz, avg imc freq: 1.47 GHz
          Avg. mpi_time/exec_time 49.1 %

          tasks: 16

          CPI/TPI: 0.423/16.724, GB/s: 2.248, GFLOPS: 0.000, IO: 3.650 (MB/s)
          DC/DRAM/PCK power: 157.182/0.000/157.199 (W) GFlops/Watts 0.000


----------------------------------------------------------------------------------------------------
[13/16]	Finalized MPI..
[4/16]	Finalized MPI..
[14/16]	Finalized MPI..
[10/16]	Finalized MPI..
[8/16]	Finalized MPI..
[9/16]	Finalized MPI..
[3/16]	Finalized MPI..
[6/16]	Finalized MPI..
[12/16]	Finalized MPI..
[2/16]	Finalized MPI..
[11/16]	Finalized MPI..
[16/16]	Finalized MPI..
[5/16]	Finalized MPI..
[7/16]	Finalized MPI..
[15/16]	Finalized MPI..
[1/16]	Finalized MPI..
[EARL][tcn6][1916789] --- EARL INIT [PID: 1916789] [MASTER: 1] ---
[34m[tcn6][0][INFO] [0mK-medoids & roofline strategies not available. Loading default model for the classification
--- EARL loaded APIs ---
MGT_CPUFREQ: EARD
MGT_IMCFREQ: EARD
MGT_PRIO   : DUMMY
MET_CPUFREQ: EARD
MET_IMCFREQ: EARD
MET_ENERGY : EARD
MET_TEMP:    AMD17
MET_BWIDTH : EARD
MET_FLOPS  : PERF
MET_CPI    : PERF
MGT_GPU    : DUMMY
MET_GPU    : DUMMY
L1D: loaded (event PERF_L1D_MISS_LD) 
L2 : loaded (event L2_MISS_FROM_DC) (also in LBW)
L2 : loaded (event L2_MISS_FROM_PF1) (also in LBW)
L2 : loaded (event L2_MISS_FROM_PF2) (also in LBW)

------------------------
Mapping frequencies from 16 processes to 128 CPUs...
[2/16]	I'm online..
[9/16]	I'm online..
[10/16]	I'm online..
[8/16]	I'm online..
[11/16]	I'm online..
[13/16]	I'm online..
[15/16]	I'm online..
[5/16]	I'm online..
[12/16]	I'm online..
[7/16]	I'm online..
[16/16]	I'm online..
[14/16]	I'm online..
[6/16]	I'm online..
[3/16]	I'm online..
[4/16]	I'm online..
---------------- EAR 5.1 MPI enabled ----------------
                   App/user id: 'hratio_l10'/'ovaneck2'
    Node/job id/step_id/app_id: 'tcn6'/'11500281'/'1'/'1916789'
     P_STATE/frequency (turbo): 0/2600000 (0)
    Tasks/nodes/ppn/node_ratio: 16/1/16/1.000
             Policy (learning): monitoring (0)
Policy threshold/Perf accuracy: 0.00/10000000.00
   DynAIS levels/window/AVX512: 10/200/2
                      VAR path: /var/ear
           EAR privileged user: 0
                       EARL on: 1 
                  Max CPU freq: 2600000
-------------------------------------------------------
EAR initialized successfully.
[1/16]	I'm online..
[34m[tcn6][0][INFO] [0mWarning: Estimated power 160.90 W (DC vs CPU+GPU 1.00)
[34m[tcn6][0][INFO] [0mScope APP master 1 elapsed 0.000000
------------------------------------ Application Summary [tcn6] ------------------------------------
--- App id: hratio_l10 / user id: ovaneck2 / account: vusei12999 / job.step: 11500281.1.1916789 ---


(mpi_sig) Wall time: 0.041 s, nominal freq.: 2.60 GHz, avg. freq: 2.58 GHz, avg imc freq: 1.47 GHz
          Avg. mpi_time/exec_time 54.7 %

          tasks: 16

          CPI/TPI: 0.419/24.486, GB/s: 2.073, GFLOPS: 0.000, IO: 3.463 (MB/s)
          DC/DRAM/PCK power: 160.882/0.000/160.898 (W) GFlops/Watts 0.000


----------------------------------------------------------------------------------------------------
[4/16]	Finalized MPI..
[6/16]	Finalized MPI..
[13/16]	Finalized MPI..
[16/16]	Finalized MPI..
[3/16]	Finalized MPI..
[15/16]	Finalized MPI..
[12/16]	Finalized MPI..
[8/16]	Finalized MPI..
[10/16]	Finalized MPI..
[7/16]	Finalized MPI..
[5/16]	Finalized MPI..
[9/16]	Finalized MPI..
[11/16]	Finalized MPI..
[14/16]	Finalized MPI..
[2/16]	Finalized MPI..
[1/16]	Finalized MPI..
[EARL][tcn6][1917056] --- EARL INIT [PID: 1917056] [MASTER: 1] ---
[34m[tcn6][0][INFO] [0mK-medoids & roofline strategies not available. Loading default model for the classification
--- EARL loaded APIs ---
MGT_CPUFREQ: EARD
MGT_IMCFREQ: EARD
MGT_PRIO   : DUMMY
MET_CPUFREQ: EARD
MET_IMCFREQ: EARD
MET_ENERGY : EARD
MET_TEMP:    AMD17
MET_BWIDTH : EARD
MET_FLOPS  : PERF
MET_CPI    : PERF
MGT_GPU    : DUMMY
MET_GPU    : DUMMY
L1D: loaded (event PERF_L1D_MISS_LD) 
L2 : loaded (event L2_MISS_FROM_DC) (also in LBW)
L2 : loaded (event L2_MISS_FROM_PF1) (also in LBW)
L2 : loaded (event L2_MISS_FROM_PF2) (also in LBW)

------------------------
Mapping frequencies from 16 processes to 128 CPUs...
[8/16]	I'm online..
[5/16]	I'm online..
[15/16]	I'm online..
[16/16]	I'm online..
[2/16]	I'm online..
[12/16]	I'm online..
[9/16]	I'm online..
[10/16]	I'm online..
[7/16]	I'm online..
[11/16]	I'm online..
[3/16]	I'm online..
[4/16]	I'm online..
[1/16]	I'm online..
[13/16]	I'm online..
[14/16]	I'm online..
---------------- EAR 5.1 MPI enabled ----------------
                   App/user id: 'hratio_l10'/'ovaneck2'
    Node/job id/step_id/app_id: 'tcn6'/'11500281'/'2'/'1917051'
     P_STATE/frequency (turbo): 0/2600000 (0)
    Tasks/nodes/ppn/node_ratio: 16/1/16/1.000
             Policy (learning): monitoring (0)
Policy threshold/Perf accuracy: 0.00/10000000.00
   DynAIS levels/window/AVX512: 10/200/2
                      VAR path: /var/ear
           EAR privileged user: 0
                       EARL on: 1 
                  Max CPU freq: 2600000
-------------------------------------------------------
EAR initialized successfully.
[6/16]	I'm online..
[34m[tcn6][0][INFO] [0mWarning: Estimated power 160.94 W (DC vs CPU+GPU 1.00)
[34m[tcn6][0][INFO] [0mScope APP master 1 elapsed 0.000000
------------------------------------ Application Summary [tcn6] ------------------------------------
--- App id: hratio_l10 / user id: ovaneck2 / account: vusei12999 / job.step: 11500281.2.1917051 ---


(mpi_sig) Wall time: 0.043 s, nominal freq.: 2.60 GHz, avg. freq: 2.57 GHz, avg imc freq: 1.47 GHz
          Avg. mpi_time/exec_time 47.5 %

          tasks: 16

          CPI/TPI: 0.405/8.984, GB/s: 2.003, GFLOPS: 0.000, IO: 3.737 (MB/s)
          DC/DRAM/PCK power: 160.930/0.000/160.939 (W) GFlops/Watts 0.000


----------------------------------------------------------------------------------------------------
[8/16]	Finalized MPI..
[3/16]	Finalized MPI..
[7/16]	Finalized MPI..
[14/16]	Finalized MPI..
[12/16]	Finalized MPI..
[6/16]	Finalized MPI..
[11/16]	Finalized MPI..
[5/16]	Finalized MPI..
[1/16]	Finalized MPI..
[10/16]	Finalized MPI..
[15/16]	Finalized MPI..
[4/16]	Finalized MPI..
[16/16]	Finalized MPI..
[9/16]	Finalized MPI..
[2/16]	Finalized MPI..
[13/16]	Finalized MPI..
[EARL][tcn6][1917323] --- EARL INIT [PID: 1917323] [MASTER: 1] ---
[34m[tcn6][0][INFO] [0mK-medoids & roofline strategies not available. Loading default model for the classification
--- EARL loaded APIs ---
MGT_CPUFREQ: EARD
MGT_IMCFREQ: EARD
MGT_PRIO   : DUMMY
MET_CPUFREQ: EARD
MET_IMCFREQ: EARD
MET_ENERGY : EARD
MET_TEMP:    AMD17
MET_BWIDTH : EARD
MET_FLOPS  : PERF
MET_CPI    : PERF
MGT_GPU    : DUMMY
MET_GPU    : DUMMY
L1D: loaded (event PERF_L1D_MISS_LD) 
L2 : loaded (event L2_MISS_FROM_DC) (also in LBW)
L2 : loaded (event L2_MISS_FROM_PF1) (also in LBW)
L2 : loaded (event L2_MISS_FROM_PF2) (also in LBW)

------------------------
Mapping frequencies from 16 processes to 128 CPUs...
[10/16]	I'm online..
[5/16]	I'm online..
[7/16]	I'm online..
[14/16]	I'm online..
[15/16]	I'm online..
[16/16]	I'm online..
[8/16]	I'm online..
[2/16]	I'm online..
[13/16]	I'm online..
[9/16]	I'm online..
[11/16]	I'm online..
[12/16]	I'm online..
[1/16]	I'm online..
[3/16]	I'm online..
[4/16]	I'm online..
---------------- EAR 5.1 MPI enabled ----------------
                   App/user id: 'hratio_l10'/'ovaneck2'
    Node/job id/step_id/app_id: 'tcn6'/'11500281'/'3'/'1917318'
     P_STATE/frequency (turbo): 0/2600000 (0)
    Tasks/nodes/ppn/node_ratio: 16/1/16/1.000
             Policy (learning): monitoring (0)
Policy threshold/Perf accuracy: 0.00/10000000.00
   DynAIS levels/window/AVX512: 10/200/2
                      VAR path: /var/ear
           EAR privileged user: 0
                       EARL on: 1 
                  Max CPU freq: 2600000
-------------------------------------------------------
EAR initialized successfully.
[6/16]	I'm online..
[34m[tcn6][0][INFO] [0mWarning: Estimated power 157.43 W (DC vs CPU+GPU 1.00)
[34m[tcn6][0][INFO] [0mScope APP master 1 elapsed 0.000000
------------------------------------ Application Summary [tcn6] ------------------------------------
--- App id: hratio_l10 / user id: ovaneck2 / account: vusei12999 / job.step: 11500281.3.1917318 ---


(mpi_sig) Wall time: 0.043 s, nominal freq.: 2.60 GHz, avg. freq: 2.57 GHz, avg imc freq: 1.47 GHz
          Avg. mpi_time/exec_time 53.0 %

          tasks: 16

          CPI/TPI: 0.441/10.727, GB/s: 1.887, GFLOPS: 0.000, IO: 3.692 (MB/s)
          DC/DRAM/PCK power: 157.422/0.000/157.425 (W) GFlops/Watts 0.000


----------------------------------------------------------------------------------------------------
[12/16]	Finalized MPI..
[9/16]	Finalized MPI..
[10/16]	Finalized MPI..
[2/16]	Finalized MPI..
[6/16]	Finalized MPI..
[5/16]	Finalized MPI..
[11/16]	Finalized MPI..
[3/16]	Finalized MPI..
[13/16]	Finalized MPI..
[14/16]	Finalized MPI..
[8/16]	Finalized MPI..
[16/16]	Finalized MPI..
[4/16]	Finalized MPI..
[1/16]	Finalized MPI..
[15/16]	Finalized MPI..
[7/16]	Finalized MPI..
[EARL][tcn6][1917644] --- EARL INIT [PID: 1917644] [MASTER: 1] ---
[34m[tcn6][0][INFO] [0mK-medoids & roofline strategies not available. Loading default model for the classification
--- EARL loaded APIs ---
MGT_CPUFREQ: EARD
MGT_IMCFREQ: EARD
MGT_PRIO   : DUMMY
MET_CPUFREQ: EARD
MET_IMCFREQ: EARD
MET_ENERGY : EARD
MET_TEMP:    AMD17
MET_BWIDTH : EARD
MET_FLOPS  : PERF
MET_CPI    : PERF
MGT_GPU    : DUMMY
MET_GPU    : DUMMY
L1D: loaded (event PERF_L1D_MISS_LD) 
L2 : loaded (event L2_MISS_FROM_DC) (also in LBW)
L2 : loaded (event L2_MISS_FROM_PF1) (also in LBW)
L2 : loaded (event L2_MISS_FROM_PF2) (also in LBW)

------------------------
Mapping frequencies from 16 processes to 128 CPUs...
[4/16]	I'm online..
[15/16]	I'm online..
[16/16]	I'm online..
[10/16]	I'm online..
[9/16]	I'm online..
[14/16]	I'm online..
[11/16]	I'm online..
[2/16]	I'm online..
[3/16]	I'm online..
[12/16]	I'm online..
[13/16]	I'm online..
[1/16]	I'm online..
[5/16]	I'm online..
[8/16]	I'm online..
[7/16]	I'm online..
---------------- EAR 5.1 MPI enabled ----------------
                   App/user id: 'hratio_l10'/'ovaneck2'
    Node/job id/step_id/app_id: 'tcn6'/'11500281'/'4'/'1917639'
     P_STATE/frequency (turbo): 0/2600000 (0)
    Tasks/nodes/ppn/node_ratio: 16/1/16/1.000
             Policy (learning): monitoring (0)
Policy threshold/Perf accuracy: 0.00/10000000.00
   DynAIS levels/window/AVX512: 10/200/2
                      VAR path: /var/ear
           EAR privileged user: 0
                       EARL on: 1 
                  Max CPU freq: 2600000
-------------------------------------------------------
EAR initialized successfully.
[6/16]	I'm online..
[34m[tcn6][0][INFO] [0mWarning: Estimated power 160.34 W (DC vs CPU+GPU 1.00)
[34m[tcn6][0][INFO] [0mScope APP master 1 elapsed 0.000000
------------------------------------ Application Summary [tcn6] ------------------------------------
--- App id: hratio_l10 / user id: ovaneck2 / account: vusei12999 / job.step: 11500281.4.1917639 ---


(mpi_sig) Wall time: 0.042 s, nominal freq.: 2.60 GHz, avg. freq: 2.57 GHz, avg imc freq: 1.47 GHz
          Avg. mpi_time/exec_time 55.1 %

          tasks: 16

          CPI/TPI: 0.404/7.386, GB/s: 2.089, GFLOPS: 0.000, IO: 4.684 (MB/s)
          DC/DRAM/PCK power: 160.333/0.000/160.335 (W) GFlops/Watts 0.000


----------------------------------------------------------------------------------------------------
[5/16]	Finalized MPI..
[8/16]	Finalized MPI..
[11/16]	Finalized MPI..
[7/16]	Finalized MPI..
[4/16]	Finalized MPI..
[13/16]	Finalized MPI..
[9/16]	Finalized MPI..
[16/16]	Finalized MPI..
[15/16]	Finalized MPI..
[10/16]	Finalized MPI..
[14/16]	Finalized MPI..
[6/16]	Finalized MPI..
[12/16]	Finalized MPI..
[3/16]	Finalized MPI..
[1/16]	Finalized MPI..
[2/16]	Finalized MPI..
[EARL][tcn6][1917906] --- EARL INIT [PID: 1917906] [MASTER: 1] ---
[34m[tcn6][0][INFO] [0mK-medoids & roofline strategies not available. Loading default model for the classification
--- EARL loaded APIs ---
MGT_CPUFREQ: EARD
MGT_IMCFREQ: EARD
MGT_PRIO   : DUMMY
MET_CPUFREQ: EARD
MET_IMCFREQ: EARD
MET_ENERGY : EARD
MET_TEMP:    AMD17
MET_BWIDTH : EARD
MET_FLOPS  : PERF
MET_CPI    : PERF
MGT_GPU    : DUMMY
MET_GPU    : DUMMY
L1D: loaded (event PERF_L1D_MISS_LD) 
L2 : loaded (event L2_MISS_FROM_DC) (also in LBW)
L2 : loaded (event L2_MISS_FROM_PF1) (also in LBW)
L2 : loaded (event L2_MISS_FROM_PF2) (also in LBW)

------------------------
Mapping frequencies from 16 processes to 128 CPUs...
[1/16]	I'm online..
[11/16]	I'm online..
[15/16]	I'm online..
[7/16]	I'm online..
[13/16]	I'm online..
[14/16]	I'm online..
[2/16]	I'm online..
[10/16]	I'm online..
[9/16]	I'm online..
[8/16]	I'm online..
[12/16]	I'm online..
[16/16]	I'm online..
[3/16]	I'm online..
[4/16]	I'm online..
[5/16]	I'm online..
---------------- EAR 5.1 MPI enabled ----------------
                   App/user id: 'hratio_l10'/'ovaneck2'
    Node/job id/step_id/app_id: 'tcn6'/'11500281'/'5'/'1917901'
     P_STATE/frequency (turbo): 0/2600000 (0)
    Tasks/nodes/ppn/node_ratio: 16/1/16/1.000
             Policy (learning): monitoring (0)
Policy threshold/Perf accuracy: 0.00/10000000.00
   DynAIS levels/window/AVX512: 10/200/2
                      VAR path: /var/ear
           EAR privileged user: 0
                       EARL on: 1 
                  Max CPU freq: 2600000
-------------------------------------------------------
EAR initialized successfully.
[6/16]	I'm online..
[34m[tcn6][0][INFO] [0mWarning: Estimated power 161.21 W (DC vs CPU+GPU 1.00)
[34m[tcn6][0][INFO] [0mScope APP master 1 elapsed 0.000000
------------------------------------ Application Summary [tcn6] ------------------------------------
--- App id: hratio_l10 / user id: ovaneck2 / account: vusei12999 / job.step: 11500281.5.1917901 ---


(mpi_sig) Wall time: 0.047 s, nominal freq.: 2.60 GHz, avg. freq: 2.57 GHz, avg imc freq: 1.47 GHz
          Avg. mpi_time/exec_time 52.0 %

          tasks: 16

          CPI/TPI: 0.445/2.948, GB/s: 1.692, GFLOPS: 0.000, IO: 5.221 (MB/s)
          DC/DRAM/PCK power: 161.195/0.000/161.207 (W) GFlops/Watts 0.000


----------------------------------------------------------------------------------------------------
[14/16]	Finalized MPI..
[9/16]	Finalized MPI..
[13/16]	Finalized MPI..
[16/16]	Finalized MPI..
[5/16]	Finalized MPI..
[6/16]	Finalized MPI..
[12/16]	Finalized MPI..
[8/16]	Finalized MPI..
[4/16]	Finalized MPI..
[7/16]	Finalized MPI..
[15/16]	Finalized MPI..
[11/16]	Finalized MPI..
[3/16]	Finalized MPI..
[10/16]	Finalized MPI..
[2/16]	Finalized MPI..
[1/16]	Finalized MPI..
[EARL][tcn6][1918162] --- EARL INIT [PID: 1918162] [MASTER: 1] ---
[34m[tcn6][0][INFO] [0mK-medoids & roofline strategies not available. Loading default model for the classification
--- EARL loaded APIs ---
MGT_CPUFREQ: EARD
MGT_IMCFREQ: EARD
MGT_PRIO   : DUMMY
MET_CPUFREQ: EARD
MET_IMCFREQ: EARD
MET_ENERGY : EARD
MET_TEMP:    AMD17
MET_BWIDTH : EARD
MET_FLOPS  : PERF
MET_CPI    : PERF
MGT_GPU    : DUMMY
MET_GPU    : DUMMY
L1D: loaded (event PERF_L1D_MISS_LD) 
L2 : loaded (event L2_MISS_FROM_DC) (also in LBW)
L2 : loaded (event L2_MISS_FROM_PF1) (also in LBW)
L2 : loaded (event L2_MISS_FROM_PF2) (also in LBW)

------------------------
Mapping frequencies from 16 processes to 128 CPUs...
[6/16]	I'm online..
[2/16]	I'm online..
[14/16]	I'm online..
[7/16]	I'm online..
[13/16]	I'm online..
[15/16]	I'm online..
[16/16]	I'm online..
[12/16]	I'm online..
[9/16]	I'm online..
[8/16]	I'm online..
[11/16]	I'm online..
[10/16]	I'm online..
[5/16]	I'm online..
[3/16]	I'm online..
[4/16]	I'm online..
---------------- EAR 5.1 MPI enabled ----------------
                   App/user id: 'hratio_l10'/'ovaneck2'
    Node/job id/step_id/app_id: 'tcn6'/'11500281'/'6'/'1918162'
     P_STATE/frequency (turbo): 0/2600000 (0)
    Tasks/nodes/ppn/node_ratio: 16/1/16/1.000
             Policy (learning): monitoring (0)
Policy threshold/Perf accuracy: 0.00/10000000.00
   DynAIS levels/window/AVX512: 10/200/2
                      VAR path: /var/ear
           EAR privileged user: 0
                       EARL on: 1 
                  Max CPU freq: 2600000
-------------------------------------------------------
EAR initialized successfully.
[1/16]	I'm online..
[34m[tcn6][0][INFO] [0mWarning: Estimated power 166.34 W (DC vs CPU+GPU 1.00)
[34m[tcn6][0][INFO] [0mScope APP master 1 elapsed 0.000000
------------------------------------ Application Summary [tcn6] ------------------------------------
--- App id: hratio_l10 / user id: ovaneck2 / account: vusei12999 / job.step: 11500281.6.1918162 ---


(mpi_sig) Wall time: 0.057 s, nominal freq.: 2.60 GHz, avg. freq: 2.57 GHz, avg imc freq: 1.47 GHz
          Avg. mpi_time/exec_time 39.5 %

          tasks: 16

          CPI/TPI: 0.449/1.793, GB/s: 1.761, GFLOPS: 0.000, IO: 4.856 (MB/s)
          DC/DRAM/PCK power: 166.333/0.000/166.340 (W) GFlops/Watts 0.000


----------------------------------------------------------------------------------------------------
[15/16]	Finalized MPI..
[12/16]	Finalized MPI..
[5/16]	Finalized MPI..
[13/16]	Finalized MPI..
[8/16]	Finalized MPI..
[16/16]	Finalized MPI..
[9/16]	Finalized MPI..
[11/16]	Finalized MPI..
[14/16]	Finalized MPI..
[10/16]	Finalized MPI..
[3/16]	Finalized MPI..
[7/16]	Finalized MPI..
[6/16]	Finalized MPI..
[2/16]	Finalized MPI..
[1/16]	Finalized MPI..
[4/16]	Finalized MPI..
[EARL][tcn6][1918431] --- EARL INIT [PID: 1918431] [MASTER: 1] ---
[34m[tcn6][0][INFO] [0mK-medoids & roofline strategies not available. Loading default model for the classification
--- EARL loaded APIs ---
MGT_CPUFREQ: EARD
MGT_IMCFREQ: EARD
MGT_PRIO   : DUMMY
MET_CPUFREQ: EARD
MET_IMCFREQ: EARD
MET_ENERGY : EARD
MET_TEMP:    AMD17
MET_BWIDTH : EARD
MET_FLOPS  : PERF
MET_CPI    : PERF
MGT_GPU    : DUMMY
MET_GPU    : DUMMY
L1D: loaded (event PERF_L1D_MISS_LD) 
L2 : loaded (event L2_MISS_FROM_DC) (also in LBW)
L2 : loaded (event L2_MISS_FROM_PF1) (also in LBW)
L2 : loaded (event L2_MISS_FROM_PF2) (also in LBW)

------------------------
Mapping frequencies from 16 processes to 128 CPUs...
[14/16]	I'm online..
[12/16]	I'm online..
[7/16]	I'm online..
[8/16]	I'm online..
[15/16]	I'm online..
[3/16]	I'm online..
[16/16]	I'm online..
[13/16]	I'm online..
[11/16]	I'm online..
[4/16]	I'm online..
[9/16]	I'm online..
[10/16]	I'm online..
[5/16]	I'm online..
[6/16]	I'm online..
[2/16]	I'm online..
---------------- EAR 5.1 MPI enabled ----------------
                   App/user id: 'hratio_l10'/'ovaneck2'
    Node/job id/step_id/app_id: 'tcn6'/'11500281'/'7'/'1918431'
     P_STATE/frequency (turbo): 0/2600000 (0)
    Tasks/nodes/ppn/node_ratio: 16/1/16/1.000
             Policy (learning): monitoring (0)
Policy threshold/Perf accuracy: 0.00/10000000.00
   DynAIS levels/window/AVX512: 10/200/2
                      VAR path: /var/ear
           EAR privileged user: 0
                       EARL on: 1 
                  Max CPU freq: 2600000
-------------------------------------------------------
EAR initialized successfully.
[1/16]	I'm online..
[34m[tcn6][0][INFO] [0mWarning: Estimated power 174.56 W (DC vs CPU+GPU 1.00)
[34m[tcn6][0][INFO] [0mScope APP master 1 elapsed 0.000000
------------------------------------ Application Summary [tcn6] ------------------------------------
--- App id: hratio_l10 / user id: ovaneck2 / account: vusei12999 / job.step: 11500281.7.1918431 ---


(mpi_sig) Wall time: 0.063 s, nominal freq.: 2.60 GHz, avg. freq: 2.57 GHz, avg imc freq: 1.47 GHz
          Avg. mpi_time/exec_time 45.2 %

          tasks: 16

          CPI/TPI: 0.442/0.805, GB/s: 1.257, GFLOPS: 0.000, IO: 4.031 (MB/s)
          DC/DRAM/PCK power: 174.542/0.000/174.555 (W) GFlops/Watts 0.000


----------------------------------------------------------------------------------------------------
[1/16]	Finalized MPI..
[15/16]	Finalized MPI..
[11/16]	Finalized MPI..
[9/16]	Finalized MPI..
[10/16]	Finalized MPI..
[4/16]	Finalized MPI..
[7/16]	Finalized MPI..
[6/16]	Finalized MPI..
[3/16]	Finalized MPI..
[14/16]	Finalized MPI..
[13/16]	Finalized MPI..
[16/16]	Finalized MPI..
[8/16]	Finalized MPI..
[12/16]	Finalized MPI..
[5/16]	Finalized MPI..
[2/16]	Finalized MPI..
[EARL][tcn6][1918705] --- EARL INIT [PID: 1918705] [MASTER: 1] ---
[34m[tcn6][0][INFO] [0mK-medoids & roofline strategies not available. Loading default model for the classification
--- EARL loaded APIs ---
MGT_CPUFREQ: EARD
MGT_IMCFREQ: EARD
MGT_PRIO   : DUMMY
MET_CPUFREQ: EARD
MET_IMCFREQ: EARD
MET_ENERGY : EARD
MET_TEMP:    AMD17
MET_BWIDTH : EARD
MET_FLOPS  : PERF
MET_CPI    : PERF
MGT_GPU    : DUMMY
MET_GPU    : DUMMY
L1D: loaded (event PERF_L1D_MISS_LD) 
L2 : loaded (event L2_MISS_FROM_DC) (also in LBW)
L2 : loaded (event L2_MISS_FROM_PF1) (also in LBW)
L2 : loaded (event L2_MISS_FROM_PF2) (also in LBW)

------------------------
Mapping frequencies from 16 processes to 128 CPUs...
[14/16]	I'm online..
[16/16]	I'm online..
[3/16]	I'm online..
[4/16]	I'm online..
[15/16]	I'm online..
[5/16]	I'm online..
[11/16]	I'm online..
[12/16]	I'm online..
[9/16]	I'm online..
[10/16]	I'm online..
[13/16]	I'm online..
[7/16]	I'm online..
[8/16]	I'm online..
[2/16]	I'm online..
[1/16]	I'm online..
---------------- EAR 5.1 MPI enabled ----------------
                   App/user id: 'hratio_l10'/'ovaneck2'
    Node/job id/step_id/app_id: 'tcn6'/'11500281'/'8'/'1918700'
     P_STATE/frequency (turbo): 0/2600000 (0)
    Tasks/nodes/ppn/node_ratio: 16/1/16/1.000
             Policy (learning): monitoring (0)
Policy threshold/Perf accuracy: 0.00/10000000.00
   DynAIS levels/window/AVX512: 10/200/2
                      VAR path: /var/ear
           EAR privileged user: 0
                       EARL on: 1 
                  Max CPU freq: 2600000
-------------------------------------------------------
EAR initialized successfully.
[6/16]	I'm online..
[34m[tcn6][0][INFO] [0mWarning: Estimated power 167.30 W (DC vs CPU+GPU 1.00)
[34m[tcn6][0][INFO] [0mScope APP master 1 elapsed 0.000000
------------------------------------ Application Summary [tcn6] ------------------------------------
--- App id: hratio_l10 / user id: ovaneck2 / account: vusei12999 / job.step: 11500281.8.1918700 ---


(mpi_sig) Wall time: 0.056 s, nominal freq.: 2.60 GHz, avg. freq: 2.57 GHz, avg imc freq: 1.47 GHz
          Avg. mpi_time/exec_time 36.3 %

          tasks: 16

          CPI/TPI: 0.464/1.602, GB/s: 1.519, GFLOPS: 0.000, IO: 3.771 (MB/s)
          DC/DRAM/PCK power: 167.289/0.000/167.301 (W) GFlops/Watts 0.000


----------------------------------------------------------------------------------------------------
[10/16]	Finalized MPI..
[5/16]	Finalized MPI..
[9/16]	Finalized MPI..
[13/16]	Finalized MPI..
[16/16]	Finalized MPI..
[15/16]	Finalized MPI..
[6/16]	Finalized MPI..
[12/16]	Finalized MPI..
[14/16]	Finalized MPI..
[11/16]	Finalized MPI..
[3/16]	Finalized MPI..
[4/16]	Finalized MPI..
[1/16]	Finalized MPI..
[7/16]	Finalized MPI..
[8/16]	Finalized MPI..
[2/16]	Finalized MPI..
[EARL][tcn6][1918966] --- EARL INIT [PID: 1918966] [MASTER: 1] ---
[34m[tcn6][0][INFO] [0mK-medoids & roofline strategies not available. Loading default model for the classification
--- EARL loaded APIs ---
MGT_CPUFREQ: EARD
MGT_IMCFREQ: EARD
MGT_PRIO   : DUMMY
MET_CPUFREQ: EARD
MET_IMCFREQ: EARD
MET_ENERGY : EARD
MET_TEMP:    AMD17
MET_BWIDTH : EARD
MET_FLOPS  : PERF
MET_CPI    : PERF
MGT_GPU    : DUMMY
MET_GPU    : DUMMY
L1D: loaded (event PERF_L1D_MISS_LD) 
L2 : loaded (event L2_MISS_FROM_DC) (also in LBW)
L2 : loaded (event L2_MISS_FROM_PF1) (also in LBW)
L2 : loaded (event L2_MISS_FROM_PF2) (also in LBW)

------------------------
Mapping frequencies from 16 processes to 128 CPUs...
[7/16]	I'm online..
[9/16]	I'm online..
[10/16]	I'm online..
[13/16]	I'm online..
[15/16]	I'm online..
[8/16]	I'm online..
[11/16]	I'm online..
[14/16]	I'm online..
[5/16]	I'm online..
[12/16]	I'm online..
[16/16]	I'm online..
[6/16]	I'm online..
[3/16]	I'm online..
[4/16]	I'm online..
[2/16]	I'm online..
---------------- EAR 5.1 MPI enabled ----------------
                   App/user id: 'hratio_l10'/'ovaneck2'
    Node/job id/step_id/app_id: 'tcn6'/'11500281'/'9'/'1918966'
     P_STATE/frequency (turbo): 0/2600000 (0)
    Tasks/nodes/ppn/node_ratio: 16/1/16/1.000
             Policy (learning): monitoring (0)
Policy threshold/Perf accuracy: 0.00/10000000.00
   DynAIS levels/window/AVX512: 10/200/2
                      VAR path: /var/ear
           EAR privileged user: 0
                       EARL on: 1 
                  Max CPU freq: 2600000
-------------------------------------------------------
EAR initialized successfully.
[1/16]	I'm online..
[34m[tcn6][0][INFO] [0mWarning: Estimated power 178.34 W (DC vs CPU+GPU 1.00)
[34m[tcn6][0][INFO] [0mScope APP master 1 elapsed 0.000000
------------------------------------ Application Summary [tcn6] ------------------------------------
--- App id: hratio_l10 / user id: ovaneck2 / account: vusei12999 / job.step: 11500281.9.1918966 ---


(mpi_sig) Wall time: 0.168 s, nominal freq.: 2.60 GHz, avg. freq: 2.55 GHz, avg imc freq: 1.47 GHz
          Avg. mpi_time/exec_time 50.6 %

          tasks: 16

          CPI/TPI: 0.417/5.704, GB/s: 1.489, GFLOPS: 0.000, IO: 5.578 (MB/s)
          DC/DRAM/PCK power: 178.334/0.000/178.337 (W) GFlops/Watts 0.000


----------------------------------------------------------------------------------------------------
[13/16]	Finalized MPI..
[4/16]	Finalized MPI..
[2/16]	Finalized MPI..
[8/16]	Finalized MPI..
[16/16]	Finalized MPI..
[11/16]	Finalized MPI..
[12/16]	Finalized MPI..
[9/16]	Finalized MPI..
[14/16]	Finalized MPI..
[5/16]	Finalized MPI..
[7/16]	Finalized MPI..
[1/16]	Finalized MPI..
[10/16]	Finalized MPI..
[6/16]	Finalized MPI..
[15/16]	Finalized MPI..
[3/16]	Finalized MPI..
[EARL][tcn6][1919230] --- EARL INIT [PID: 1919230] [MASTER: 1] ---
[34m[tcn6][0][INFO] [0mK-medoids & roofline strategies not available. Loading default model for the classification
--- EARL loaded APIs ---
MGT_CPUFREQ: EARD
MGT_IMCFREQ: EARD
MGT_PRIO   : DUMMY
MET_CPUFREQ: EARD
MET_IMCFREQ: EARD
MET_ENERGY : EARD
MET_TEMP:    AMD17
MET_BWIDTH : EARD
MET_FLOPS  : PERF
MET_CPI    : PERF
MGT_GPU    : DUMMY
MET_GPU    : DUMMY
L1D: loaded (event PERF_L1D_MISS_LD) 
L2 : loaded (event L2_MISS_FROM_DC) (also in LBW)
L2 : loaded (event L2_MISS_FROM_PF1) (also in LBW)
L2 : loaded (event L2_MISS_FROM_PF2) (also in LBW)

------------------------
Mapping frequencies from 16 processes to 128 CPUs...
[3/16]	I'm online..
[4/16]	I'm online..
[14/16]	I'm online..
[9/16]	I'm online..
[13/16]	I'm online..
[15/16]	I'm online..
[16/16]	I'm online..
[10/16]	I'm online..
[11/16]	I'm online..
[12/16]	I'm online..
[5/16]	I'm online..
[7/16]	I'm online..
[8/16]	I'm online..
[2/16]	I'm online..
[1/16]	I'm online..
---------------- EAR 5.1 MPI enabled ----------------
                   App/user id: 'hratio_l10'/'ovaneck2'
    Node/job id/step_id/app_id: 'tcn6'/'11500281'/'10'/'1919225'
     P_STATE/frequency (turbo): 0/2600000 (0)
    Tasks/nodes/ppn/node_ratio: 16/1/16/1.000
             Policy (learning): monitoring (0)
Policy threshold/Perf accuracy: 0.00/10000000.00
   DynAIS levels/window/AVX512: 10/200/2
                      VAR path: /var/ear
           EAR privileged user: 0
                       EARL on: 1 
                  Max CPU freq: 2600000
-------------------------------------------------------
EAR initialized successfully.
[6/16]	I'm online..
[34m[tcn6][0][INFO] [0mWarning: Estimated power 166.07 W (DC vs CPU+GPU 1.00)
[34m[tcn6][0][INFO] [0mScope APP master 1 elapsed 0.000000
------------------------------------ Application Summary [tcn6] ------------------------------------
--- App id: hratio_l10 / user id: ovaneck2 / account: vusei12999 / job.step: 11500281.10.1919225 ---


(mpi_sig) Wall time: 0.060 s, nominal freq.: 2.60 GHz, avg. freq: 2.57 GHz, avg imc freq: 1.47 GHz
          Avg. mpi_time/exec_time 56.3 %

          tasks: 16

          CPI/TPI: 0.399/5.788, GB/s: 1.992, GFLOPS: 0.000, IO: 6.130 (MB/s)
          DC/DRAM/PCK power: 166.053/0.000/166.066 (W) GFlops/Watts 0.000


----------------------------------------------------------------------------------------------------
[3/16]	Finalized MPI..
[15/16]	Finalized MPI..
[10/16]	Finalized MPI..
[2/16]	Finalized MPI..
[5/16]	Finalized MPI..
[13/16]	Finalized MPI..
[8/16]	Finalized MPI..
[7/16]	Finalized MPI..
[1/16]	Finalized MPI..
[4/16]	Finalized MPI..
[12/16]	Finalized MPI..
[9/16]	Finalized MPI..
[11/16]	Finalized MPI..
[16/16]	Finalized MPI..
[14/16]	Finalized MPI..
[6/16]	Finalized MPI..
