Job folder (/var/ear/1852885800) doesn't exist (No such file or directory), creating it...
[EARL][tcn622][2089062] --- EARL INIT [PID: 2089062] [MASTER: 1] ---
tcn622:some EARD is not running (connected nodes 0 expected 1)

[34m[tcn622][0][INFO] [0mK-medoids & roofline strategies not available. Loading default model for the classification
--- EARL loaded APIs ---
MGT_CPUFREQ: DUMMY
MGT_IMCFREQ: DUMMY
MGT_PRIO   : DUMMY
MET_CPUFREQ: DUMMY
MET_IMCFREQ: DUMMY
MET_ENERGY : CPUMODEL
MET_TEMP:    AMD17
MET_BWIDTH : DUMMY
MET_FLOPS  : PERF
MET_CPI    : PERF
MGT_GPU    : DUMMY
MET_GPU    : DUMMY
L1D: loaded (event PERF_L1D_MISS_LD) 
L2 : loaded (event L2_MISS_FROM_DC) (also in LBW)
L2 : loaded (event L2_MISS_FROM_PF1) (also in LBW)
L2 : loaded (event L2_MISS_FROM_PF2) (also in LBW)

------------------------
Mapping frequencies from 133 processes to 192 CPUs...
Error in reports API load 
Error in reports API initialization 
---------------- EAR 5.2 MPI enabled ----------------
                   App/user id: 'hratio_solve_remaining_l30_h2'/'ovaneck2'
    Node/job id/step_id/app_id: 'tcn622'/'18528858'/'0'/'2089062'
     P_STATE/frequency (turbo): 0/2400000 (0)
    Tasks/nodes/ppn/node_ratio: 133/1/133/1.000
             Policy (learning): monitoring (0)
Policy threshold/Perf accuracy: 0.00/10000000.00
   DynAIS levels/window/AVX512: 10/200/2
                      VAR path: /var/ear
           EAR privileged user: 1
                       EARL on: 1 
                  Max CPU freq: 2400000
-------------------------------------------------------
EAR initialized successfully.
[42/133]	I'm online..
[83/133]	I'm online..
[93/133]	I'm online..
[101/133]	I'm online..
[132/133]	I'm online..
[133/133]	I'm online..
[89/133]	I'm online..
[112/133]	I'm online..
[76/133]	I'm online..
[79/133]	I'm online..
[48/133]	I'm online..
[126/133]	I'm online..
[100/133]	I'm online..
[1/133]	I'm online..
[96/133]	I'm online..
[20/133]	I'm online..
[6/133]	I'm online..
[51/133]	I'm online..
[19/133]	I'm online..
[119/133]	I'm online..
[78/133]	I'm online..
[21/133]	I'm online..
[29/133]	I'm online..
[32/133]	I'm online..
[95/133]	I'm online..
[31/133]	I'm online..
[94/133]	I'm online..
[63/133]	I'm online..
[55/133]	I'm online..
[41/133]	I'm online..
[102/133]	I'm online..
[13/133]	I'm online..
[46/133]	I'm online..
[127/133]	I'm online..
[92/133]	I'm online..
[109/133]	I'm online..
[33/133]	I'm online..
[99/133]	I'm online..
[117/133]	I'm online..
[107/133]	I'm online..
[111/133]	I'm online..
[28/133]	I'm online..
[52/133]	I'm online..
[118/133]	I'm online..
[4/133]	I'm online..
[108/133]	I'm online..
[124/133]	I'm online..
[56/133]	I'm online..
[58/133]	I'm online..
[75/133]	I'm online..
[116/133]	I'm online..
[14/133]	I'm online..
[27/133]	I'm online..
[22/133]	I'm online..
[115/133]	I'm online..
[125/133]	I'm online..
[77/133]	I'm online..
[88/133]	I'm online..
[60/133]	I'm online..
[39/133]	I'm online..
[34/133]	I'm online..
[2/133]	I'm online..
[74/133]	I'm online..
[114/133]	I'm online..
[17/133]	I'm online..
[67/133]	I'm online..
[30/133]	I'm online..
[8/133]	I'm online..
[98/133]	I'm online..
[36/133]	I'm online..
[5/133]	I'm online..
[23/133]	I'm online..
[120/133]	I'm online..
[81/133]	I'm online..
[130/133]	I'm online..
[37/133]	I'm online..
[87/133]	I'm online..
[43/133]	I'm online..
[24/133]	I'm online..
[105/133]	I'm online..
[45/133]	I'm online..
[69/133]	I'm online..
[44/133]	I'm online..
[121/133]	I'm online..
[110/133]	I'm online..
[64/133]	I'm online..
[15/133]	I'm online..
[35/133]	I'm online..
[129/133]	I'm online..
[82/133]	I'm online..
[66/133]	I'm online..
[80/133]	I'm online..
[72/133]	I'm online..
[73/133]	I'm online..
[84/133]	I'm online..
[62/133]	I'm online..
[68/133]	I'm online..
[106/133]	I'm online..
[86/133]	I'm online..
[128/133]	I'm online..
[54/133]	I'm online..
[91/133]	I'm online..
[71/133]	I'm online..
[123/133]	I'm online..
[122/133]	I'm online..
[57/133]	I'm online..
[11/133]	I'm online..
[97/133]	I'm online..
[49/133]	I'm online..
[113/133]	I'm online..
[25/133]	I'm online..
[103/133]	I'm online..
[85/133]	I'm online..
[131/133]	I'm online..
[47/133]	I'm online..
[40/133]	I'm online..
[53/133]	I'm online..
[18/133]	I'm online..
[38/133]	I'm online..
[65/133]	I'm online..
[9/133]	I'm online..
[59/133]	I'm online..
[70/133]	I'm online..
[7/133]	I'm online..
[16/133]	I'm online..
[90/133]	I'm online..
[50/133]	I'm online..
[12/133]	I'm online..
[3/133]	I'm online..
[104/133]	I'm online..
[10/133]	I'm online..
[26/133]	I'm online..
[61/133]	I'm online..
[73/133]	Finished my work in:	0.065779 us.
[67/133]	Finished my work in:	0.092081 us.
[98/133]	Finished my work in:	0.043813 us.
[131/133]	Finished my work in:	0.045078 us.
[75/133]	Finished my work in:	0.082437 us.
[126/133]	Finished my work in:	0.073960 us.
[68/133]	Finished my work in:	0.084276 us.
[120/133]	Finished my work in:	0.023834 us.
[17/133]	Finished my work in:	0.108234 us.
[83/133]	Finished my work in:	0.079918 us.
[18/133]	Finished my work in:	0.023797 us.
[27/133]	Finished my work in:	0.021860 us.
[23/133]	Finished my work in:	0.031514 us.
[115/133]	Finished my work in:	0.017793 us.
[70/133]	Finished my work in:	0.019462 us.
[127/133]	Finished my work in:	0.011300 us.
[125/133]	Finished my work in:	0.012778 us.
[51/133]	Finished my work in:	0.011136 us.
[119/133]	Finished my work in:	0.010840 us.
[85/133]	Finished my work in:	0.014718 us.
[99/133]	Finished my work in:	0.035193 us.
[114/133]	Finished my work in:	0.022175 us.
[101/133]	Finished my work in:	0.027992 us.
[100/133]	Finished my work in:	0.022859 us.
[88/133]	Finished my work in:	0.006686 us.
[31/133]	Finished my work in:	0.025182 us.
[84/133]	Finished my work in:	0.010216 us.
[29/133]	Finished my work in:	0.033245 us.
[108/133]	Finished my work in:	0.013323 us.
[121/133]	Finished my work in:	0.013119 us.
[76/133]	Finished my work in:	0.022436 us.
[96/133]	Finished my work in:	0.016766 us.
[78/133]	Finished my work in:	0.016824 us.
[92/133]	Finished my work in:	0.009413 us.
[32/133]	Finished my work in:	0.017810 us.
[33/133]	Finished my work in:	0.010613 us.
[63/133]	Finished my work in:	0.016980 us.
[42/133]	Finished my work in:	0.007115 us.
[110/133]	Finished my work in:	0.004307 us.
[56/133]	Finished my work in:	0.019151 us.
[109/133]	Finished my work in:	0.011518 us.
[22/133]	Finished my work in:	0.030027 us.
[46/133]	Finished my work in:	0.020646 us.
[62/133]	Finished my work in:	0.017406 us.
[43/133]	Finished my work in:	0.014212 us.
[107/133]	Finished my work in:	0.004518 us.
[26/133]	Finished my work in:	0.016884 us.
[49/133]	Finished my work in:	0.012464 us.
[93/133]	Finished my work in:	0.020037 us.
[50/133]	Finished my work in:	0.030000 us.
[1/133]	Finished my work in:	0.010721 us.
[104/133]	Finished my work in:	0.008857 us.
[59/133]	Finished my work in:	0.015155 us.
[74/133]	Finished my work in:	0.009088 us.
[35/133]	Finished my work in:	0.012337 us.
[116/133]	Finished my work in:	0.023679 us.
[71/133]	Finished my work in:	0.006033 us.
[21/133]	Finished my work in:	0.005834 us.
[94/133]	Finished my work in:	0.012488 us.
[40/133]	Finished my work in:	0.018298 us.
[72/133]	Finished my work in:	0.011425 us.
[37/133]	Finished my work in:	0.035328 us.
[61/133]	Finished my work in:	0.005454 us.
[112/133]	Finished my work in:	0.009706 us.
[117/133]	Finished my work in:	0.012392 us.
[52/133]	Finished my work in:	0.005545 us.
[66/133]	Finished my work in:	0.015871 us.
[132/133]	Finished my work in:	0.003665 us.
[60/133]	Finished my work in:	0.004468 us.
[124/133]	Finished my work in:	0.041734 us.
[133/133]	Finished my work in:	0.022085 us.
[123/133]	Finished my work in:	0.015138 us.
[34/133]	Finished my work in:	0.014938 us.
[87/133]	Finished my work in:	0.006205 us.
[54/133]	Finished my work in:	0.008966 us.
[89/133]	Finished my work in:	0.039361 us.
[81/133]	Finished my work in:	0.010342 us.
[12/133]	Finished my work in:	0.002593 us.
[111/133]	Finished my work in:	0.009227 us.
[10/133]	Finished my work in:	0.002057 us.
[102/133]	Finished my work in:	0.007981 us.
[90/133]	Finished my work in:	0.018597 us.
[95/133]	Finished my work in:	0.066478 us.
[64/133]	Finished my work in:	0.014927 us.
[97/133]	Finished my work in:	0.003527 us.
[48/133]	Finished my work in:	0.006318 us.
[80/133]	Finished my work in:	0.022404 us.
[91/133]	Finished my work in:	0.007806 us.
[65/133]	Finished my work in:	0.004861 us.
[86/133]	Finished my work in:	0.029247 us.
[41/133]	Finished my work in:	0.015042 us.
[38/133]	Finished my work in:	0.009231 us.
[113/133]	Finished my work in:	0.009930 us.
[57/133]	Finished my work in:	0.009254 us.
[45/133]	Finished my work in:	0.005919 us.
[15/133]	Finished my work in:	0.009180 us.
[24/133]	Finished my work in:	0.007441 us.
[129/133]	Finished my work in:	0.005395 us.
[130/133]	Finished my work in:	0.006405 us.
[106/133]	Finished my work in:	0.010838 us.
[103/133]	Finished my work in:	0.008609 us.
[6/133]	Finished my work in:	0.007011 us.
[14/133]	Finished my work in:	0.007876 us.
[36/133]	Finished my work in:	0.005781 us.
[79/133]	Finished my work in:	0.004093 us.
[39/133]	Finished my work in:	0.003348 us.
[122/133]	Finished my work in:	0.028883 us.
[105/133]	Finished my work in:	0.005719 us.
[128/133]	Finished my work in:	0.003606 us.
[55/133]	Finished my work in:	0.004613 us.
[44/133]	Finished my work in:	0.006823 us.
[9/133]	Finished my work in:	0.002861 us.
[11/133]	Finished my work in:	0.005320 us.
[30/133]	Finished my work in:	0.003536 us.
[58/133]	Finished my work in:	0.008145 us.
[4/133]	Finished my work in:	0.003069 us.
[53/133]	Finished my work in:	0.003720 us.
[5/133]	Finished my work in:	0.003203 us.
[8/133]	Finished my work in:	0.002584 us.
[19/133]	Finished my work in:	0.003478 us.
[2/133]	Finished my work in:	0.003211 us.
[3/133]	Finished my work in:	0.003459 us.
[13/133]	Finished my work in:	0.002541 us.
[28/133]	Finished my work in:	0.013021 us.
[7/133]	Finished my work in:	0.011049 us.
[69/133]	Finished my work in:	0.065888 us.
[20/133]	Finished my work in:	0.066512 us.
[25/133]	Finished my work in:	0.173855 us.
[82/133]	Finished my work in:	0.178442 us.
[118/133]	Finished my work in:	0.156816 us.
[77/133]	Finished my work in:	0.248308 us.
[16/133]	Finished my work in:	0.455239 us.
[47/133]	Finished my work in:	0.451266 us.
[34m[tcn622][0][INFO] [0mScope APP master 1 elapsed 0.000000
-------------------------------------------- Application Summary [tcn622] --------------------------------------------
--- App id: hratio_solve_remaining_l30_h2 / user id: ovaneck2 / account: vusei12999 / job.step: 18528858.0.2089062 ---


(Appl. sign.) Wall time: 1.111 s, CPU util.: 5121 %, nominal freq.: 2.40 GHz, avg. freq: 0.00 GHz, avg imc freq: 0.00 GHz
              Avg. mpi_time/exec_time 0.0 %

              tasks: 133

              CPI/TPI: 0.281/0.037, GB/s: 0.119, GFLOPS: 0.000, IO: 2.481 (MB/s)
              DC/DRAM/PCK power: 170.499/0.000/170.499 (W) GFlops/Watts 0.000


----------------------------------------------------------------------------------------------------------------------
[70/133]	Finalized MPI..
[73/133]	Finalized MPI..
[86/133]	Finalized MPI..
[93/133]	Finalized MPI..
[37/133]	Finalized MPI..
[113/133]	Finalized MPI..
[123/133]	Finalized MPI..
[96/133]	Finalized MPI..
[55/133]	Finalized MPI..
[21/133]	Finalized MPI..
[106/133]	Finalized MPI..
[10/133]	Finalized MPI..
[83/133]	Finalized MPI..
[105/133]	Finalized MPI..
[53/133]	Finalized MPI..
[124/133]	Finalized MPI..
[107/133]	Finalized MPI..
[76/133]	Finalized MPI..
[60/133]	Finalized MPI..
[72/133]	Finalized MPI..
[85/133]	Finalized MPI..
[87/133]	Finalized MPI..
[59/133]	Finalized MPI..
[80/133]	Finalized MPI..
[77/133]	Finalized MPI..
[102/133]	Finalized MPI..
[45/133]	Finalized MPI..
[108/133]	Finalized MPI..
[129/133]	Finalized MPI..
[125/133]	Finalized MPI..
[89/133]	Finalized MPI..
[6/133]	Finalized MPI..
[92/133]	Finalized MPI..
[19/133]	Finalized MPI..
[132/133]	Finalized MPI..
[9/133]	Finalized MPI..
[23/133]	Finalized MPI..
[18/133]	Finalized MPI..
[11/133]	Finalized MPI..
[99/133]	Finalized MPI..
[118/133]	Finalized MPI..
[58/133]	Finalized MPI..
[88/133]	Finalized MPI..
[111/133]	Finalized MPI..
[25/133]	Finalized MPI..
[67/133]	Finalized MPI..
[119/133]	Finalized MPI..
[120/133]	Finalized MPI..
[104/133]	Finalized MPI..
[56/133]	Finalized MPI..
[14/133]	Finalized MPI..
[130/133]	Finalized MPI..
[38/133]	Finalized MPI..
[66/133]	Finalized MPI..
[71/133]	Finalized MPI..
[69/133]	Finalized MPI..
[131/133]	Finalized MPI..
[103/133]	Finalized MPI..
[97/133]	Finalized MPI..
[46/133]	Finalized MPI..
[121/133]	Finalized MPI..
[82/133]	Finalized MPI..
[44/133]	Finalized MPI..
[116/133]	Finalized MPI..
[91/133]	Finalized MPI..
[40/133]	Finalized MPI..
[47/133]	Finalized MPI..
[115/133]	Finalized MPI..
[20/133]	Finalized MPI..
[4/133]	Finalized MPI..
[48/133]	Finalized MPI..
[15/133]	Finalized MPI..
[61/133]	Finalized MPI..
[133/133]	Finalized MPI..
[22/133]	Finalized MPI..
[90/133]	Finalized MPI..
[52/133]	Finalized MPI..
[128/133]	Finalized MPI..
[81/133]	Finalized MPI..
[64/133]	Finalized MPI..
[50/133]	Finalized MPI..
[34/133]	Finalized MPI..
[122/133]	Finalized MPI..
[1/133]	Finalized MPI..
[1/133]	Merging results..
[1/133]	Writing results to:	/home/ovaneck2/ComplexityContesters/paper_PF_hardness/jobs/hratio_solve_remaining_l30_h2_results/dfs_bnb.csv
[68/133]	Finalized MPI..
[65/133]	Finalized MPI..
[94/133]	Finalized MPI..
[28/133]	Finalized MPI..
[126/133]	Finalized MPI..
[95/133]	Finalized MPI..
[57/133]	Finalized MPI..
[84/133]	Finalized MPI..
[30/133]	Finalized MPI..
[2/133]	Finalized MPI..
[98/133]	Finalized MPI..
[101/133]	Finalized MPI..
[114/133]	Finalized MPI..
[109/133]	Finalized MPI..
[62/133]	Finalized MPI..
[51/133]	Finalized MPI..
[33/133]	Finalized MPI..
[110/133]	Finalized MPI..
[43/133]	Finalized MPI..
[24/133]	Finalized MPI..
[75/133]	Finalized MPI..
[112/133]	Finalized MPI..
[117/133]	Finalized MPI..
[100/133]	Finalized MPI..
[54/133]	Finalized MPI..
[78/133]	Finalized MPI..
[27/133]	Finalized MPI..
[79/133]	Finalized MPI..
[41/133]	Finalized MPI..
[8/133]	Finalized MPI..
[26/133]	Finalized MPI..
[3/133]	Finalized MPI..
[49/133]	Finalized MPI..
[31/133]	Finalized MPI..
[13/133]	Finalized MPI..
[5/133]	Finalized MPI..
[32/133]	Finalized MPI..
[35/133]	Finalized MPI..
[74/133]	Finalized MPI..
[39/133]	Finalized MPI..
[12/133]	Finalized MPI..
[36/133]	Finalized MPI..
[17/133]	Finalized MPI..
[127/133]	Finalized MPI..
[16/133]	Finalized MPI..
[63/133]	Finalized MPI..
[42/133]	Finalized MPI..
[29/133]	Finalized MPI..
[7/133]	Finalized MPI..
