Job: hratio_l30
~ Running on Snellius..
Setting WDIR=/home/ovaneck2/ComplexityContesters/paper_PF_hardness
Going to run /home/ovaneck2/ComplexityContesters/paper_PF_hardness/code/experiments/dfs_bnb_mpi
FIN_RES_PATH: /home/ovaneck2/ComplexityContesters/paper_PF_hardness/jobs/hratio_l30_results
DATASET_PATH: /home/ovaneck2/ComplexityContesters/paper_PF_hardness/data/vanEck_hratio/30
Processing H0..
Debug Info:
	Results path:         "/home/ovaneck2/ComplexityContesters/paper_PF_hardness/jobs/hratio_l30_results"
	Dataset to use:       /home/ovaneck2/ComplexityContesters/paper_PF_hardness/data/vanEck_hratio/30
	Dataset extra:        H0
	Dimension of fold:    2
	Lengths to fold:      30 

Finished 30_H0 in 0.228214
Processing H1..
Debug Info:
	Results path:         "/home/ovaneck2/ComplexityContesters/paper_PF_hardness/jobs/hratio_l30_results"
	Dataset to use:       /home/ovaneck2/ComplexityContesters/paper_PF_hardness/data/vanEck_hratio/30
	Dataset extra:        H1
	Dimension of fold:    2
	Lengths to fold:      30 

Finished 30_H1 in 0.053432
Processing H10..
Debug Info:
	Results path:         "/home/ovaneck2/ComplexityContesters/paper_PF_hardness/jobs/hratio_l30_results"
	Dataset to use:       /home/ovaneck2/ComplexityContesters/paper_PF_hardness/data/vanEck_hratio/30
	Dataset extra:        H10
	Dimension of fold:    2
	Lengths to fold:      30 


JOB STATISTICS
==============
Job ID: 13964739
Cluster: snellius
User/Group: ovaneck2/ovaneck2
State: CANCELLED (exit code 0)
Nodes: 1
Cores per node: 128
CPU Utilized: 00:00:01
CPU Efficiency: 0.00% of 16:04:16 core-walltime
Job Wall-clock time: 00:07:32
Memory Utilized: 6.07 GB
Memory Efficiency: 2.71% of 224.00 GB (224.00 GB/node)
The task which had the largest memory consumption differs by 164.61% from the average task max memory consumption
