Job: hratio_l30
~ Running on Snellius..
Setting WDIR=/home/ovaneck2/ComplexityContesters/paper_PF_hardness
Going to run /home/ovaneck2/ComplexityContesters/paper_PF_hardness/code/experiments/dfs_bnb_mpi
FIN_RES_PATH: /home/ovaneck2/ComplexityContesters/paper_PF_hardness/jobs/hratio_l30_results
DATASET_PATH: /home/ovaneck2/ComplexityContesters/paper_PF_hardness/data/vanEck_hratio/30
Processing H17..
Debug Info:
	Results path:         "/home/ovaneck2/ComplexityContesters/paper_PF_hardness/jobs/hratio_l30_results"
	Dataset to use:       /home/ovaneck2/ComplexityContesters/paper_PF_hardness/data/vanEck_hratio/30
	Dataset extra:        H17
	Dimension of fold:    2
	Lengths to fold:      30 

Finished 30_H17 in 120811

JOB STATISTICS
==============
Job ID: 14236824
Cluster: snellius
User/Group: ovaneck2/ovaneck2
State: COMPLETED (exit code 0)
Nodes: 1
Cores per node: 128
CPU Utilized: 00:00:03
CPU Efficiency: 0.00% of 179-00:53:20 core-walltime
Job Wall-clock time: 1-09:34:10
Memory Utilized: 3.57 GB
Memory Efficiency: 1.59% of 224.00 GB (224.00 GB/node)
The task which had the largest memory consumption differs by 119.21% from the average task max memory consumption
