Job: hratio_l30
~ Running on Snellius..
Setting WDIR=/home/ovaneck2/ComplexityContesters/paper_PF_hardness
Going to run /home/ovaneck2/ComplexityContesters/paper_PF_hardness/code/experiments/dfs_bnb_mpi
FIN_RES_PATH: /home/ovaneck2/ComplexityContesters/paper_PF_hardness/jobs/hratio_l30_results
DATASET_PATH: /home/ovaneck2/ComplexityContesters/paper_PF_hardness/data/vanEck_hratio/30
Processing H2..
Debug Info:
	Results path:         "/home/ovaneck2/ComplexityContesters/paper_PF_hardness/jobs/hratio_l30_results"
	Dataset to use:       /home/ovaneck2/ComplexityContesters/paper_PF_hardness/data/vanEck_hratio/30
	Dataset extra:        H2
	Dimension of fold:    2
	Lengths to fold:      30 

Finished 30_H2 in 4.12677

JOB STATISTICS
==============
Job ID: 14322884
Cluster: snellius
User/Group: ovaneck2/ovaneck2
State: COMPLETED (exit code 0)
Nodes: 1
Cores per node: 128
CPU Utilized: 00:00:01
CPU Efficiency: 0.02% of 01:18:56 core-walltime
Job Wall-clock time: 00:00:37
Memory Utilized: 3.85 GB
Memory Efficiency: 1.72% of 224.00 GB (224.00 GB/node)
The task which had the largest memory consumption differs by 135.77% from the average task max memory consumption
