[EARL][tcn29][2289771] --- EARL INIT [PID: 2289771] [MASTER: 1] ---
[34m[tcn29][0][INFO] [0mK-medoids & roofline strategies not available. Loading default model for the classification
--- EARL loaded APIs ---
MGT_CPUFREQ: EARD
MGT_IMCFREQ: EARD
MGT_PRIO   : DUMMY
MET_CPUFREQ: EARD
MET_IMCFREQ: EARD
MET_ENERGY : EARD
MET_TEMP:    AMD17
MET_BWIDTH : EARD
MET_FLOPS  : PERF
MET_CPI    : PERF
MGT_GPU    : DUMMY
MET_GPU    : DUMMY
L1D: loaded (event PERF_L1D_MISS_LD) 
L2 : loaded (event L2_MISS_FROM_DC) (also in LBW)
L2 : loaded (event L2_MISS_FROM_PF1) (also in LBW)
L2 : loaded (event L2_MISS_FROM_PF2) (also in LBW)

------------------------
[87/128]	I'm online..
[113/128]	I'm online..
Mapping frequencies from 128 processes to 128 CPUs...
[93/128]	I'm online..
[36/128]	I'm online..
[7/128]	I'm online..
[61/128]	I'm online..
[25/128]	I'm online..
[110/128]	I'm online..
[124/128]	I'm online..
[56/128]	I'm online..
[57/128]	I'm online..
[70/128]	I'm online..
[71/128]	I'm online..
[108/128]	I'm online..
[14/128]	I'm online..
[116/128]	I'm online..
[48/128]	I'm online..
[41/128]	I'm online..
[120/128]	I'm online..
[121/128]	I'm online..
[119/128]	I'm online..
[4/128]	I'm online..
[15/128]	I'm online..
[29/128]	I'm online..
[54/128]	I'm online..
[20/128]	I'm online..
[58/128]	I'm online..
[27/128]	I'm online..
[53/128]	I'm online..
[78/128]	I'm online..
[80/128]	I'm online..
[107/128]	I'm online..
[33/128]	I'm online..
[11/128]	I'm online..
[47/128]	I'm online..
[64/128]	I'm online..
[86/128]	I'm online..
[28/128]	I'm online..
[51/128]	I'm online..
[22/128]	I'm online..
[118/128]	I'm online..
[19/128]	I'm online..
[92/128]	I'm online..
[115/128]	I'm online..
[73/128]	I'm online..
[2/128]	I'm online..
[32/128]	I'm online..
[91/128]	I'm online..
[34/128]	I'm online..
[21/128]	I'm online..
[72/128]	I'm online..
[88/128]	I'm online..
[59/128]	I'm online..
[12/128]	I'm online..
[117/128]	I'm online..
[75/128]	I'm online..
[109/128]	I'm online..
[74/128]	I'm online..
[6/128]	I'm online..
[5/128]	I'm online..
[101/128]	I'm online..
[77/128]	I'm online..
[84/128]	I'm online..
[104/128]	I'm online..
[89/128]	I'm online..
[123/128]	I'm online..
[76/128]	I'm online..
[39/128]	I'm online..
[81/128]	I'm online..
[126/128]	I'm online..
[37/128]	I'm online..
[3/128]	I'm online..
[100/128]	I'm online..
[127/128]	I'm online..
[55/128]	I'm online..
[102/128]	I'm online..
[122/128]	I'm online..
[23/128]	I'm online..
[63/128]	I'm online..
[94/128]	I'm online..
[114/128]	I'm online..
[24/128]	I'm online..
[83/128]	I'm online..
[90/128]	I'm online..
[31/128]	I'm online..
[125/128]	I'm online..
[40/128]	I'm online..
[67/128]	I'm online..
[45/128]	I'm online..
[103/128]	I'm online..
[52/128]	I'm online..
[106/128]	I'm online..
[10/128]	I'm online..
[46/128]	I'm online..
[85/128]	I'm online..
[62/128]	I'm online..
[60/128]	I'm online..
[69/128]	I'm online..
[17/128]	I'm online..
[18/128]	I'm online..
[98/128]	I'm online..
[112/128]	I'm online..
[8/128]	I'm online..
[43/128]	I'm online..
[38/128]	I'm online..
[68/128]	I'm online..
[50/128]	I'm online..
[49/128]	I'm online..
[79/128]	I'm online..
[97/128]	I'm online..
[35/128]	I'm online..
[44/128]	I'm online..
[16/128]	I'm online..
[128/128]	I'm online..
[9/128]	I'm online..
[99/128]	I'm online..
[82/128]	I'm online..
[66/128]	I'm online..
[111/128]	I'm online..
[105/128]	I'm online..
[42/128]	I'm online..
[26/128]	I'm online..
[65/128]	I'm online..
[96/128]	I'm online..
[13/128]	I'm online..
[95/128]	I'm online..
[30/128]	I'm online..
---------------- EAR 5.1 MPI enabled ----------------
                   App/user id: 'hratio_l30'/'ovaneck2'
    Node/job id/step_id/app_id: 'tcn29'/'13964739'/'0'/'2289771'
     P_STATE/frequency (turbo): 0/2600000 (0)
    Tasks/nodes/ppn/node_ratio: 128/1/128/1.000
             Policy (learning): monitoring (0)
Policy threshold/Perf accuracy: 0.00/10000000.00
   DynAIS levels/window/AVX512: 10/200/2
                      VAR path: /var/ear
           EAR privileged user: 0
                       EARL on: 1 
                  Max CPU freq: 2600000
-------------------------------------------------------
EAR initialized successfully.
[1/128]	I'm online..
[34m[tcn29][0][INFO] [0mScope APP master 1 elapsed 0.000000
----------------------------------- Application Summary [tcn29] -----------------------------------
--- App id: hratio_l30 / user id: ovaneck2 / account: vusei12999 / job.step: 13964739.0.2289771 ---


(mpi_sig) Wall time: 3.246 s, nominal freq.: 2.60 GHz, avg. freq: 2.57 GHz, avg imc freq: 1.47 GHz
          Avg. mpi_time/exec_time 7.1 %

          tasks: 128

          CPI/TPI: 0.382/6.900, GB/s: 3.383, GFLOPS: 0.000, IO: 10.939 (MB/s)
          DC/DRAM/PCK power: 171.905/0.000/221.441 (W) GFlops/Watts 0.000


---------------------------------------------------------------------------------------------------
[122/128]	Finalized MPI..
[124/128]	Finalized MPI..
[31/128]	Finalized MPI..
[96/128]	Finalized MPI..
[64/128]	Finalized MPI..
[45/128]	Finalized MPI..
[27/128]	Finalized MPI..
[73/128]	Finalized MPI..
[116/128]	Finalized MPI..
[20/128]	Finalized MPI..
[115/128]	Finalized MPI..
[9/128]	Finalized MPI..
[63/128]	Finalized MPI..
[86/128]	Finalized MPI..
[111/128]	Finalized MPI..
[109/128]	Finalized MPI..
[17/128]	Finalized MPI..
[72/128]	Finalized MPI..
[79/128]	Finalized MPI..
[35/128]	Finalized MPI..
[82/128]	Finalized MPI..
[18/128]	Finalized MPI..
[98/128]	Finalized MPI..
[47/128]	Finalized MPI..
[36/128]	Finalized MPI..
[102/128]	Finalized MPI..
[32/128]	Finalized MPI..
[68/128]	Finalized MPI..
[5/128]	Finalized MPI..
[29/128]	Finalized MPI..
[30/128]	Finalized MPI..
[106/128]	Finalized MPI..
[121/128]	Finalized MPI..
[80/128]	Finalized MPI..
[38/128]	Finalized MPI..
[90/128]	Finalized MPI..
[85/128]	Finalized MPI..
[91/128]	Finalized MPI..
[125/128]	Finalized MPI..
[34/128]	Finalized MPI..
[54/128]	Finalized MPI..
[8/128]	Finalized MPI..
[110/128]	Finalized MPI..
[49/128]	Finalized MPI..
[53/128]	Finalized MPI..
[15/128]	Finalized MPI..
[55/128]	Finalized MPI..
[127/128]	Finalized MPI..
[114/128]	Finalized MPI..
[104/128]	Finalized MPI..
[84/128]	Finalized MPI..
[74/128]	Finalized MPI..
[92/128]	Finalized MPI..
[100/128]	Finalized MPI..
[75/128]	Finalized MPI..
[118/128]	Finalized MPI..
[26/128]	Finalized MPI..
[59/128]	Finalized MPI..
[50/128]	Finalized MPI..
[51/128]	Finalized MPI..
[81/128]	Finalized MPI..
[128/128]	Finalized MPI..
[52/128]	Finalized MPI..
[99/128]	Finalized MPI..
[62/128]	Finalized MPI..
[69/128]	Finalized MPI..
[57/128]	Finalized MPI..
[21/128]	Finalized MPI..
[65/128]	Finalized MPI..
[61/128]	Finalized MPI..
[7/128]	Finalized MPI..
[28/128]	Finalized MPI..
[108/128]	Finalized MPI..
[39/128]	Finalized MPI..
[25/128]	Finalized MPI..
[105/128]	Finalized MPI..
[119/128]	Finalized MPI..
[60/128]	Finalized MPI..
[94/128]	Finalized MPI..
[40/128]	Finalized MPI..
[19/128]	Finalized MPI..
[42/128]	Finalized MPI..
[71/128]	Finalized MPI..
[48/128]	Finalized MPI..
[12/128]	Finalized MPI..
[13/128]	Finalized MPI..
[16/128]	Finalized MPI..
[93/128]	Finalized MPI..
[43/128]	Finalized MPI..
[41/128]	Finalized MPI..
[76/128]	Finalized MPI..
[14/128]	Finalized MPI..
[67/128]	Finalized MPI..
[103/128]	Finalized MPI..
[2/128]	Finalized MPI..
[6/128]	Finalized MPI..
[78/128]	Finalized MPI..
[56/128]	Finalized MPI..
[77/128]	Finalized MPI..
[101/128]	Finalized MPI..
[117/128]	Finalized MPI..
[66/128]	Finalized MPI..
[23/128]	Finalized MPI..
[97/128]	Finalized MPI..
[46/128]	Finalized MPI..
[10/128]	Finalized MPI..
[44/128]	Finalized MPI..
[112/128]	Finalized MPI..
[24/128]	Finalized MPI..
[33/128]	Finalized MPI..
[126/128]	Finalized MPI..
[107/128]	Finalized MPI..
[58/128]	Finalized MPI..
[88/128]	Finalized MPI..
[113/128]	Finalized MPI..
[89/128]	Finalized MPI..
[70/128]	Finalized MPI..
[22/128]	Finalized MPI..
[11/128]	Finalized MPI..
[87/128]	Finalized MPI..
[123/128]	Finalized MPI..
[3/128]	Finalized MPI..
[4/128]	Finalized MPI..
[1/128]	Finalized MPI..
[37/128]	Finalized MPI..
[120/128]	Finalized MPI..
[83/128]	Finalized MPI..
[95/128]	Finalized MPI..
[EARL][tcn29][2292039] --- EARL INIT [PID: 2292039] [MASTER: 1] ---
[34m[tcn29][0][INFO] [0mK-medoids & roofline strategies not available. Loading default model for the classification
--- EARL loaded APIs ---
MGT_CPUFREQ: EARD
MGT_IMCFREQ: EARD
MGT_PRIO   : DUMMY
MET_CPUFREQ: EARD
MET_IMCFREQ: EARD
MET_ENERGY : EARD
MET_TEMP:    AMD17
MET_BWIDTH : EARD
MET_FLOPS  : PERF
MET_CPI    : PERF
MGT_GPU    : DUMMY
MET_GPU    : DUMMY
L1D: loaded (event PERF_L1D_MISS_LD) 
L2 : loaded (event L2_MISS_FROM_DC) (also in LBW)
L2 : loaded (event L2_MISS_FROM_PF1) (also in LBW)
L2 : loaded (event L2_MISS_FROM_PF2) (also in LBW)

------------------------
[38/128]	I'm online..
[41/128]	I'm online..
[67/128]	I'm online..
[92/128]	I'm online..
[99/128]	I'm online..
[26/128]	I'm online..
[61/128]	I'm online..
[64/128]	I'm online..
[80/128]	I'm online..
[82/128]	I'm online..
[85/128]	I'm online..
[7/128]	I'm online..
[46/128]	I'm online..
[58/128]	I'm online..
[52/128]	I'm online..
[4/128]	I'm online..
[2/128]	I'm online..
[71/128]	I'm online..
[118/128]	I'm online..
Mapping frequencies from 128 processes to 128 CPUs...
[119/128]	I'm online..
[65/128]	I'm online..
[84/128]	I'm online..
[25/128]	I'm online..
[120/128]	I'm online..
[49/128]	I'm online..
[111/128]	I'm online..
[31/128]	I'm online..
[79/128]	I'm online..
[5/128]	I'm online..
[103/128]	I'm online..
[81/128]	I'm online..
[86/128]	I'm online..
[101/128]	I'm online..
[45/128]	I'm online..
[87/128]	I'm online..
[114/128]	I'm online..
[70/128]	I'm online..
[126/128]	I'm online..
[19/128]	I'm online..
[54/128]	I'm online..
[16/128]	I'm online..
[14/128]	I'm online..
[104/128]	I'm online..
[44/128]	I'm online..
[66/128]	I'm online..
[24/128]	I'm online..
[76/128]	I'm online..
[15/128]	I'm online..
[39/128]	I'm online..
[94/128]	I'm online..
[106/128]	I'm online..
[93/128]	I'm online..
[12/128]	I'm online..
[21/128]	I'm online..
[8/128]	I'm online..
[122/128]	I'm online..
[83/128]	I'm online..
[125/128]	I'm online..
[107/128]	I'm online..
[128/128]	I'm online..
[110/128]	I'm online..
[62/128]	I'm online..
[121/128]	I'm online..
[98/128]	I'm online..
[108/128]	I'm online..
[74/128]	I'm online..
[20/128]	I'm online..
[115/128]	I'm online..
[78/128]	I'm online..
[13/128]	I'm online..
[32/128]	I'm online..
[36/128]	I'm online..
[11/128]	I'm online..
[33/128]	I'm online..
[124/128]	I'm online..
[72/128]	I'm online..
[42/128]	I'm online..
[102/128]	I'm online..
[51/128]	I'm online..
[55/128]	I'm online..
[75/128]	I'm online..
[127/128]	I'm online..
[63/128]	I'm online..
[29/128]	I'm online..
[95/128]	I'm online..
[77/128]	I'm online..
[22/128]	I'm online..
[73/128]	I'm online..
[6/128]	I'm online..
[91/128]	I'm online..
[60/128]	I'm online..
[9/128]	I'm online..
[17/128]	I'm online..
[50/128]	I'm online..
[23/128]	I'm online..
[57/128]	I'm online..
[68/128]	I'm online..
[37/128]	I'm online..
[34/128]	I'm online..
[30/128]	I'm online..
[69/128]	I'm online..
[89/128]	I'm online..
[88/128]	I'm online..
[59/128]	I'm online..
[112/128]	I'm online..
[97/128]	I'm online..
[35/128]	I'm online..
[123/128]	I'm online..
[27/128]	I'm online..
[43/128]	I'm online..
[113/128]	I'm online..
[48/128]	I'm online..
[53/128]	I'm online..
[10/128]	I'm online..
[18/128]	I'm online..
[109/128]	I'm online..
[105/128]	I'm online..
[90/128]	I'm online..
[116/128]	I'm online..
[3/128]	I'm online..
[47/128]	I'm online..
[96/128]	I'm online..
[56/128]	I'm online..
[40/128]	I'm online..
[100/128]	I'm online..
[28/128]	I'm online..
[117/128]	I'm online..
---------------- EAR 5.1 MPI enabled ----------------
                   App/user id: 'hratio_l30'/'ovaneck2'
    Node/job id/step_id/app_id: 'tcn29'/'13964739'/'1'/'2292039'
     P_STATE/frequency (turbo): 0/2600000 (0)
    Tasks/nodes/ppn/node_ratio: 128/1/128/1.000
             Policy (learning): monitoring (0)
Policy threshold/Perf accuracy: 0.00/10000000.00
   DynAIS levels/window/AVX512: 10/200/2
                      VAR path: /var/ear
           EAR privileged user: 0
                       EARL on: 1 
                  Max CPU freq: 2600000
-------------------------------------------------------
EAR initialized successfully.
[1/128]	I'm online..
[34m[tcn29][0][INFO] [0mScope APP master 1 elapsed 0.000000
----------------------------------- Application Summary [tcn29] -----------------------------------
--- App id: hratio_l30 / user id: ovaneck2 / account: vusei12999 / job.step: 13964739.1.2292039 ---


(mpi_sig) Wall time: 3.119 s, nominal freq.: 2.60 GHz, avg. freq: 2.57 GHz, avg imc freq: 1.47 GHz
          Avg. mpi_time/exec_time 8.0 %

          tasks: 128

          CPI/TPI: 0.381/30.123, GB/s: 3.182, GFLOPS: 0.000, IO: 10.803 (MB/s)
          DC/DRAM/PCK power: 192.370/0.000/219.808 (W) GFlops/Watts 0.000


---------------------------------------------------------------------------------------------------
[1/128]	Finalized MPI..
[127/128]	Finalized MPI..
[123/128]	Finalized MPI..
[115/128]	Finalized MPI..
[65/128]	Finalized MPI..
[55/128]	Finalized MPI..
[72/128]	Finalized MPI..
[99/128]	Finalized MPI..
[57/128]	Finalized MPI..
[121/128]	Finalized MPI..
[23/128]	Finalized MPI..
[93/128]	Finalized MPI..
[128/128]	Finalized MPI..
[103/128]	Finalized MPI..
[22/128]	Finalized MPI..
[47/128]	Finalized MPI..
[26/128]	Finalized MPI..
[119/128]	Finalized MPI..
[14/128]	Finalized MPI..
[45/128]	Finalized MPI..
[110/128]	Finalized MPI..
[4/128]	Finalized MPI..
[7/128]	Finalized MPI..
[109/128]	Finalized MPI..
[33/128]	Finalized MPI..
[107/128]	Finalized MPI..
[105/128]	Finalized MPI..
[12/128]	Finalized MPI..
[78/128]	Finalized MPI..
[16/128]	Finalized MPI..
[32/128]	Finalized MPI..
[30/128]	Finalized MPI..
[43/128]	Finalized MPI..
[9/128]	Finalized MPI..
[24/128]	Finalized MPI..
[100/128]	Finalized MPI..
[92/128]	Finalized MPI..
[35/128]	Finalized MPI..
[10/128]	Finalized MPI..
[120/128]	Finalized MPI..
[29/128]	Finalized MPI..
[70/128]	Finalized MPI..
[112/128]	Finalized MPI..
[95/128]	Finalized MPI..
[98/128]	Finalized MPI..
[80/128]	Finalized MPI..
[25/128]	Finalized MPI..
[15/128]	Finalized MPI..
[111/128]	Finalized MPI..
[18/128]	Finalized MPI..
[6/128]	Finalized MPI..
[39/128]	Finalized MPI..
[51/128]	Finalized MPI..
[11/128]	Finalized MPI..
[83/128]	Finalized MPI..
[118/128]	Finalized MPI..
[124/128]	Finalized MPI..
[67/128]	Finalized MPI..
[73/128]	Finalized MPI..
[122/128]	Finalized MPI..
[20/128]	Finalized MPI..
[89/128]	Finalized MPI..
[63/128]	Finalized MPI..
[74/128]	Finalized MPI..
[8/128]	Finalized MPI..
[88/128]	Finalized MPI..
[28/128]	Finalized MPI..
[77/128]	Finalized MPI..
[13/128]	Finalized MPI..
[84/128]	Finalized MPI..
[40/128]	Finalized MPI..
[19/128]	Finalized MPI..
[96/128]	Finalized MPI..
[69/128]	Finalized MPI..
[117/128]	Finalized MPI..
[81/128]	Finalized MPI..
[90/128]	Finalized MPI..
[49/128]	Finalized MPI..
[68/128]	Finalized MPI..
[104/128]	Finalized MPI..
[75/128]	Finalized MPI..
[76/128]	Finalized MPI..
[102/128]	Finalized MPI..
[37/128]	Finalized MPI..
[59/128]	Finalized MPI..
[97/128]	Finalized MPI..
[48/128]	Finalized MPI..
[101/128]	Finalized MPI..
[56/128]	Finalized MPI..
[54/128]	Finalized MPI..
[66/128]	Finalized MPI..
[108/128]	Finalized MPI..
[44/128]	Finalized MPI..
[27/128]	Finalized MPI..
[64/128]	Finalized MPI..
[116/128]	Finalized MPI..
[3/128]	Finalized MPI..
[52/128]	Finalized MPI..
[62/128]	Finalized MPI..
[38/128]	Finalized MPI..
[60/128]	Finalized MPI..
[42/128]	Finalized MPI..
[86/128]	Finalized MPI..
[61/128]	Finalized MPI..
[125/128]	Finalized MPI..
[113/128]	Finalized MPI..
[46/128]	Finalized MPI..
[126/128]	Finalized MPI..
[106/128]	Finalized MPI..
[21/128]	Finalized MPI..
[91/128]	Finalized MPI..
[114/128]	Finalized MPI..
[87/128]	Finalized MPI..
[31/128]	Finalized MPI..
[53/128]	Finalized MPI..
[36/128]	Finalized MPI..
[34/128]	Finalized MPI..
[85/128]	Finalized MPI..
[50/128]	Finalized MPI..
[17/128]	Finalized MPI..
[79/128]	Finalized MPI..
[5/128]	Finalized MPI..
[71/128]	Finalized MPI..
[58/128]	Finalized MPI..
[41/128]	Finalized MPI..
[2/128]	Finalized MPI..
[94/128]	Finalized MPI..
[82/128]	Finalized MPI..
[EARL][tcn29][2294362] --- EARL INIT [PID: 2294362] [MASTER: 1] ---
[34m[tcn29][0][INFO] [0mK-medoids & roofline strategies not available. Loading default model for the classification
--- EARL loaded APIs ---
MGT_CPUFREQ: EARD
MGT_IMCFREQ: EARD
MGT_PRIO   : DUMMY
MET_CPUFREQ: EARD
MET_IMCFREQ: EARD
MET_ENERGY : EARD
MET_TEMP:    AMD17
MET_BWIDTH : EARD
MET_FLOPS  : PERF
MET_CPI    : PERF
MGT_GPU    : DUMMY
MET_GPU    : DUMMY
L1D: loaded (event PERF_L1D_MISS_LD) 
L2 : loaded (event L2_MISS_FROM_DC) (also in LBW)
L2 : loaded (event L2_MISS_FROM_PF1) (also in LBW)
L2 : loaded (event L2_MISS_FROM_PF2) (also in LBW)

------------------------
Mapping frequencies from 128 processes to 128 CPUs...
[34/128]	I'm online..
[103/128]	I'm online..
[31/128]	I'm online..
[48/128]	I'm online..
[97/128]	I'm online..
[123/128]	I'm online..
[115/128]	I'm online..
[86/128]	I'm online..
[121/128]	I'm online..
[73/128]	I'm online..
[23/128]	I'm online..
[116/128]	I'm online..
[52/128]	I'm online..
[96/128]	I'm online..
[43/128]	I'm online..
[61/128]	I'm online..
[60/128]	I'm online..
[58/128]	I'm online..
[13/128]	I'm online..
[117/128]	I'm online..
[28/128]	I'm online..
[24/128]	I'm online..
[36/128]	I'm online..
[39/128]	I'm online..
[17/128]	I'm online..
[33/128]	I'm online..
[114/128]	I'm online..
[50/128]	I'm online..
[21/128]	I'm online..
[67/128]	I'm online..
[11/128]	I'm online..
[78/128]	I'm online..
[47/128]	I'm online..
[70/128]	I'm online..
[102/128]	I'm online..
[19/128]	I'm online..
[22/128]	I'm online..
[49/128]	I'm online..
[64/128]	I'm online..
[84/128]	I'm online..
[90/128]	I'm online..
[66/128]	I'm online..
[100/128]	I'm online..
[18/128]	I'm online..
[30/128]	I'm online..
[128/128]	I'm online..
[12/128]	I'm online..
[112/128]	I'm online..
[118/128]	I'm online..
[14/128]	I'm online..
[16/128]	I'm online..
[106/128]	I'm online..
[93/128]	I'm online..
[27/128]	I'm online..
[92/128]	I'm online..
[79/128]	I'm online..
[75/128]	I'm online..
[65/128]	I'm online..
[126/128]	I'm online..
[89/128]	I'm online..
[72/128]	I'm online..
[20/128]	I'm online..
[85/128]	I'm online..
[83/128]	I'm online..
[54/128]	I'm online..
[56/128]	I'm online..
[55/128]	I'm online..
[101/128]	I'm online..
[108/128]	I'm online..
[44/128]	I'm online..
[45/128]	I'm online..
[74/128]	I'm online..
[107/128]	I'm online..
[32/128]	I'm online..
[25/128]	I'm online..
[51/128]	I'm online..
[71/128]	I'm online..
[125/128]	I'm online..
[127/128]	I'm online..
[3/128]	I'm online..
[98/128]	I'm online..
[6/128]	I'm online..
[88/128]	I'm online..
[38/128]	I'm online..
[104/128]	I'm online..
[57/128]	I'm online..
[119/128]	I'm online..
[111/128]	I'm online..
[8/128]	I'm online..
[62/128]	I'm online..
[109/128]	I'm online..
[95/128]	I'm online..
[76/128]	I'm online..
[105/128]	I'm online..
[124/128]	I'm online..
[35/128]	I'm online..
[4/128]	I'm online..
[77/128]	I'm online..
[68/128]	I'm online..
[81/128]	I'm online..
[87/128]	I'm online..
[59/128]	I'm online..
[110/128]	I'm online..
[113/128]	I'm online..
[53/128]	I'm online..
[41/128]	I'm online..
[80/128]	I'm online..
[7/128]	I'm online..
[37/128]	I'm online..
[120/128]	I'm online..
[5/128]	I'm online..
[46/128]	I'm online..
[63/128]	I'm online..
[26/128]	I'm online..
[9/128]	I'm online..
[122/128]	I'm online..
[40/128]	I'm online..
[99/128]	I'm online..
[91/128]	I'm online..
[15/128]	I'm online..
[2/128]	I'm online..
[10/128]	I'm online..
[82/128]	I'm online..
[69/128]	I'm online..
[94/128]	I'm online..
[42/128]	I'm online..
[29/128]	I'm online..
---------------- EAR 5.1 MPI enabled ----------------
                   App/user id: 'hratio_l30'/'ovaneck2'
    Node/job id/step_id/app_id: 'tcn29'/'13964739'/'2'/'2294362'
     P_STATE/frequency (turbo): 0/2600000 (0)
    Tasks/nodes/ppn/node_ratio: 128/1/128/1.000
             Policy (learning): monitoring (0)
Policy threshold/Perf accuracy: 0.00/10000000.00
   DynAIS levels/window/AVX512: 10/200/2
                      VAR path: /var/ear
           EAR privileged user: 0
                       EARL on: 1 
                  Max CPU freq: 2600000
-------------------------------------------------------
EAR initialized successfully.
[1/128]	I'm online..
Warning, going to time guided because low number of MPI calls per second current 2.000000 
EAR[2294362](hratio_l30) at 2.60/1.47 in tcn29 MR[0] elapsed 35 sec.: [32mLoop time: 1.010s DC Power: [35m409.7W[32m DRAM power: 0.00W PCK power: 385.38W
	avg. CPUFreq: 2.57GHz avg. IMCFreq: 1.47GHz Next Frequency 2.60
	CPI: 0.525 VPI: 0.00, Mem. bwidth: 0.20GB/s GFLOPS: 0.00 I/O: 0.15MB/s No MPI  
	TPI 0.04 Cache miss rates: L1 2.18GB/s L2 0.01GB/s L3 0.00GB/s
	Total MPI calls 2
	IO DATA: rchar 4550 wchar 6440 syscr 50 syscw 5 read_bytes 0 write_bytes 12288
	Process OS info: (pid 2294362 state R utime 975 stime 0 cutime 0 cstime 0 CPU usage 96)
	CPU temperature (celsius): socket 0: 56 socket 1: 61[0m
EAR[2294362](hratio_l30) at 2.60/1.47 in tcn29 MR[0] elapsed 47 sec.: [32mLoop time: 1.222s DC Power: [35m408.1W[32m DRAM power: 0.00W PCK power: 385.93W
	avg. CPUFreq: 2.57GHz avg. IMCFreq: 1.47GHz
	CPI: 0.524 VPI: 0.00, Mem. bwidth: 0.16GB/s GFLOPS: 0.00 I/O: 0.01MB/s No MPI  
	TPI 0.03 Cache miss rates: L1 0.72GB/s L2 0.00GB/s L3 0.00GB/s
	Total MPI calls 2
	IO DATA: rchar 4662 wchar 9427 syscr 52 syscw 30 read_bytes 0 write_bytes 434176
	Process OS info: (pid 2294362 state R utime 1203 stime 1 cutime 0 cstime 0 CPU usage 98)
	CPU temperature (celsius): socket 0: 58 socket 1: 63[0m
EAR[2294362](hratio_l30) at 2.60/1.47 in tcn29 MR[0] elapsed 58 sec.: [32mLoop time: 1.107s DC Power: [35m456.5W[32m DRAM power: 0.00W PCK power: 386.41W
	avg. CPUFreq: 2.57GHz avg. IMCFreq: 1.47GHz
	CPI: 0.525 VPI: 0.00, Mem. bwidth: 0.15GB/s GFLOPS: 0.00 I/O: 0.01MB/s No MPI  
	TPI 0.03 Cache miss rates: L1 0.59GB/s L2 0.00GB/s L3 0.00GB/s
	Total MPI calls 2
	IO DATA: rchar 4606 wchar 8842 syscr 51 syscw 27 read_bytes 0 write_bytes 299008
	Process OS info: (pid 2294362 state R utime 1088 stime 0 cutime 0 cstime 0 CPU usage 98)
	CPU temperature (celsius): socket 0: 59 socket 1: 64[0m
EAR[2294362](hratio_l30) at 2.60/1.47 in tcn29 MR[0] elapsed 69 sec.: [32mLoop time: 1.107s DC Power: [35m415.1W[32m DRAM power: 0.00W PCK power: 387.15W
	avg. CPUFreq: 2.57GHz avg. IMCFreq: 1.47GHz
	CPI: 0.525 VPI: 0.00, Mem. bwidth: 0.14GB/s GFLOPS: 0.00 I/O: 0.01MB/s No MPI  
	TPI 0.03 Cache miss rates: L1 0.60GB/s L2 0.00GB/s L3 0.00GB/s
	Total MPI calls 2
	IO DATA: rchar 4607 wchar 8842 syscr 51 syscw 27 read_bytes 0 write_bytes 299008
	Process OS info: (pid 2294362 state R utime 1090 stime 1 cutime 0 cstime 0 CPU usage 98)
	CPU temperature (celsius): socket 0: 59 socket 1: 64[0m
EAR[2294362](hratio_l30) at 2.60/1.47 in tcn29 MR[0] elapsed 80 sec.: [32mLoop time: 1.107s DC Power: [35m464.9W[32m DRAM power: 0.00W PCK power: 386.92W
	avg. CPUFreq: 2.57GHz avg. IMCFreq: 1.47GHz
	CPI: 0.524 VPI: 0.00, Mem. bwidth: 0.14GB/s GFLOPS: 0.00 I/O: 0.01MB/s No MPI  
	TPI 0.03 Cache miss rates: L1 0.65GB/s L2 0.00GB/s L3 0.00GB/s
	Total MPI calls 2
	IO DATA: rchar 4608 wchar 8842 syscr 51 syscw 27 read_bytes 0 write_bytes 299008
	Process OS info: (pid 2294362 state R utime 1092 stime 0 cutime 0 cstime 0 CPU usage 98)
	CPU temperature (celsius): socket 0: 60 socket 1: 65[0m
EAR[2294362](hratio_l30) at 2.60/1.47 in tcn29 MR[0] elapsed 91 sec.: [32mLoop time: 1.107s DC Power: [35m465.5W[32m DRAM power: 0.00W PCK power: 387.28W
	avg. CPUFreq: 2.57GHz avg. IMCFreq: 1.47GHz
	CPI: 0.524 VPI: 0.00, Mem. bwidth: 0.15GB/s GFLOPS: 0.00 I/O: 0.01MB/s No MPI  
	TPI 0.03 Cache miss rates: L1 0.75GB/s L2 0.00GB/s L3 0.00GB/s
	Total MPI calls 2
	IO DATA: rchar 4608 wchar 8842 syscr 51 syscw 27 read_bytes 0 write_bytes 303104
	Process OS info: (pid 2294362 state R utime 1081 stime 1 cutime 0 cstime 0 CPU usage 97)
	CPU temperature (celsius): socket 0: 60 socket 1: 65[0m
EAR[2294362](hratio_l30) at 2.60/1.47 in tcn29 MR[0] elapsed 102 sec.: [32mLoop time: 1.108s DC Power: [35m419.3W[32m DRAM power: 0.00W PCK power: 387.44W
	avg. CPUFreq: 2.57GHz avg. IMCFreq: 1.47GHz
	CPI: 0.524 VPI: 0.00, Mem. bwidth: 0.15GB/s GFLOPS: 0.00 I/O: 0.01MB/s No MPI  
	TPI 0.03 Cache miss rates: L1 0.65GB/s L2 0.00GB/s L3 0.00GB/s
	Total MPI calls 2
	IO DATA: rchar 4608 wchar 8842 syscr 51 syscw 27 read_bytes 0 write_bytes 303104
	Process OS info: (pid 2294362 state R utime 1090 stime 1 cutime 0 cstime 0 CPU usage 98)
	CPU temperature (celsius): socket 0: 60 socket 1: 66[0m
EAR[2294362](hratio_l30) at 2.60/1.47 in tcn29 MR[0] elapsed 113 sec.: [32mLoop time: 1.108s DC Power: [35m419.2W[32m DRAM power: 0.00W PCK power: 387.65W
	avg. CPUFreq: 2.57GHz avg. IMCFreq: 1.47GHz
	CPI: 0.523 VPI: 0.00, Mem. bwidth: 0.13GB/s GFLOPS: 0.00 I/O: 0.01MB/s No MPI  
	TPI 0.03 Cache miss rates: L1 0.56GB/s L2 0.00GB/s L3 0.00GB/s
	Total MPI calls 2
	IO DATA: rchar 4608 wchar 8843 syscr 51 syscw 27 read_bytes 0 write_bytes 299008
	Process OS info: (pid 2294362 state R utime 1090 stime 0 cutime 0 cstime 0 CPU usage 98)
	CPU temperature (celsius): socket 0: 61 socket 1: 66[0m
EAR[2294362](hratio_l30) at 2.60/1.47 in tcn29 MR[0] elapsed 125 sec.: [32mLoop time: 1.109s DC Power: [35m465.5W[32m DRAM power: 0.00W PCK power: 387.75W
	avg. CPUFreq: 2.57GHz avg. IMCFreq: 1.47GHz
	CPI: 0.524 VPI: 0.00, Mem. bwidth: 0.16GB/s GFLOPS: 0.00 I/O: 0.01MB/s No MPI  
	TPI 0.03 Cache miss rates: L1 0.65GB/s L2 0.00GB/s L3 0.00GB/s
	Total MPI calls 2
	IO DATA: rchar 4609 wchar 8843 syscr 51 syscw 27 read_bytes 0 write_bytes 303104
	Process OS info: (pid 2294362 state R utime 1072 stime 1 cutime 0 cstime 0 CPU usage 96)
	CPU temperature (celsius): socket 0: 61 socket 1: 66[0m
EAR[2294362](hratio_l30) at 2.60/1.47 in tcn29 MR[0] elapsed 136 sec.: [32mLoop time: 1.208s DC Power: [35m470.8W[32m DRAM power: 0.00W PCK power: 387.93W
	avg. CPUFreq: 2.57GHz avg. IMCFreq: 1.47GHz
	CPI: 0.524 VPI: 0.00, Mem. bwidth: 0.13GB/s GFLOPS: 0.00 I/O: 0.01MB/s No MPI  
	TPI 0.03 Cache miss rates: L1 0.64GB/s L2 0.00GB/s L3 0.00GB/s
	Total MPI calls 2
	IO DATA: rchar 4609 wchar 8843 syscr 51 syscw 27 read_bytes 0 write_bytes 299008
	Process OS info: (pid 2294362 state R utime 1190 stime 0 cutime 0 cstime 0 CPU usage 98)
	CPU temperature (celsius): socket 0: 61 socket 1: 67[0m
EAR[2294362](hratio_l30) at 2.60/1.47 in tcn29 MR[0] elapsed 147 sec.: [32mLoop time: 1.113s DC Power: [35m464.5W[32m DRAM power: 0.00W PCK power: 387.82W
	avg. CPUFreq: 2.57GHz avg. IMCFreq: 1.47GHz
	CPI: 0.524 VPI: 0.00, Mem. bwidth: 0.18GB/s GFLOPS: 0.00 I/O: 0.01MB/s No MPI  
	TPI 0.04 Cache miss rates: L1 0.62GB/s L2 0.00GB/s L3 0.00GB/s
	Total MPI calls 2
	IO DATA: rchar 4609 wchar 8843 syscr 51 syscw 27 read_bytes 0 write_bytes 380928
	Process OS info: (pid 2294362 state R utime 1091 stime 2 cutime 0 cstime 0 CPU usage 98)
	CPU temperature (celsius): socket 0: 61 socket 1: 67[0m
EAR[2294362](hratio_l30) at 2.60/1.47 in tcn29 MR[0] elapsed 158 sec.: [32mLoop time: 1.108s DC Power: [35m466.9W[32m DRAM power: 0.00W PCK power: 387.93W
	avg. CPUFreq: 2.57GHz avg. IMCFreq: 1.47GHz
	CPI: 0.524 VPI: 0.00, Mem. bwidth: 0.16GB/s GFLOPS: 0.00 I/O: 0.01MB/s No MPI  
	TPI 0.03 Cache miss rates: L1 0.65GB/s L2 0.00GB/s L3 0.00GB/s
	Total MPI calls 2
	IO DATA: rchar 4609 wchar 8843 syscr 51 syscw 27 read_bytes 0 write_bytes 294912
	Process OS info: (pid 2294362 state R utime 1089 stime 0 cutime 0 cstime 0 CPU usage 98)
	CPU temperature (celsius): socket 0: 61 socket 1: 67[0m
EAR[2294362](hratio_l30) at 2.60/1.47 in tcn29 MR[0] elapsed 169 sec.: [32mLoop time: 1.108s DC Power: [35m467.6W[32m DRAM power: 0.00W PCK power: 387.87W
	avg. CPUFreq: 2.57GHz avg. IMCFreq: 1.47GHz
	CPI: 0.524 VPI: 0.00, Mem. bwidth: 0.14GB/s GFLOPS: 0.00 I/O: 0.01MB/s No MPI  
	TPI 0.03 Cache miss rates: L1 0.65GB/s L2 0.00GB/s L3 0.00GB/s
	Total MPI calls 2
	IO DATA: rchar 4609 wchar 8843 syscr 51 syscw 27 read_bytes 0 write_bytes 299008
	Process OS info: (pid 2294362 state R utime 1090 stime 1 cutime 0 cstime 0 CPU usage 98)
	CPU temperature (celsius): socket 0: 61 socket 1: 67[0m
EAR[2294362](hratio_l30) at 2.60/1.47 in tcn29 MR[0] elapsed 180 sec.: [32mLoop time: 1.108s DC Power: [35m467.6W[32m DRAM power: 0.00W PCK power: 388.02W
	avg. CPUFreq: 2.57GHz avg. IMCFreq: 1.47GHz
	CPI: 0.524 VPI: 0.00, Mem. bwidth: 0.15GB/s GFLOPS: 0.00 I/O: 0.01MB/s No MPI  
	TPI 0.03 Cache miss rates: L1 0.66GB/s L2 0.00GB/s L3 0.00GB/s
	Total MPI calls 2
	IO DATA: rchar 4609 wchar 8843 syscr 51 syscw 27 read_bytes 0 write_bytes 294912
	Process OS info: (pid 2294362 state R utime 1071 stime 1 cutime 0 cstime 0 CPU usage 96)
	CPU temperature (celsius): socket 0: 62 socket 1: 67[0m
EAR[2294362](hratio_l30) at 2.60/1.47 in tcn29 MR[0] elapsed 192 sec.: [32mLoop time: 1.108s DC Power: [35m467.7W[32m DRAM power: 0.00W PCK power: 388.09W
	avg. CPUFreq: 2.57GHz avg. IMCFreq: 1.47GHz
	CPI: 0.524 VPI: 0.00, Mem. bwidth: 0.15GB/s GFLOPS: 0.00 I/O: 0.01MB/s No MPI  
	TPI 0.03 Cache miss rates: L1 0.68GB/s L2 0.00GB/s L3 0.00GB/s
	Total MPI calls 2
	IO DATA: rchar 4609 wchar 8843 syscr 51 syscw 27 read_bytes 0 write_bytes 299008
	Process OS info: (pid 2294362 state R utime 1090 stime 0 cutime 0 cstime 0 CPU usage 98)
	CPU temperature (celsius): socket 0: 62 socket 1: 67[0m
EAR[2294362](hratio_l30) at 2.60/1.47 in tcn29 MR[0] elapsed 203 sec.: [32mLoop time: 1.109s DC Power: [35m467.2W[32m DRAM power: 0.00W PCK power: 388.10W
	avg. CPUFreq: 2.57GHz avg. IMCFreq: 1.47GHz
	CPI: 0.523 VPI: 0.00, Mem. bwidth: 0.14GB/s GFLOPS: 0.00 I/O: 0.01MB/s No MPI  
	TPI 0.03 Cache miss rates: L1 0.61GB/s L2 0.00GB/s L3 0.00GB/s
	Total MPI calls 2
	IO DATA: rchar 4609 wchar 8843 syscr 51 syscw 27 read_bytes 0 write_bytes 299008
	Process OS info: (pid 2294362 state R utime 1089 stime 1 cutime 0 cstime 0 CPU usage 98)
	CPU temperature (celsius): socket 0: 62 socket 1: 67[0m
EAR[2294362](hratio_l30) at 2.60/1.47 in tcn29 MR[0] elapsed 214 sec.: [32mLoop time: 1.108s DC Power: [35m420.8W[32m DRAM power: 0.00W PCK power: 388.11W
	avg. CPUFreq: 2.57GHz avg. IMCFreq: 1.47GHz
	CPI: 0.524 VPI: 0.00, Mem. bwidth: 0.16GB/s GFLOPS: 0.00 I/O: 0.01MB/s No MPI  
	TPI 0.03 Cache miss rates: L1 0.62GB/s L2 0.00GB/s L3 0.00GB/s
	Total MPI calls 2
	IO DATA: rchar 4609 wchar 8843 syscr 51 syscw 27 read_bytes 0 write_bytes 442368
	Process OS info: (pid 2294362 state R utime 1089 stime 1 cutime 0 cstime 0 CPU usage 98)
	CPU temperature (celsius): socket 0: 62 socket 1: 68[0m
EAR[2294362](hratio_l30) at 2.60/1.47 in tcn29 MR[0] elapsed 225 sec.: [32mLoop time: 1.108s DC Power: [35m420.8W[32m DRAM power: 0.00W PCK power: 388.36W
	avg. CPUFreq: 2.57GHz avg. IMCFreq: 1.47GHz
	CPI: 0.524 VPI: 0.00, Mem. bwidth: 0.12GB/s GFLOPS: 0.00 I/O: 0.01MB/s No MPI  
	TPI 0.03 Cache miss rates: L1 0.69GB/s L2 0.00GB/s L3 0.00GB/s
	Total MPI calls 2
	IO DATA: rchar 4609 wchar 8843 syscr 51 syscw 27 read_bytes 0 write_bytes 434176
	Process OS info: (pid 2294362 state R utime 1090 stime 0 cutime 0 cstime 0 CPU usage 98)
	CPU temperature (celsius): socket 0: 62 socket 1: 68[0m
EAR[2294362](hratio_l30) at 2.60/1.47 in tcn29 MR[0] elapsed 236 sec.: [32mLoop time: 1.108s DC Power: [35m467.8W[32m DRAM power: 0.00W PCK power: 388.42W
	avg. CPUFreq: 2.57GHz avg. IMCFreq: 1.47GHz
	CPI: 0.524 VPI: 0.00, Mem. bwidth: 0.12GB/s GFLOPS: 0.00 I/O: 0.01MB/s No MPI  
	TPI 0.03 Cache miss rates: L1 0.64GB/s L2 0.00GB/s L3 0.00GB/s
	Total MPI calls 2
	IO DATA: rchar 4609 wchar 8843 syscr 51 syscw 27 read_bytes 0 write_bytes 311296
	Process OS info: (pid 2294362 state R utime 1091 stime 1 cutime 0 cstime 0 CPU usage 98)
	CPU temperature (celsius): socket 0: 62 socket 1: 68[0m
EAR[2294362](hratio_l30) at 2.60/1.47 in tcn29 MR[0] elapsed 247 sec.: [32mLoop time: 1.108s DC Power: [35m468.5W[32m DRAM power: 0.00W PCK power: 388.62W
	avg. CPUFreq: 2.57GHz avg. IMCFreq: 1.47GHz
	CPI: 0.524 VPI: 0.00, Mem. bwidth: 0.17GB/s GFLOPS: 0.00 I/O: 0.01MB/s No MPI  
	TPI 0.03 Cache miss rates: L1 0.63GB/s L2 0.00GB/s L3 0.00GB/s
	Total MPI calls 2
	IO DATA: rchar 4609 wchar 8843 syscr 51 syscw 27 read_bytes 0 write_bytes 299008
	Process OS info: (pid 2294362 state R utime 1090 stime 1 cutime 0 cstime 0 CPU usage 98)
	CPU temperature (celsius): socket 0: 62 socket 1: 68[0m
EAR[2294362](hratio_l30) at 2.60/1.47 in tcn29 MR[0] elapsed 258 sec.: [32mLoop time: 1.108s DC Power: [35m421.4W[32m DRAM power: 0.00W PCK power: 388.61W
	avg. CPUFreq: 2.57GHz avg. IMCFreq: 1.47GHz
	CPI: 0.524 VPI: 0.00, Mem. bwidth: 0.15GB/s GFLOPS: 0.00 I/O: 0.01MB/s No MPI  
	TPI 0.03 Cache miss rates: L1 0.58GB/s L2 0.00GB/s L3 0.00GB/s
	Total MPI calls 2
	IO DATA: rchar 4609 wchar 8843 syscr 51 syscw 27 read_bytes 0 write_bytes 315392
	Process OS info: (pid 2294362 state R utime 1090 stime 0 cutime 0 cstime 0 CPU usage 98)
	CPU temperature (celsius): socket 0: 62 socket 1: 68[0m
EAR[2294362](hratio_l30) at 2.60/1.47 in tcn29 MR[0] elapsed 269 sec.: [32mLoop time: 1.107s DC Power: [35m468.6W[32m DRAM power: 0.00W PCK power: 388.59W
	avg. CPUFreq: 2.57GHz avg. IMCFreq: 1.47GHz
	CPI: 0.524 VPI: 0.00, Mem. bwidth: 0.18GB/s GFLOPS: 0.00 I/O: 0.01MB/s No MPI  
	TPI 0.04 Cache miss rates: L1 0.56GB/s L2 0.00GB/s L3 0.00GB/s
	Total MPI calls 2
	IO DATA: rchar 4609 wchar 8843 syscr 51 syscw 27 read_bytes 0 write_bytes 299008
	Process OS info: (pid 2294362 state R utime 1070 stime 1 cutime 0 cstime 0 CPU usage 96)
	CPU temperature (celsius): socket 0: 62 socket 1: 68[0m
EAR[2294362](hratio_l30) at 2.60/1.47 in tcn29 MR[0] elapsed 280 sec.: [32mLoop time: 1.108s DC Power: [35m421.5W[32m DRAM power: 0.00W PCK power: 388.71W
	avg. CPUFreq: 2.57GHz avg. IMCFreq: 1.47GHz
	CPI: 0.524 VPI: 0.00, Mem. bwidth: 0.19GB/s GFLOPS: 0.00 I/O: 0.01MB/s No MPI  
	TPI 0.04 Cache miss rates: L1 0.69GB/s L2 0.00GB/s L3 0.00GB/s
	Total MPI calls 2
	IO DATA: rchar 4609 wchar 8843 syscr 51 syscw 27 read_bytes 0 write_bytes 294912
	Process OS info: (pid 2294362 state R utime 1089 stime 0 cutime 0 cstime 0 CPU usage 98)
	CPU temperature (celsius): socket 0: 62 socket 1: 68[0m
EAR[2294362](hratio_l30) at 2.60/1.47 in tcn29 MR[0] elapsed 291 sec.: [32mLoop time: 1.108s DC Power: [35m468.5W[32m DRAM power: 0.00W PCK power: 388.59W
	avg. CPUFreq: 2.57GHz avg. IMCFreq: 1.47GHz
	CPI: 0.523 VPI: 0.00, Mem. bwidth: 0.14GB/s GFLOPS: 0.00 I/O: 0.01MB/s No MPI  
	TPI 0.03 Cache miss rates: L1 0.61GB/s L2 0.00GB/s L3 0.00GB/s
	Total MPI calls 2
	IO DATA: rchar 4609 wchar 8843 syscr 51 syscw 27 read_bytes 0 write_bytes 294912
	Process OS info: (pid 2294362 state R utime 1091 stime 1 cutime 0 cstime 0 CPU usage 98)
	CPU temperature (celsius): socket 0: 62 socket 1: 68[0m
EAR[2294362](hratio_l30) at 2.60/1.47 in tcn29 MR[0] elapsed 302 sec.: [32mLoop time: 1.108s DC Power: [35m421.7W[32m DRAM power: 0.00W PCK power: 388.67W
	avg. CPUFreq: 2.57GHz avg. IMCFreq: 1.47GHz
	CPI: 0.524 VPI: 0.00, Mem. bwidth: 0.16GB/s GFLOPS: 0.00 I/O: 0.01MB/s No MPI  
	TPI 0.03 Cache miss rates: L1 0.61GB/s L2 0.00GB/s L3 0.00GB/s
	Total MPI calls 2
	IO DATA: rchar 4609 wchar 8843 syscr 51 syscw 27 read_bytes 0 write_bytes 299008
	Process OS info: (pid 2294362 state R utime 1081 stime 1 cutime 0 cstime 0 CPU usage 97)
	CPU temperature (celsius): socket 0: 62 socket 1: 68[0m
EAR[2294362](hratio_l30) at 2.60/1.47 in tcn29 MR[0] elapsed 313 sec.: [32mLoop time: 1.108s DC Power: [35m468.6W[32m DRAM power: 0.00W PCK power: 388.69W
	avg. CPUFreq: 2.57GHz avg. IMCFreq: 1.47GHz
	CPI: 0.524 VPI: 0.00, Mem. bwidth: 0.14GB/s GFLOPS: 0.00 I/O: 0.01MB/s No MPI  
	TPI 0.03 Cache miss rates: L1 0.63GB/s L2 0.00GB/s L3 0.00GB/s
	Total MPI calls 2
	IO DATA: rchar 4609 wchar 8843 syscr 51 syscw 27 read_bytes 0 write_bytes 294912
	Process OS info: (pid 2294362 state R utime 1092 stime 0 cutime 0 cstime 0 CPU usage 98)
	CPU temperature (celsius): socket 0: 62 socket 1: 68[0m
EAR[2294362](hratio_l30) at 2.60/1.47 in tcn29 MR[0] elapsed 325 sec.: [32mLoop time: 1.108s DC Power: [35m468.5W[32m DRAM power: 0.00W PCK power: 388.56W
	avg. CPUFreq: 2.57GHz avg. IMCFreq: 1.47GHz
	CPI: 0.524 VPI: 0.00, Mem. bwidth: 0.13GB/s GFLOPS: 0.00 I/O: 0.01MB/s No MPI  
	TPI 0.03 Cache miss rates: L1 0.62GB/s L2 0.00GB/s L3 0.00GB/s
	Total MPI calls 2
	IO DATA: rchar 4609 wchar 8843 syscr 51 syscw 27 read_bytes 0 write_bytes 299008
	Process OS info: (pid 2294362 state R utime 1091 stime 1 cutime 0 cstime 0 CPU usage 98)
	CPU temperature (celsius): socket 0: 62 socket 1: 68[0m
EAR[2294362](hratio_l30) at 2.60/1.47 in tcn29 MR[0] elapsed 336 sec.: [32mLoop time: 1.109s DC Power: [35m467.8W[32m DRAM power: 0.00W PCK power: 388.61W
	avg. CPUFreq: 2.57GHz avg. IMCFreq: 1.47GHz
	CPI: 0.524 VPI: 0.00, Mem. bwidth: 0.20GB/s GFLOPS: 0.00 I/O: 0.01MB/s No MPI  
	TPI 0.04 Cache miss rates: L1 0.64GB/s L2 0.00GB/s L3 0.00GB/s
	Total MPI calls 2
	IO DATA: rchar 4609 wchar 8843 syscr 51 syscw 27 read_bytes 0 write_bytes 294912
	Process OS info: (pid 2294362 state R utime 1087 stime 1 cutime 0 cstime 0 CPU usage 98)
	CPU temperature (celsius): socket 0: 62 socket 1: 68[0m
EAR[2294362](hratio_l30) at 2.60/1.47 in tcn29 MR[0] elapsed 347 sec.: [32mLoop time: 1.108s DC Power: [35m421.7W[32m DRAM power: 0.00W PCK power: 388.49W
	avg. CPUFreq: 2.57GHz avg. IMCFreq: 1.47GHz
	CPI: 0.524 VPI: 0.00, Mem. bwidth: 0.12GB/s GFLOPS: 0.00 I/O: 0.01MB/s No MPI  
	TPI 0.03 Cache miss rates: L1 0.63GB/s L2 0.00GB/s L3 0.00GB/s
	Total MPI calls 2
	IO DATA: rchar 4609 wchar 8843 syscr 51 syscw 27 read_bytes 0 write_bytes 299008
	Process OS info: (pid 2294362 state R utime 1091 stime 0 cutime 0 cstime 0 CPU usage 98)
	CPU temperature (celsius): socket 0: 62 socket 1: 68[0m
EAR[2294362](hratio_l30) at 2.60/1.47 in tcn29 MR[0] elapsed 358 sec.: [32mLoop time: 1.107s DC Power: [35m468.7W[32m DRAM power: 0.00W PCK power: 388.48W
	avg. CPUFreq: 2.57GHz avg. IMCFreq: 1.47GHz
	CPI: 0.524 VPI: 0.00, Mem. bwidth: 0.15GB/s GFLOPS: 0.00 I/O: 0.01MB/s No MPI  
	TPI 0.03 Cache miss rates: L1 0.63GB/s L2 0.00GB/s L3 0.00GB/s
	Total MPI calls 2
	IO DATA: rchar 4609 wchar 8843 syscr 51 syscw 27 read_bytes 0 write_bytes 299008
	Process OS info: (pid 2294362 state R utime 1089 stime 1 cutime 0 cstime 0 CPU usage 98)
	CPU temperature (celsius): socket 0: 62 socket 1: 68[0m
srun: Job step aborted: Waiting up to 32 seconds for job step to finish.
[2025-08-09T13:41:38.930] error: *** JOB 13964739 ON tcn29 CANCELLED AT 2025-08-09T13:41:38 DUE to SIGNAL Terminated ***
[2025-08-09T13:41:38.931] error: *** STEP 13964739.2 ON tcn29 CANCELLED AT 2025-08-09T13:41:38 DUE to SIGNAL Terminated ***
