[EARL][tcn26][248569] --- EARL INIT [PID: 248569] [MASTER: 1] ---
[34m[tcn26][0][INFO] [0mK-medoids & roofline strategies not available. Loading default model for the classification
--- EARL loaded APIs ---
MGT_CPUFREQ: EARD
MGT_IMCFREQ: EARD
MGT_PRIO   : DUMMY
MET_CPUFREQ: EARD
MET_IMCFREQ: EARD
MET_ENERGY : EARD
MET_TEMP:    AMD17
MET_BWIDTH : EARD
MET_FLOPS  : PERF
MET_CPI    : PERF
MGT_GPU    : DUMMY
MET_GPU    : DUMMY
L1D: loaded (event PERF_L1D_MISS_LD) 
L2 : loaded (event L2_MISS_FROM_DC) (also in LBW)
L2 : loaded (event L2_MISS_FROM_PF1) (also in LBW)
L2 : loaded (event L2_MISS_FROM_PF2) (also in LBW)

------------------------
Mapping frequencies from 16 processes to 128 CPUs...
[2/16]	I'm online..
[7/16]	I'm online..
[8/16]	I'm online..
[13/16]	I'm online..
[14/16]	I'm online..
[15/16]	I'm online..
[16/16]	I'm online..
[3/16]	I'm online..
[4/16]	I'm online..
[5/16]	I'm online..
[6/16]	I'm online..
[9/16]	I'm online..
[11/16]	I'm online..
[12/16]	I'm online..
[10/16]	I'm online..
---------------- EAR 5.1 MPI enabled ----------------
                   App/user id: 'hratio_l10'/'ovaneck2'
    Node/job id/step_id/app_id: 'tcn26'/'13962903'/'0'/'248569'
     P_STATE/frequency (turbo): 0/2600000 (0)
    Tasks/nodes/ppn/node_ratio: 16/1/16/1.000
             Policy (learning): monitoring (0)
Policy threshold/Perf accuracy: 0.00/10000000.00
   DynAIS levels/window/AVX512: 10/200/2
                      VAR path: /var/ear
           EAR privileged user: 0
                       EARL on: 1 
                  Max CPU freq: 2600000
-------------------------------------------------------
EAR initialized successfully.
[1/16]	I'm online..
[34m[tcn26][0][INFO] [0mWarning: Estimated power 166.62 W (DC vs CPU+GPU 1.00)
[34m[tcn26][0][INFO] [0mScope APP master 1 elapsed 0.000000
----------------------------------- Application Summary [tcn26] -----------------------------------
--- App id: hratio_l10 / user id: ovaneck2 / account: vusei12999 / job.step: 13962903.0.248569 ---


(mpi_sig) Wall time: 0.057 s, nominal freq.: 2.60 GHz, avg. freq: 2.57 GHz, avg imc freq: 1.47 GHz
          Avg. mpi_time/exec_time 12.5 %

          tasks: 16

          CPI/TPI: 0.485/6.097, GB/s: 2.357, GFLOPS: 0.000, IO: 2.571 (MB/s)
          DC/DRAM/PCK power: 166.614/0.000/166.620 (W) GFlops/Watts 0.000


---------------------------------------------------------------------------------------------------
[8/16]	Finalized MPI..
[7/16]	Finalized MPI..
[12/16]	Finalized MPI..
[11/16]	Finalized MPI..
[14/16]	Finalized MPI..
[10/16]	Finalized MPI..
[15/16]	Finalized MPI..
[16/16]	Finalized MPI..
[9/16]	Finalized MPI..
[13/16]	Finalized MPI..
[5/16]	Finalized MPI..
[6/16]	Finalized MPI..
[2/16]	Finalized MPI..
[1/16]	Finalized MPI..
[4/16]	Finalized MPI..
[3/16]	Finalized MPI..
[EARL][tcn26][249101] --- EARL INIT [PID: 249101] [MASTER: 1] ---
[34m[tcn26][0][INFO] [0mK-medoids & roofline strategies not available. Loading default model for the classification
--- EARL loaded APIs ---
MGT_CPUFREQ: EARD
MGT_IMCFREQ: EARD
MGT_PRIO   : DUMMY
MET_CPUFREQ: EARD
MET_IMCFREQ: EARD
MET_ENERGY : EARD
MET_TEMP:    AMD17
MET_BWIDTH : EARD
MET_FLOPS  : PERF
MET_CPI    : PERF
MGT_GPU    : DUMMY
MET_GPU    : DUMMY
L1D: loaded (event PERF_L1D_MISS_LD) 
L2 : loaded (event L2_MISS_FROM_DC) (also in LBW)
L2 : loaded (event L2_MISS_FROM_PF1) (also in LBW)
L2 : loaded (event L2_MISS_FROM_PF2) (also in LBW)

------------------------
Mapping frequencies from 16 processes to 128 CPUs...
[2/16]	I'm online..
[7/16]	I'm online..
[8/16]	I'm online..
[11/16]	I'm online..
[12/16]	I'm online..
[13/16]	I'm online..
[14/16]	I'm online..
[3/16]	I'm online..
[4/16]	I'm online..
[5/16]	I'm online..
[6/16]	I'm online..
[9/16]	I'm online..
[10/16]	I'm online..
[15/16]	I'm online..
[16/16]	I'm online..
---------------- EAR 5.1 MPI enabled ----------------
                   App/user id: 'hratio_l10'/'ovaneck2'
    Node/job id/step_id/app_id: 'tcn26'/'13962903'/'1'/'249101'
     P_STATE/frequency (turbo): 0/2600000 (0)
    Tasks/nodes/ppn/node_ratio: 16/1/16/1.000
             Policy (learning): monitoring (0)
Policy threshold/Perf accuracy: 0.00/10000000.00
   DynAIS levels/window/AVX512: 10/200/2
                      VAR path: /var/ear
           EAR privileged user: 0
                       EARL on: 1 
                  Max CPU freq: 2600000
-------------------------------------------------------
EAR initialized successfully.
[1/16]	I'm online..
[34m[tcn26][0][INFO] [0mWarning: Estimated power 151.06 W (DC vs CPU+GPU 1.00)
[34m[tcn26][0][INFO] [0mScope APP master 1 elapsed 0.000000
----------------------------------- Application Summary [tcn26] -----------------------------------
--- App id: hratio_l10 / user id: ovaneck2 / account: vusei12999 / job.step: 13962903.1.249101 ---


(mpi_sig) Wall time: 0.060 s, nominal freq.: 2.60 GHz, avg. freq: 2.56 GHz, avg imc freq: 1.47 GHz
          Avg. mpi_time/exec_time 11.5 %

          tasks: 16

          CPI/TPI: 0.511/12.907, GB/s: 1.842, GFLOPS: 0.000, IO: 2.490 (MB/s)
          DC/DRAM/PCK power: 151.050/0.000/151.056 (W) GFlops/Watts 0.000


---------------------------------------------------------------------------------------------------
[16/16]	Finalized MPI..
[6/16]	Finalized MPI..
[15/16]	Finalized MPI..
[14/16]	Finalized MPI..
[13/16]	Finalized MPI..
[9/16]	Finalized MPI..
[11/16]	Finalized MPI..
[12/16]	Finalized MPI..
[10/16]	Finalized MPI..
[2/16]	Finalized MPI..
[8/16]	Finalized MPI..
[1/16]	Finalized MPI..
[3/16]	Finalized MPI..
[4/16]	Finalized MPI..
[5/16]	Finalized MPI..
[7/16]	Finalized MPI..
[EARL][tcn26][249644] --- EARL INIT [PID: 249644] [MASTER: 1] ---
[34m[tcn26][0][INFO] [0mK-medoids & roofline strategies not available. Loading default model for the classification
--- EARL loaded APIs ---
MGT_CPUFREQ: EARD
MGT_IMCFREQ: EARD
MGT_PRIO   : DUMMY
MET_CPUFREQ: EARD
MET_IMCFREQ: EARD
MET_ENERGY : EARD
MET_TEMP:    AMD17
MET_BWIDTH : EARD
MET_FLOPS  : PERF
MET_CPI    : PERF
MGT_GPU    : DUMMY
MET_GPU    : DUMMY
L1D: loaded (event PERF_L1D_MISS_LD) 
L2 : loaded (event L2_MISS_FROM_DC) (also in LBW)
L2 : loaded (event L2_MISS_FROM_PF1) (also in LBW)
L2 : loaded (event L2_MISS_FROM_PF2) (also in LBW)

------------------------
Mapping frequencies from 16 processes to 128 CPUs...
[5/16]	I'm online..
[14/16]	I'm online..
[15/16]	I'm online..
[16/16]	I'm online..
[3/16]	I'm online..
[4/16]	I'm online..
[6/16]	I'm online..
[7/16]	I'm online..
[8/16]	I'm online..
[13/16]	I'm online..
[9/16]	I'm online..
[2/16]	I'm online..
[10/16]	I'm online..
[11/16]	I'm online..
[12/16]	I'm online..
---------------- EAR 5.1 MPI enabled ----------------
                   App/user id: 'hratio_l10'/'ovaneck2'
    Node/job id/step_id/app_id: 'tcn26'/'13962903'/'2'/'249644'
     P_STATE/frequency (turbo): 0/2600000 (0)
    Tasks/nodes/ppn/node_ratio: 16/1/16/1.000
             Policy (learning): monitoring (0)
Policy threshold/Perf accuracy: 0.00/10000000.00
   DynAIS levels/window/AVX512: 10/200/2
                      VAR path: /var/ear
           EAR privileged user: 0
                       EARL on: 1 
                  Max CPU freq: 2600000
-------------------------------------------------------
EAR initialized successfully.
[1/16]	I'm online..
[34m[tcn26][0][INFO] [0mWarning: Estimated power 176.12 W (DC vs CPU+GPU 1.00)
[34m[tcn26][0][INFO] [0mScope APP master 1 elapsed 0.000000
----------------------------------- Application Summary [tcn26] -----------------------------------
--- App id: hratio_l10 / user id: ovaneck2 / account: vusei12999 / job.step: 13962903.2.249644 ---


(mpi_sig) Wall time: 0.112 s, nominal freq.: 2.60 GHz, avg. freq: 2.55 GHz, avg imc freq: 1.47 GHz
          Avg. mpi_time/exec_time 22.4 %

          tasks: 16

          CPI/TPI: 0.466/10.095, GB/s: 1.822, GFLOPS: 0.000, IO: 5.085 (MB/s)
          DC/DRAM/PCK power: 176.116/0.000/176.116 (W) GFlops/Watts 0.000


---------------------------------------------------------------------------------------------------
[10/16]	Finalized MPI..
[8/16]	Finalized MPI..
[9/16]	Finalized MPI..
[15/16]	Finalized MPI..
[16/16]	Finalized MPI..
[12/16]	Finalized MPI..
[11/16]	Finalized MPI..
[3/16]	Finalized MPI..
[14/16]	Finalized MPI..
[13/16]	Finalized MPI..
[7/16]	Finalized MPI..
[6/16]	Finalized MPI..
[5/16]	Finalized MPI..
[2/16]	Finalized MPI..
[4/16]	Finalized MPI..
[1/16]	Finalized MPI..
[EARL][tcn26][250176] --- EARL INIT [PID: 250176] [MASTER: 1] ---
[34m[tcn26][0][INFO] [0mK-medoids & roofline strategies not available. Loading default model for the classification
--- EARL loaded APIs ---
MGT_CPUFREQ: EARD
MGT_IMCFREQ: EARD
MGT_PRIO   : DUMMY
MET_CPUFREQ: EARD
MET_IMCFREQ: EARD
MET_ENERGY : EARD
MET_TEMP:    AMD17
MET_BWIDTH : EARD
MET_FLOPS  : PERF
MET_CPI    : PERF
MGT_GPU    : DUMMY
MET_GPU    : DUMMY
L1D: loaded (event PERF_L1D_MISS_LD) 
L2 : loaded (event L2_MISS_FROM_DC) (also in LBW)
L2 : loaded (event L2_MISS_FROM_PF1) (also in LBW)
L2 : loaded (event L2_MISS_FROM_PF2) (also in LBW)

------------------------
Mapping frequencies from 16 processes to 128 CPUs...
[2/16]	I'm online..
[14/16]	I'm online..
[7/16]	I'm online..
[13/16]	I'm online..
[15/16]	I'm online..
[16/16]	I'm online..
[3/16]	I'm online..
[4/16]	I'm online..
[8/16]	I'm online..
[11/16]	I'm online..
[12/16]	I'm online..
[9/16]	I'm online..
[10/16]	I'm online..
[6/16]	I'm online..
[5/16]	I'm online..
---------------- EAR 5.1 MPI enabled ----------------
                   App/user id: 'hratio_l10'/'ovaneck2'
    Node/job id/step_id/app_id: 'tcn26'/'13962903'/'3'/'250176'
     P_STATE/frequency (turbo): 0/2600000 (0)
    Tasks/nodes/ppn/node_ratio: 16/1/16/1.000
             Policy (learning): monitoring (0)
Policy threshold/Perf accuracy: 0.00/10000000.00
   DynAIS levels/window/AVX512: 10/200/2
                      VAR path: /var/ear
           EAR privileged user: 0
                       EARL on: 1 
                  Max CPU freq: 2600000
-------------------------------------------------------
EAR initialized successfully.
[1/16]	I'm online..
[34m[tcn26][0][INFO] [0mWarning: Estimated power 174.12 W (DC vs CPU+GPU 1.00)
[34m[tcn26][0][INFO] [0mScope APP master 1 elapsed 0.000000
----------------------------------- Application Summary [tcn26] -----------------------------------
--- App id: hratio_l10 / user id: ovaneck2 / account: vusei12999 / job.step: 13962903.3.250176 ---


(mpi_sig) Wall time: 0.128 s, nominal freq.: 2.60 GHz, avg. freq: 2.56 GHz, avg imc freq: 1.47 GHz
          Avg. mpi_time/exec_time 3.3 %

          tasks: 16

          CPI/TPI: 0.541/7.944, GB/s: 1.399, GFLOPS: 0.000, IO: 1.412 (MB/s)
          DC/DRAM/PCK power: 174.119/0.000/174.122 (W) GFlops/Watts 0.000


---------------------------------------------------------------------------------------------------
[9/16]	Finalized MPI..
[11/16]	Finalized MPI..
[16/16]	Finalized MPI..
[10/16]	Finalized MPI..
[15/16]	Finalized MPI..
[12/16]	Finalized MPI..
[14/16]	Finalized MPI..
[13/16]	Finalized MPI..
[7/16]	Finalized MPI..
[6/16]	Finalized MPI..
[5/16]	Finalized MPI..
[3/16]	Finalized MPI..
[2/16]	Finalized MPI..
[4/16]	Finalized MPI..
[1/16]	Finalized MPI..
[8/16]	Finalized MPI..
[EARL][tcn26][250725] --- EARL INIT [PID: 250725] [MASTER: 1] ---
[34m[tcn26][0][INFO] [0mK-medoids & roofline strategies not available. Loading default model for the classification
--- EARL loaded APIs ---
MGT_CPUFREQ: EARD
MGT_IMCFREQ: EARD
MGT_PRIO   : DUMMY
MET_CPUFREQ: EARD
MET_IMCFREQ: EARD
MET_ENERGY : EARD
MET_TEMP:    AMD17
MET_BWIDTH : EARD
MET_FLOPS  : PERF
MET_CPI    : PERF
MGT_GPU    : DUMMY
MET_GPU    : DUMMY
L1D: loaded (event PERF_L1D_MISS_LD) 
L2 : loaded (event L2_MISS_FROM_DC) (also in LBW)
L2 : loaded (event L2_MISS_FROM_PF1) (also in LBW)
L2 : loaded (event L2_MISS_FROM_PF2) (also in LBW)

------------------------
Mapping frequencies from 16 processes to 128 CPUs...
[3/16]	I'm online..
[4/16]	I'm online..
[9/16]	I'm online..
[2/16]	I'm online..
[5/16]	I'm online..
[6/16]	I'm online..
[10/16]	I'm online..
[11/16]	I'm online..
[12/16]	I'm online..
[13/16]	I'm online..
[14/16]	I'm online..
[15/16]	I'm online..
[16/16]	I'm online..
[7/16]	I'm online..
[8/16]	I'm online..
---------------- EAR 5.1 MPI enabled ----------------
                   App/user id: 'hratio_l10'/'ovaneck2'
    Node/job id/step_id/app_id: 'tcn26'/'13962903'/'4'/'250725'
     P_STATE/frequency (turbo): 0/2600000 (0)
    Tasks/nodes/ppn/node_ratio: 16/1/16/1.000
             Policy (learning): monitoring (0)
Policy threshold/Perf accuracy: 0.00/10000000.00
   DynAIS levels/window/AVX512: 10/200/2
                      VAR path: /var/ear
           EAR privileged user: 0
                       EARL on: 1 
                  Max CPU freq: 2600000
-------------------------------------------------------
EAR initialized successfully.
[1/16]	I'm online..
[34m[tcn26][0][INFO] [0mWarning: Estimated power 162.30 W (DC vs CPU+GPU 1.00)
[34m[tcn26][0][INFO] [0mScope APP master 1 elapsed 0.000000
----------------------------------- Application Summary [tcn26] -----------------------------------
--- App id: hratio_l10 / user id: ovaneck2 / account: vusei12999 / job.step: 13962903.4.250725 ---


(mpi_sig) Wall time: 0.055 s, nominal freq.: 2.60 GHz, avg. freq: 2.56 GHz, avg imc freq: 1.47 GHz
          Avg. mpi_time/exec_time 20.2 %

          tasks: 16

          CPI/TPI: 0.449/12.339, GB/s: 2.199, GFLOPS: 0.000, IO: 6.935 (MB/s)
          DC/DRAM/PCK power: 162.291/0.000/162.302 (W) GFlops/Watts 0.000


---------------------------------------------------------------------------------------------------
[12/16]	Finalized MPI..
[11/16]	Finalized MPI..
[14/16]	Finalized MPI..
[13/16]	Finalized MPI..
[8/16]	Finalized MPI..
[4/16]	Finalized MPI..
[15/16]	Finalized MPI..
[9/16]	Finalized MPI..
[3/16]	Finalized MPI..
[10/16]	Finalized MPI..
[16/16]	Finalized MPI..
[5/16]	Finalized MPI..
[1/16]	Finalized MPI..
[2/16]	Finalized MPI..
[6/16]	Finalized MPI..
[7/16]	Finalized MPI..
[EARL][tcn26][251248] --- EARL INIT [PID: 251248] [MASTER: 1] ---
[34m[tcn26][0][INFO] [0mK-medoids & roofline strategies not available. Loading default model for the classification
--- EARL loaded APIs ---
MGT_CPUFREQ: EARD
MGT_IMCFREQ: EARD
MGT_PRIO   : DUMMY
MET_CPUFREQ: EARD
MET_IMCFREQ: EARD
MET_ENERGY : EARD
MET_TEMP:    AMD17
MET_BWIDTH : EARD
MET_FLOPS  : PERF
MET_CPI    : PERF
MGT_GPU    : DUMMY
MET_GPU    : DUMMY
L1D: loaded (event PERF_L1D_MISS_LD) 
L2 : loaded (event L2_MISS_FROM_DC) (also in LBW)
L2 : loaded (event L2_MISS_FROM_PF1) (also in LBW)
L2 : loaded (event L2_MISS_FROM_PF2) (also in LBW)

------------------------
Mapping frequencies from 16 processes to 128 CPUs...
[5/16]	I'm online..
[6/16]	I'm online..
[2/16]	I'm online..
[3/16]	I'm online..
[4/16]	I'm online..
[7/16]	I'm online..
[8/16]	I'm online..
[15/16]	I'm online..
[16/16]	I'm online..
[11/16]	I'm online..
[12/16]	I'm online..
[9/16]	I'm online..
[14/16]	I'm online..
[10/16]	I'm online..
[13/16]	I'm online..
---------------- EAR 5.1 MPI enabled ----------------
                   App/user id: 'hratio_l10'/'ovaneck2'
    Node/job id/step_id/app_id: 'tcn26'/'13962903'/'5'/'251248'
     P_STATE/frequency (turbo): 0/2600000 (0)
    Tasks/nodes/ppn/node_ratio: 16/1/16/1.000
             Policy (learning): monitoring (0)
Policy threshold/Perf accuracy: 0.00/10000000.00
   DynAIS levels/window/AVX512: 10/200/2
                      VAR path: /var/ear
           EAR privileged user: 0
                       EARL on: 1 
                  Max CPU freq: 2600000
-------------------------------------------------------
EAR initialized successfully.
[1/16]	I'm online..
[34m[tcn26][0][INFO] [0mWarning: Estimated power 165.06 W (DC vs CPU+GPU 1.00)
[34m[tcn26][0][INFO] [0mScope APP master 1 elapsed 0.000000
----------------------------------- Application Summary [tcn26] -----------------------------------
--- App id: hratio_l10 / user id: ovaneck2 / account: vusei12999 / job.step: 13962903.5.251248 ---


(mpi_sig) Wall time: 0.056 s, nominal freq.: 2.60 GHz, avg. freq: 2.57 GHz, avg imc freq: 1.47 GHz
          Avg. mpi_time/exec_time 15.3 %

          tasks: 16

          CPI/TPI: 0.547/3.580, GB/s: 2.067, GFLOPS: 0.000, IO: 5.637 (MB/s)
          DC/DRAM/PCK power: 165.057/0.000/165.058 (W) GFlops/Watts 0.000


---------------------------------------------------------------------------------------------------
[8/16]	Finalized MPI..
[6/16]	Finalized MPI..
[16/16]	Finalized MPI..
[15/16]	Finalized MPI..
[10/16]	Finalized MPI..
[9/16]	Finalized MPI..
[12/16]	Finalized MPI..
[14/16]	Finalized MPI..
[13/16]	Finalized MPI..
[11/16]	Finalized MPI..
[5/16]	Finalized MPI..
[1/16]	Finalized MPI..
[2/16]	Finalized MPI..
[3/16]	Finalized MPI..
[4/16]	Finalized MPI..
[7/16]	Finalized MPI..
[EARL][tcn26][251776] --- EARL INIT [PID: 251776] [MASTER: 1] ---
[34m[tcn26][0][INFO] [0mK-medoids & roofline strategies not available. Loading default model for the classification
--- EARL loaded APIs ---
MGT_CPUFREQ: EARD
MGT_IMCFREQ: EARD
MGT_PRIO   : DUMMY
MET_CPUFREQ: EARD
MET_IMCFREQ: EARD
MET_ENERGY : EARD
MET_TEMP:    AMD17
MET_BWIDTH : EARD
MET_FLOPS  : PERF
MET_CPI    : PERF
MGT_GPU    : DUMMY
MET_GPU    : DUMMY
L1D: loaded (event PERF_L1D_MISS_LD) 
L2 : loaded (event L2_MISS_FROM_DC) (also in LBW)
L2 : loaded (event L2_MISS_FROM_PF1) (also in LBW)
L2 : loaded (event L2_MISS_FROM_PF2) (also in LBW)

------------------------
Mapping frequencies from 16 processes to 128 CPUs...
[8/16]	I'm online..
[14/16]	I'm online..
[15/16]	I'm online..
[3/16]	I'm online..
[4/16]	I'm online..
[7/16]	I'm online..
[10/16]	I'm online..
[11/16]	I'm online..
[12/16]	I'm online..
[13/16]	I'm online..
[16/16]	I'm online..
[9/16]	I'm online..
[2/16]	I'm online..
[5/16]	I'm online..
[6/16]	I'm online..
---------------- EAR 5.1 MPI enabled ----------------
                   App/user id: 'hratio_l10'/'ovaneck2'
    Node/job id/step_id/app_id: 'tcn26'/'13962903'/'6'/'251776'
     P_STATE/frequency (turbo): 0/2600000 (0)
    Tasks/nodes/ppn/node_ratio: 16/1/16/1.000
             Policy (learning): monitoring (0)
Policy threshold/Perf accuracy: 0.00/10000000.00
   DynAIS levels/window/AVX512: 10/200/2
                      VAR path: /var/ear
           EAR privileged user: 0
                       EARL on: 1 
                  Max CPU freq: 2600000
-------------------------------------------------------
EAR initialized successfully.
[1/16]	I'm online..
[34m[tcn26][0][INFO] [0mWarning: Estimated power 170.62 W (DC vs CPU+GPU 1.00)
[34m[tcn26][0][INFO] [0mScope APP master 1 elapsed 0.000000
----------------------------------- Application Summary [tcn26] -----------------------------------
--- App id: hratio_l10 / user id: ovaneck2 / account: vusei12999 / job.step: 13962903.6.251776 ---


(mpi_sig) Wall time: 0.060 s, nominal freq.: 2.60 GHz, avg. freq: 2.57 GHz, avg imc freq: 1.47 GHz
          Avg. mpi_time/exec_time 22.5 %

          tasks: 16

          CPI/TPI: 0.512/1.838, GB/s: 1.888, GFLOPS: 0.000, IO: 5.636 (MB/s)
          DC/DRAM/PCK power: 170.617/0.000/170.623 (W) GFlops/Watts 0.000


---------------------------------------------------------------------------------------------------
[9/16]	Finalized MPI..
[11/16]	Finalized MPI..
[15/16]	Finalized MPI..
[10/16]	Finalized MPI..
[13/16]	Finalized MPI..
[2/16]	Finalized MPI..
[14/16]	Finalized MPI..
[7/16]	Finalized MPI..
[16/16]	Finalized MPI..
[12/16]	Finalized MPI..
[8/16]	Finalized MPI..
[3/16]	Finalized MPI..
[1/16]	Finalized MPI..
[4/16]	Finalized MPI..
[5/16]	Finalized MPI..
[6/16]	Finalized MPI..
[EARL][tcn26][252300] --- EARL INIT [PID: 252300] [MASTER: 1] ---
[34m[tcn26][0][INFO] [0mK-medoids & roofline strategies not available. Loading default model for the classification
--- EARL loaded APIs ---
MGT_CPUFREQ: EARD
MGT_IMCFREQ: EARD
MGT_PRIO   : DUMMY
MET_CPUFREQ: EARD
MET_IMCFREQ: EARD
MET_ENERGY : EARD
MET_TEMP:    AMD17
MET_BWIDTH : EARD
MET_FLOPS  : PERF
MET_CPI    : PERF
MGT_GPU    : DUMMY
MET_GPU    : DUMMY
L1D: loaded (event PERF_L1D_MISS_LD) 
L2 : loaded (event L2_MISS_FROM_DC) (also in LBW)
L2 : loaded (event L2_MISS_FROM_PF1) (also in LBW)
L2 : loaded (event L2_MISS_FROM_PF2) (also in LBW)

------------------------
Mapping frequencies from 16 processes to 128 CPUs...
[5/16]	I'm online..
[3/16]	I'm online..
[4/16]	I'm online..
[6/16]	I'm online..
[7/16]	I'm online..
[8/16]	I'm online..
[9/16]	I'm online..
[10/16]	I'm online..
[11/16]	I'm online..
[12/16]	I'm online..
[13/16]	I'm online..
[14/16]	I'm online..
[15/16]	I'm online..
[16/16]	I'm online..
[2/16]	I'm online..
---------------- EAR 5.1 MPI enabled ----------------
                   App/user id: 'hratio_l10'/'ovaneck2'
    Node/job id/step_id/app_id: 'tcn26'/'13962903'/'7'/'252300'
     P_STATE/frequency (turbo): 0/2600000 (0)
    Tasks/nodes/ppn/node_ratio: 16/1/16/1.000
             Policy (learning): monitoring (0)
Policy threshold/Perf accuracy: 0.00/10000000.00
   DynAIS levels/window/AVX512: 10/200/2
                      VAR path: /var/ear
           EAR privileged user: 0
                       EARL on: 1 
                  Max CPU freq: 2600000
-------------------------------------------------------
EAR initialized successfully.
[1/16]	I'm online..
[34m[tcn26][0][INFO] [0mWarning: Estimated power 172.55 W (DC vs CPU+GPU 1.00)
[34m[tcn26][0][INFO] [0mScope APP master 1 elapsed 0.000000
----------------------------------- Application Summary [tcn26] -----------------------------------
--- App id: hratio_l10 / user id: ovaneck2 / account: vusei12999 / job.step: 13962903.7.252300 ---


(mpi_sig) Wall time: 0.071 s, nominal freq.: 2.60 GHz, avg. freq: 2.55 GHz, avg imc freq: 1.47 GHz
          Avg. mpi_time/exec_time 23.6 %

          tasks: 16

          CPI/TPI: 0.493/1.121, GB/s: 1.675, GFLOPS: 0.000, IO: 6.769 (MB/s)
          DC/DRAM/PCK power: 172.549/0.000/172.553 (W) GFlops/Watts 0.000


---------------------------------------------------------------------------------------------------
[13/16]	Finalized MPI..
[12/16]	Finalized MPI..
[11/16]	Finalized MPI..
[14/16]	Finalized MPI..
[2/16]	Finalized MPI..
[8/16]	Finalized MPI..
[15/16]	Finalized MPI..
[1/16]	Finalized MPI..
[9/16]	Finalized MPI..
[16/16]	Finalized MPI..
[7/16]	Finalized MPI..
[10/16]	Finalized MPI..
[3/16]	Finalized MPI..
[6/16]	Finalized MPI..
[5/16]	Finalized MPI..
[4/16]	Finalized MPI..
[EARL][tcn26][252832] --- EARL INIT [PID: 252832] [MASTER: 1] ---
[34m[tcn26][0][INFO] [0mK-medoids & roofline strategies not available. Loading default model for the classification
--- EARL loaded APIs ---
MGT_CPUFREQ: EARD
MGT_IMCFREQ: EARD
MGT_PRIO   : DUMMY
MET_CPUFREQ: EARD
MET_IMCFREQ: EARD
MET_ENERGY : EARD
MET_TEMP:    AMD17
MET_BWIDTH : EARD
MET_FLOPS  : PERF
MET_CPI    : PERF
MGT_GPU    : DUMMY
MET_GPU    : DUMMY
L1D: loaded (event PERF_L1D_MISS_LD) 
L2 : loaded (event L2_MISS_FROM_DC) (also in LBW)
L2 : loaded (event L2_MISS_FROM_PF1) (also in LBW)
L2 : loaded (event L2_MISS_FROM_PF2) (also in LBW)

------------------------
Mapping frequencies from 16 processes to 128 CPUs...
[11/16]	I'm online..
[12/16]	I'm online..
[13/16]	I'm online..
[14/16]	I'm online..
[15/16]	I'm online..
[2/16]	I'm online..
[3/16]	I'm online..
[4/16]	I'm online..
[5/16]	I'm online..
[6/16]	I'm online..
[7/16]	I'm online..
[8/16]	I'm online..
[9/16]	I'm online..
[10/16]	I'm online..
[16/16]	I'm online..
---------------- EAR 5.1 MPI enabled ----------------
                   App/user id: 'hratio_l10'/'ovaneck2'
    Node/job id/step_id/app_id: 'tcn26'/'13962903'/'8'/'252832'
     P_STATE/frequency (turbo): 0/2600000 (0)
    Tasks/nodes/ppn/node_ratio: 16/1/16/1.000
             Policy (learning): monitoring (0)
Policy threshold/Perf accuracy: 0.00/10000000.00
   DynAIS levels/window/AVX512: 10/200/2
                      VAR path: /var/ear
           EAR privileged user: 0
                       EARL on: 1 
                  Max CPU freq: 2600000
-------------------------------------------------------
EAR initialized successfully.
[1/16]	I'm online..
[34m[tcn26][0][INFO] [0mWarning: Estimated power 165.00 W (DC vs CPU+GPU 1.00)
[34m[tcn26][0][INFO] [0mScope APP master 1 elapsed 0.000000
----------------------------------- Application Summary [tcn26] -----------------------------------
--- App id: hratio_l10 / user id: ovaneck2 / account: vusei12999 / job.step: 13962903.8.252832 ---


(mpi_sig) Wall time: 0.064 s, nominal freq.: 2.60 GHz, avg. freq: 2.56 GHz, avg imc freq: 1.47 GHz
          Avg. mpi_time/exec_time 15.3 %

          tasks: 16

          CPI/TPI: 0.508/1.323, GB/s: 1.583, GFLOPS: 0.000, IO: 4.047 (MB/s)
          DC/DRAM/PCK power: 165.000/0.000/165.003 (W) GFlops/Watts 0.000


---------------------------------------------------------------------------------------------------
[13/16]	Finalized MPI..
[14/16]	Finalized MPI..
[15/16]	Finalized MPI..
[10/16]	Finalized MPI..
[9/16]	Finalized MPI..
[6/16]	Finalized MPI..
[16/16]	Finalized MPI..
[8/16]	Finalized MPI..
[11/16]	Finalized MPI..
[12/16]	Finalized MPI..
[7/16]	Finalized MPI..
[1/16]	Finalized MPI..
[5/16]	Finalized MPI..
[3/16]	Finalized MPI..
[4/16]	Finalized MPI..
[2/16]	Finalized MPI..
[EARL][tcn26][253359] --- EARL INIT [PID: 253359] [MASTER: 1] ---
[34m[tcn26][0][INFO] [0mK-medoids & roofline strategies not available. Loading default model for the classification
--- EARL loaded APIs ---
MGT_CPUFREQ: EARD
MGT_IMCFREQ: EARD
MGT_PRIO   : DUMMY
MET_CPUFREQ: EARD
MET_IMCFREQ: EARD
MET_ENERGY : EARD
MET_TEMP:    AMD17
MET_BWIDTH : EARD
MET_FLOPS  : PERF
MET_CPI    : PERF
MGT_GPU    : DUMMY
MET_GPU    : DUMMY
L1D: loaded (event PERF_L1D_MISS_LD) 
L2 : loaded (event L2_MISS_FROM_DC) (also in LBW)
L2 : loaded (event L2_MISS_FROM_PF1) (also in LBW)
L2 : loaded (event L2_MISS_FROM_PF2) (also in LBW)

------------------------
Mapping frequencies from 16 processes to 128 CPUs...
[8/16]	I'm online..
[9/16]	I'm online..
[10/16]	I'm online..
[15/16]	I'm online..
[16/16]	I'm online..
[2/16]	I'm online..
[3/16]	I'm online..
[5/16]	I'm online..
[6/16]	I'm online..
[7/16]	I'm online..
[13/16]	I'm online..
[14/16]	I'm online..
[12/16]	I'm online..
[11/16]	I'm online..
[4/16]	I'm online..
---------------- EAR 5.1 MPI enabled ----------------
                   App/user id: 'hratio_l10'/'ovaneck2'
    Node/job id/step_id/app_id: 'tcn26'/'13962903'/'9'/'253359'
     P_STATE/frequency (turbo): 0/2600000 (0)
    Tasks/nodes/ppn/node_ratio: 16/1/16/1.000
             Policy (learning): monitoring (0)
Policy threshold/Perf accuracy: 0.00/10000000.00
   DynAIS levels/window/AVX512: 10/200/2
                      VAR path: /var/ear
           EAR privileged user: 0
                       EARL on: 1 
                  Max CPU freq: 2600000
-------------------------------------------------------
EAR initialized successfully.
[1/16]	I'm online..
[34m[tcn26][0][INFO] [0mWarning: Estimated power 170.06 W (DC vs CPU+GPU 1.00)
[34m[tcn26][0][INFO] [0mScope APP master 1 elapsed 0.000000
----------------------------------- Application Summary [tcn26] -----------------------------------
--- App id: hratio_l10 / user id: ovaneck2 / account: vusei12999 / job.step: 13962903.9.253359 ---


(mpi_sig) Wall time: 0.055 s, nominal freq.: 2.60 GHz, avg. freq: 2.56 GHz, avg imc freq: 1.47 GHz
          Avg. mpi_time/exec_time 22.4 %

          tasks: 16

          CPI/TPI: 0.505/2.246, GB/s: 2.068, GFLOPS: 0.000, IO: 3.138 (MB/s)
          DC/DRAM/PCK power: 170.055/0.000/170.055 (W) GFlops/Watts 0.000


---------------------------------------------------------------------------------------------------
[10/16]	Finalized MPI..
[11/16]	Finalized MPI..
[4/16]	Finalized MPI..
[9/16]	Finalized MPI..
[12/16]	Finalized MPI..
[16/16]	Finalized MPI..
[15/16]	Finalized MPI..
[14/16]	Finalized MPI..
[5/16]	Finalized MPI..
[3/16]	Finalized MPI..
[6/16]	Finalized MPI..
[8/16]	Finalized MPI..
[13/16]	Finalized MPI..
[7/16]	Finalized MPI..
[2/16]	Finalized MPI..
[1/16]	Finalized MPI..
[EARL][tcn26][253901] --- EARL INIT [PID: 253901] [MASTER: 1] ---
[34m[tcn26][0][INFO] [0mK-medoids & roofline strategies not available. Loading default model for the classification
--- EARL loaded APIs ---
MGT_CPUFREQ: EARD
MGT_IMCFREQ: EARD
MGT_PRIO   : DUMMY
MET_CPUFREQ: EARD
MET_IMCFREQ: EARD
MET_ENERGY : EARD
MET_TEMP:    AMD17
MET_BWIDTH : EARD
MET_FLOPS  : PERF
MET_CPI    : PERF
MGT_GPU    : DUMMY
MET_GPU    : DUMMY
L1D: loaded (event PERF_L1D_MISS_LD) 
L2 : loaded (event L2_MISS_FROM_DC) (also in LBW)
L2 : loaded (event L2_MISS_FROM_PF1) (also in LBW)
L2 : loaded (event L2_MISS_FROM_PF2) (also in LBW)

------------------------
Mapping frequencies from 16 processes to 128 CPUs...
[13/16]	I'm online..
[3/16]	I'm online..
[4/16]	I'm online..
[14/16]	I'm online..
[15/16]	I'm online..
[2/16]	I'm online..
[5/16]	I'm online..
[6/16]	I'm online..
[11/16]	I'm online..
[12/16]	I'm online..
[16/16]	I'm online..
[9/16]	I'm online..
[10/16]	I'm online..
[7/16]	I'm online..
[8/16]	I'm online..
---------------- EAR 5.1 MPI enabled ----------------
                   App/user id: 'hratio_l10'/'ovaneck2'
    Node/job id/step_id/app_id: 'tcn26'/'13962903'/'10'/'253901'
     P_STATE/frequency (turbo): 0/2600000 (0)
    Tasks/nodes/ppn/node_ratio: 16/1/16/1.000
             Policy (learning): monitoring (0)
Policy threshold/Perf accuracy: 0.00/10000000.00
   DynAIS levels/window/AVX512: 10/200/2
                      VAR path: /var/ear
           EAR privileged user: 0
                       EARL on: 1 
                  Max CPU freq: 2600000
-------------------------------------------------------
EAR initialized successfully.
[1/16]	I'm online..
[34m[tcn26][0][INFO] [0mWarning: Estimated power 161.32 W (DC vs CPU+GPU 1.00)
[34m[tcn26][0][INFO] [0mScope APP master 1 elapsed 0.000000
----------------------------------- Application Summary [tcn26] -----------------------------------
--- App id: hratio_l10 / user id: ovaneck2 / account: vusei12999 / job.step: 13962903.10.253901 ---


(mpi_sig) Wall time: 0.054 s, nominal freq.: 2.60 GHz, avg. freq: 2.56 GHz, avg imc freq: 1.47 GHz
          Avg. mpi_time/exec_time 24.8 %

          tasks: 16

          CPI/TPI: 0.453/4.886, GB/s: 2.095, GFLOPS: 0.000, IO: 3.373 (MB/s)
          DC/DRAM/PCK power: 161.318/0.000/161.320 (W) GFlops/Watts 0.000


---------------------------------------------------------------------------------------------------
[9/16]	Finalized MPI..
[10/16]	Finalized MPI..
[14/16]	Finalized MPI..
[13/16]	Finalized MPI..
[12/16]	Finalized MPI..
[16/16]	Finalized MPI..
[3/16]	Finalized MPI..
[11/16]	Finalized MPI..
[15/16]	Finalized MPI..
[4/16]	Finalized MPI..
[2/16]	Finalized MPI..
[7/16]	Finalized MPI..
[8/16]	Finalized MPI..
[1/16]	Finalized MPI..
[5/16]	Finalized MPI..
[6/16]	Finalized MPI..
