Job: hratio_l35
~ Running on Snellius..
Setting WDIR=/home/ovaneck2/ComplexityContesters/paper_PF_hardness
Going to run /home/ovaneck2/ComplexityContesters/paper_PF_hardness/code/experiments/dfs_bnb_mpi
TMP_RES_PATH: /scratch-local/ovaneck2.11501390/hratio_l35_results
FIN_RES_PATH: /home/ovaneck2/ComplexityContesters/paper_PF_hardness/jobs/hratio_l35_results
DATASET_PATH: /home/ovaneck2/ComplexityContesters/paper_PF_hardness/data/vanEck_hratio/35
Processing H0..
Debug Info:
	Results path:         "/scratch-local/ovaneck2.11501390/hratio_l35_results"
	Dataset to use:       /home/ovaneck2/ComplexityContesters/paper_PF_hardness/data/vanEck_hratio/35
	Dataset extra:        H0
	Dimension of fold:    2
	Lengths to fold:      35 

Finished 35_H0 in 0.000751
Processing H1..
Debug Info:
	Results path:         "/scratch-local/ovaneck2.11501390/hratio_l35_results"
	Dataset to use:       /home/ovaneck2/ComplexityContesters/paper_PF_hardness/data/vanEck_hratio/35
	Dataset extra:        H1
	Dimension of fold:    2
	Lengths to fold:      35 

Finished 35_H1 in 0.000921
Processing H10..
Debug Info:
	Results path:         "/scratch-local/ovaneck2.11501390/hratio_l35_results"
	Dataset to use:       /home/ovaneck2/ComplexityContesters/paper_PF_hardness/data/vanEck_hratio/35
	Dataset extra:        H10
	Dimension of fold:    2
	Lengths to fold:      35 

Processing H11..
Debug Info:
	Results path:         "/scratch-local/ovaneck2.11501390/hratio_l35_results"
	Dataset to use:       /home/ovaneck2/ComplexityContesters/paper_PF_hardness/data/vanEck_hratio/35
	Dataset extra:        H11
	Dimension of fold:    2
	Lengths to fold:      35 


JOB STATISTICS
==============
Job ID: 11501390
Cluster: snellius
User/Group: ovaneck2/ovaneck2
State: RUNNING
Nodes: 1
Cores per node: 128
CPU Utilized: 630-07:31:27
CPU Efficiency: 98.49% of 640-00:08:32 core-walltime
Job Wall-clock time: 5-00:00:04
Memory Utilized: 5.32 GB
Memory Efficiency: 2.38% of 224.00 GB (224.00 GB/node)
The task which had the largest memory consumption differs by 180.92% from the average task max memory consumption
WARNING: Efficiency statistics can only be obtained after the job has ended as seff tool is based on the accounting database data.
