Job folder (/var/ear/1815041900) doesn't exist (No such file or directory), creating it...
Job folder (/var/ear/1815041900) doesn't exist (No such file or directory), creating it...
[EARL][tcn127][2615025] --- EARL INIT [PID: 2615025] [MASTER: 1] ---
tcn127:some EARD is not running (connected nodes 0 expected 1)

[34m[tcn127][0][INFO] [0mK-medoids & roofline strategies not available. Loading default model for the classification
--- EARL loaded APIs ---
MGT_CPUFREQ: DUMMY
MGT_IMCFREQ: DUMMY
MGT_PRIO   : DUMMY
MET_CPUFREQ: DUMMY
MET_IMCFREQ: DUMMY
MET_ENERGY : CPUMODEL
MET_TEMP:    AMD17
MET_BWIDTH : DUMMY
MET_FLOPS  : PERF
MET_CPI    : PERF
MGT_GPU    : DUMMY
MET_GPU    : DUMMY
L1D: loaded (event PERF_L1D_MISS_LD) 
L2 : loaded (event L2_MISS_FROM_DC) (also in LBW)
L2 : loaded (event L2_MISS_FROM_PF1) (also in LBW)
L2 : loaded (event L2_MISS_FROM_PF2) (also in LBW)

------------------------
Mapping frequencies from 24 processes to 128 CPUs...
[4/24]	I'm online..
[12/24]	I'm online..
[17/24]	I'm online..
[5/24]	I'm online..
[10/24]	I'm online..
[22/24]	I'm online..
[19/24]	I'm online..
[20/24]	I'm online..
Error in reports API load 
Error in reports API initialization 
[24/24]	I'm online..
---------------- EAR 5.2 MPI enabled ----------------
                   App/user id: 'hratio_solve_remaining_l30'/'ovaneck2'
    Node/job id/step_id/app_id: 'tcn127'/'18150419'/'0'/'2615025'
     P_STATE/frequency (turbo): 0/2600000 (0)
    Tasks/nodes/ppn/node_ratio: 24/1/24/1.000
             Policy (learning): monitoring (0)
Policy threshold/Perf accuracy: 0.00/10000000.00
   DynAIS levels/window/AVX512: 10/200/2
                      VAR path: /var/ear
           EAR privileged user: 1
                       EARL on: 1 
                  Max CPU freq: 2600000
-------------------------------------------------------
EAR initialized successfully.
[23/24]	I'm online..
[11/24]	I'm online..
[1/24]	I'm online..
[13/24]	I'm online..
[16/24]	I'm online..
[21/24]	I'm online..
[2/24]	I'm online..
[14/24]	I'm online..
[7/24]	I'm online..
[15/24]	I'm online..
[3/24]	I'm online..
[18/24]	I'm online..
[9/24]	I'm online..
[6/24]	I'm online..
[8/24]	I'm online..
[17/24]	Finished my work in:	0.010198 us.
[14/24]	Finished my work in:	0.003597 us.
[5/24]	Finished my work in:	0.008167 us.
[11/24]	Finished my work in:	0.004390 us.
[16/24]	Finished my work in:	0.010763 us.
[4/24]	Finished my work in:	0.006397 us.
[10/24]	Finished my work in:	0.006392 us.
[22/24]	Finished my work in:	0.008963 us.
[7/24]	Finished my work in:	0.004762 us.
[8/24]	Finished my work in:	0.005682 us.
[20/24]	Finished my work in:	0.006509 us.
[6/24]	Finished my work in:	0.004607 us.
[24/24]	Finished my work in:	0.003334 us.
[9/24]	Finished my work in:	0.002666 us.
[12/24]	Finished my work in:	0.007773 us.
[13/24]	Finished my work in:	0.009182 us.
[3/24]	Finished my work in:	0.008025 us.
[15/24]	Finished my work in:	0.006619 us.
[21/24]	Finished my work in:	0.004021 us.
[19/24]	Finished my work in:	0.003864 us.
[23/24]	Finished my work in:	0.003950 us.
[18/24]	Finished my work in:	0.005026 us.
[2/24]	Finished my work in:	0.004805 us.
[1/24]	Finished my work in:	0.004287 us.
[34m[tcn127][0][INFO] [0mWarning: Estimated power 0.00 W (DC vs CPU+GPU 1.00)
[34m[tcn127][0][INFO] [0mScope APP master 1 elapsed 0.000000
------------------------------------------- Application Summary [tcn127] -------------------------------------------
--- App id: hratio_solve_remaining_l30 / user id: ovaneck2 / account: vusei12999 / job.step: 18150419.0.2615025 ---


(Appl. sign.) Wall time: 0.045 s, CPU util.: 581 %, nominal freq.: 2.60 GHz, avg. freq: 0.00 GHz, avg imc freq: 0.00 GHz
              Avg. mpi_time/exec_time 0.0 %

              tasks: 24

              CPI/TPI: 0.390/10.645, GB/s: 0.889, GFLOPS: 0.000, IO: 7.590 (MB/s)
              DC/DRAM/PCK power: 0.000/0.000/0.000 (W) GFlops/Watts inf


--------------------------------------------------------------------------------------------------------------------
[10/24]	Finalized MPI..
[8/24]	Finalized MPI..
[11/24]	Finalized MPI..
[14/24]	Finalized MPI..
[13/24]	Finalized MPI..
[9/24]	Finalized MPI..
[16/24]	Finalized MPI..
[7/24]	Finalized MPI..
[15/24]	Finalized MPI..
[12/24]	Finalized MPI..
[19/24]	Finalized MPI..
[21/24]	Finalized MPI..
[23/24]	Finalized MPI..
[20/24]	Finalized MPI..
[4/24]	Finalized MPI..
[18/24]	Finalized MPI..
[17/24]	Finalized MPI..
[24/24]	Finalized MPI..
[22/24]	Finalized MPI..
[5/24]	Finalized MPI..
[3/24]	Finalized MPI..
[2/24]	Finalized MPI..
[6/24]	Finalized MPI..
[1/24]	Finalized MPI..
[1/24]	Merging results..
[1/24]	Writing results to:	/home/ovaneck2/ComplexityContesters/paper_PF_hardness/jobs/hratio_solve_remaining_l30_results/dfs_bnb.csv
