Job: hratio_l10
~ Running on Snellius..
Setting WDIR=/home/ovaneck2/ComplexityContesters/paper_PF_hardness
Going to run /home/ovaneck2/ComplexityContesters/paper_PF_hardness/code/experiments/dfs_bnb_mpi
FIN_RES_PATH: /home/ovaneck2/ComplexityContesters/paper_PF_hardness/jobs/hratio_l10_results
DATASET_PATH: /home/ovaneck2/ComplexityContesters/paper_PF_hardness/data/vanEck_hratio/10
Processing H0..	(timeout: 469)
Debug Info:
	Results path:         "/home/ovaneck2/ComplexityContesters/paper_PF_hardness/jobs/hratio_l10_results"
	Dataset to use:       /home/ovaneck2/ComplexityContesters/paper_PF_hardness/data/vanEck_hratio/10
	Dataset extra:        H0
	Dimension of fold:    2
	Lengths to fold:      10 

Finished 10_H0 in 0.008294
Processing H1..	(timeout: 466)
Debug Info:
	Results path:         "/home/ovaneck2/ComplexityContesters/paper_PF_hardness/jobs/hratio_l10_results"
	Dataset to use:       /home/ovaneck2/ComplexityContesters/paper_PF_hardness/data/vanEck_hratio/10
	Dataset extra:        H1
	Dimension of fold:    2
	Lengths to fold:      10 

Finished 10_H1 in 0.008183
Processing H10..	(timeout: 458)
Debug Info:
	Results path:         "/home/ovaneck2/ComplexityContesters/paper_PF_hardness/jobs/hratio_l10_results"
	Dataset to use:       /home/ovaneck2/ComplexityContesters/paper_PF_hardness/data/vanEck_hratio/10
	Dataset extra:        H10
	Dimension of fold:    2
	Lengths to fold:      10 

Finished 10_H10 in 0.008882
Processing H2..	(timeout: 453)
Debug Info:
	Results path:         "/home/ovaneck2/ComplexityContesters/paper_PF_hardness/jobs/hratio_l10_results"
	Dataset to use:       /home/ovaneck2/ComplexityContesters/paper_PF_hardness/data/vanEck_hratio/10
	Dataset extra:        H2
	Dimension of fold:    2
	Lengths to fold:      10 

Finished 10_H2 in 0.006775
Processing H3..	(timeout: 438)
Debug Info:
	Results path:         "/home/ovaneck2/ComplexityContesters/paper_PF_hardness/jobs/hratio_l10_results"
	Dataset to use:       /home/ovaneck2/ComplexityContesters/paper_PF_hardness/data/vanEck_hratio/10
	Dataset extra:        H3
	Dimension of fold:    2
	Lengths to fold:      10 

Finished 10_H3 in 0.006363
Processing H4..	(timeout: 433)
Debug Info:
	Results path:         "/home/ovaneck2/ComplexityContesters/paper_PF_hardness/jobs/hratio_l10_results"
	Dataset to use:       /home/ovaneck2/ComplexityContesters/paper_PF_hardness/data/vanEck_hratio/10
	Dataset extra:        H4
	Dimension of fold:    2
	Lengths to fold:      10 

Finished 10_H4 in 0.009397
Processing H5..	(timeout: 427)
Debug Info:
	Results path:         "/home/ovaneck2/ComplexityContesters/paper_PF_hardness/jobs/hratio_l10_results"
	Dataset to use:       /home/ovaneck2/ComplexityContesters/paper_PF_hardness/data/vanEck_hratio/10
	Dataset extra:        H5
	Dimension of fold:    2
	Lengths to fold:      10 

Finished 10_H5 in 0.015855
Processing H6..	(timeout: 422)
Debug Info:
	Results path:         "/home/ovaneck2/ComplexityContesters/paper_PF_hardness/jobs/hratio_l10_results"
	Dataset to use:       /home/ovaneck2/ComplexityContesters/paper_PF_hardness/data/vanEck_hratio/10
	Dataset extra:        H6
	Dimension of fold:    2
	Lengths to fold:      10 

Finished 10_H6 in 0.024116
Processing H7..	(timeout: 402)
Debug Info:
	Results path:         "/home/ovaneck2/ComplexityContesters/paper_PF_hardness/jobs/hratio_l10_results"
	Dataset to use:       /home/ovaneck2/ComplexityContesters/paper_PF_hardness/data/vanEck_hratio/10
	Dataset extra:        H7
	Dimension of fold:    2
	Lengths to fold:      10 

Finished 10_H7 in 0.015542
Processing H8..	(timeout: 390)
Debug Info:
	Results path:         "/home/ovaneck2/ComplexityContesters/paper_PF_hardness/jobs/hratio_l10_results"
	Dataset to use:       /home/ovaneck2/ComplexityContesters/paper_PF_hardness/data/vanEck_hratio/10
	Dataset extra:        H8
	Dimension of fold:    2
	Lengths to fold:      10 

Finished 10_H8 in 0.013499
Processing H9..	(timeout: 385)
Debug Info:
	Results path:         "/home/ovaneck2/ComplexityContesters/paper_PF_hardness/jobs/hratio_l10_results"
	Dataset to use:       /home/ovaneck2/ComplexityContesters/paper_PF_hardness/data/vanEck_hratio/10
	Dataset extra:        H9
	Dimension of fold:    2
	Lengths to fold:      10 

Finished 10_H9 in 0.008044

JOB STATISTICS
==============
Job ID: 13962659
Cluster: snellius
User/Group: ovaneck2/ovaneck2
State: COMPLETED (exit code 0)
Nodes: 1
Cores per node: 128
CPU Utilized: 00:00:01
CPU Efficiency: 0.01% of 03:31:12 core-walltime
Job Wall-clock time: 00:01:39
Memory Utilized: 844.94 MB
Memory Efficiency: 0.37% of 224.00 GB (224.00 GB/node)
The task which had the largest memory consumption differs by 151.20% from the average task max memory consumption
