Job: hratio_l35
~ Running on Snellius..
Setting WDIR=/home/ovaneck2/ComplexityContesters/paper_PF_hardness
Going to run /home/ovaneck2/ComplexityContesters/paper_PF_hardness/code/experiments/dfs_bnb_mpi
FIN_RES_PATH: /home/ovaneck2/ComplexityContesters/paper_PF_hardness/jobs/hratio_l35_results
DATASET_PATH: /home/ovaneck2/ComplexityContesters/paper_PF_hardness/data/vanEck_hratio/35
Processing H0..
Debug Info:
	Results path:         "/home/ovaneck2/ComplexityContesters/paper_PF_hardness/jobs/hratio_l35_results"
	Dataset to use:       /home/ovaneck2/ComplexityContesters/paper_PF_hardness/data/vanEck_hratio/35
	Dataset extra:        H0
	Dimension of fold:    2
	Lengths to fold:      35 

Finished 35_H0 in 0.026204
Processing H1..
Debug Info:
	Results path:         "/home/ovaneck2/ComplexityContesters/paper_PF_hardness/jobs/hratio_l35_results"
	Dataset to use:       /home/ovaneck2/ComplexityContesters/paper_PF_hardness/data/vanEck_hratio/35
	Dataset extra:        H1
	Dimension of fold:    2
	Lengths to fold:      35 

Finished 35_H1 in 0.033973
Processing H10..
Debug Info:
	Results path:         "/home/ovaneck2/ComplexityContesters/paper_PF_hardness/jobs/hratio_l35_results"
	Dataset to use:       /home/ovaneck2/ComplexityContesters/paper_PF_hardness/data/vanEck_hratio/35
	Dataset extra:        H10
	Dimension of fold:    2
	Lengths to fold:      35 


JOB STATISTICS
==============
Job ID: 13964854
Cluster: snellius
User/Group: ovaneck2/ovaneck2
State: CANCELLED (exit code 0)
Nodes: 1
Cores per node: 128
CPU Utilized: 00:00:01
CPU Efficiency: 0.00% of 13:20:00 core-walltime
Job Wall-clock time: 00:06:15
Memory Utilized: 5.21 GB
Memory Efficiency: 2.33% of 224.00 GB (224.00 GB/node)
The task which had the largest memory consumption differs by 187.46% from the average task max memory consumption
