Job: hratio_solve_remaining_l10
~ Running on Snellius..
Setting WDIR=/home/ovaneck2/ComplexityContesters/paper_PF_hardness
Going to run /home/ovaneck2/ComplexityContesters/paper_PF_hardness/code/experiments/solve_remaining
FIN_RES_PATH: /home/ovaneck2/ComplexityContesters/paper_PF_hardness/jobs/hratio_solve_remaining_l10_results
INPUT_CSV_PATH: /home/ovaneck2/ComplexityContesters/paper_PF_hardness/jobs/missing.csv
Debug Info:
	Results path:         "/home/ovaneck2/ComplexityContesters/paper_PF_hardness/jobs/hratio_solve_remaining_l10_results"
	Input CSV path:       /home/ovaneck2/ComplexityContesters/paper_PF_hardness/jobs/missing.csv
	Dimension of fold:    2


[ 22 ] Protein:
	10
	H7
	21
	HHHHHPHPPH
[ 8 ] Protein:
	10
	H7
	7
	HPHHHHHHPP
[ 20 ] Protein:
	10
	H7
	19
	HHPHHPHHPH
[ 16 ] Protein:
	10
	H7
	15
	PHPHPHHHHH
[ 19 ] Protein:
	10
	H7
	18
	HHHPPHHHPH
[ 13 ] Protein:
	10
	H7
	12
	HPHHPPHHHH
[ 14 ] Protein:
	10
	H7
	13
	HHHPPHHPHH
[ 10 ] Protein:
	10
	H7
	9
	HHHPHHHHPP
[ 7 ] Protein:
	10
	H7
	6
	HHHHHPHPHP
[ 9 ] Protein:
	10
	H7
	8
	HHPHHHPHHP
[ 4 ] Protein:
	10
	H7
	3
	HPHHPHHHPH
[ 21 ] Protein:
	10
	H7
	20
	HHHHHPPHPH
[ 12 ] Protein:
	10
	H7
	11
	PPHHHPHHHH
[ 11 ] Protein:
	10
	H7
	10
	HPHPHHHHHP
[ 2 ] Protein:
	10
	H7
	1
	HPHHHPHPHH
[ 6 ] Protein:
	10
	H7
	5
	HHHPHHHPHP
[ 17 ] Protein:
	10
	H7
	16
	HPHPHHHHPH
[ 5 ] Protein:
	10
	H7
	4
	PPHHHHPHHH
[ 1 ] Protein:
	10
	H7
	0
	HPHHHHPHHP
[ 3 ] Protein:
	10
	H7
	2
	HHHPHPHHPH
[ 15 ] Protein:
	10
	H7
	14
	HPHHHPHHPH
[ 18 ] Protein:
	10
	H7
	23
	HPPHHHHHPH
Finished  in 0.005443
