Job: hratio_l30
~ Running on Snellius..
Setting WDIR=/home/ovaneck2/ComplexityContesters/paper_PF_hardness
Going to run /home/ovaneck2/ComplexityContesters/paper_PF_hardness/code/experiments/dfs_bnb_mpi
FIN_RES_PATH: /home/ovaneck2/ComplexityContesters/paper_PF_hardness/jobs/hratio_l30_results
DATASET_PATH: /home/ovaneck2/ComplexityContesters/paper_PF_hardness/data/vanEck_hratio/30
Processing H29..
Debug Info:
	Results path:         "/home/ovaneck2/ComplexityContesters/paper_PF_hardness/jobs/hratio_l30_results"
	Dataset to use:       /home/ovaneck2/ComplexityContesters/paper_PF_hardness/data/vanEck_hratio/30
	Dataset extra:        H29
	Dimension of fold:    2
	Lengths to fold:      30 

Finished 30_H29 in 5021.58

JOB STATISTICS
==============
Job ID: 14236854
Cluster: snellius
User/Group: ovaneck2/ovaneck2
State: FAILED (exit code 134)
Nodes: 1
Cores per node: 128
CPU Utilized: 00:00:01
CPU Efficiency: 0.00% of 7-13:00:48 core-walltime
Job Wall-clock time: 01:24:51
Memory Utilized: 3.51 GB
Memory Efficiency: 1.57% of 224.00 GB (224.00 GB/node)
The task which had the largest memory consumption differs by 112.95% from the average task max memory consumption
