[EARL][tcn273][2333479] --- EARL INIT [PID: 2333479] [MASTER: 1] ---
[34m[tcn273][0][INFO] [0mK-medoids & roofline strategies not available. Loading default model for the classification
--- EARL loaded APIs ---
MGT_CPUFREQ: EARD
MGT_IMCFREQ: EARD
MGT_PRIO   : DUMMY
MET_CPUFREQ: EARD
MET_IMCFREQ: EARD
MET_ENERGY : EARD
MET_TEMP:    AMD17
MET_BWIDTH : EARD
MET_FLOPS  : PERF
MET_CPI    : PERF
MGT_GPU    : DUMMY
MET_GPU    : DUMMY
L1D: loaded (event PERF_L1D_MISS_LD) 
L2 : loaded (event L2_MISS_FROM_DC) (also in LBW)
L2 : loaded (event L2_MISS_FROM_PF1) (also in LBW)
L2 : loaded (event L2_MISS_FROM_PF2) (also in LBW)

------------------------
Mapping frequencies from 128 processes to 128 CPUs...
[84/128]	I'm online..
[94/128]	I'm online..
[63/128]	I'm online..
[110/128]	I'm online..
[21/128]	I'm online..
[13/128]	I'm online..
[4/128]	I'm online..
[56/128]	I'm online..
[9/128]	I'm online..
[46/128]	I'm online..
[54/128]	I'm online..
[113/128]	I'm online..
[7/128]	I'm online..
[16/128]	I'm online..
[36/128]	I'm online..
[52/128]	I'm online..
[93/128]	I'm online..
[33/128]	I'm online..
[126/128]	I'm online..
[77/128]	I'm online..
[20/128]	I'm online..
[42/128]	I'm online..
[103/128]	I'm online..
[125/128]	I'm online..
[5/128]	I'm online..
[22/128]	I'm online..
[69/128]	I'm online..
[68/128]	I'm online..
[62/128]	I'm online..
[70/128]	I'm online..
[6/128]	I'm online..
[80/128]	I'm online..
[106/128]	I'm online..
[14/128]	I'm online..
[123/128]	I'm online..
[109/128]	I'm online..
[23/128]	I'm online..
[10/128]	I'm online..
[24/128]	I'm online..
[111/128]	I'm online..
[121/128]	I'm online..
[32/128]	I'm online..
[59/128]	I'm online..
[116/128]	I'm online..
[53/128]	I'm online..
[104/128]	I'm online..
[27/128]	I'm online..
[37/128]	I'm online..
[40/128]	I'm online..
[118/128]	I'm online..
[61/128]	I'm online..
[30/128]	I'm online..
[41/128]	I'm online..
[44/128]	I'm online..
[35/128]	I'm online..
[78/128]	I'm online..
[66/128]	I'm online..
[48/128]	I'm online..
[81/128]	I'm online..
[38/128]	I'm online..
[115/128]	I'm online..
[100/128]	I'm online..
[122/128]	I'm online..
[60/128]	I'm online..
[76/128]	I'm online..
[26/128]	I'm online..
[47/128]	I'm online..
[79/128]	I'm online..
[87/128]	I'm online..
[28/128]	I'm online..
[34/128]	I'm online..
[43/128]	I'm online..
[74/128]	I'm online..
[82/128]	I'm online..
[12/128]	I'm online..
[108/128]	I'm online..
[86/128]	I'm online..
[51/128]	I'm online..
[45/128]	I'm online..
[95/128]	I'm online..
[57/128]	I'm online..
[55/128]	I'm online..
[39/128]	I'm online..
[99/128]	I'm online..
[92/128]	I'm online..
[102/128]	I'm online..
[8/128]	I'm online..
[97/128]	I'm online..
[2/128]	I'm online..
[50/128]	I'm online..
[67/128]	I'm online..
[107/128]	I'm online..
[114/128]	I'm online..
[64/128]	I'm online..
[71/128]	I'm online..
[101/128]	I'm online..
[119/128]	I'm online..
[29/128]	I'm online..
[31/128]	I'm online..
[49/128]	I'm online..
[85/128]	I'm online..
[58/128]	I'm online..
[75/128]	I'm online..
[11/128]	I'm online..
[98/128]	I'm online..
[128/128]	I'm online..
[19/128]	I'm online..
[15/128]	I'm online..
[96/128]	I'm online..
[91/128]	I'm online..
[25/128]	I'm online..
[88/128]	I'm online..
[73/128]	I'm online..
[65/128]	I'm online..
[117/128]	I'm online..
[3/128]	I'm online..
[18/128]	I'm online..
[72/128]	I'm online..
[105/128]	I'm online..
[89/128]	I'm online..
[124/128]	I'm online..
[112/128]	I'm online..
[127/128]	I'm online..
[83/128]	I'm online..
[120/128]	I'm online..
[90/128]	I'm online..
[17/128]	I'm online..
---------------- EAR 5.1 MPI enabled ----------------
                   App/user id: 'hratio_l30'/'ovaneck2'
    Node/job id/step_id/app_id: 'tcn273'/'14322884'/'0'/'2333479'
     P_STATE/frequency (turbo): 0/2600000 (0)
    Tasks/nodes/ppn/node_ratio: 128/1/128/1.000
             Policy (learning): monitoring (0)
Policy threshold/Perf accuracy: 0.00/10000000.00
   DynAIS levels/window/AVX512: 10/200/2
                      VAR path: /var/ear
           EAR privileged user: 0
                       EARL on: 1 
                  Max CPU freq: 2600000
-------------------------------------------------------
EAR initialized successfully.
[1/128]	I'm online..
[34m[tcn273][0][INFO] [0mScope APP master 1 elapsed 0.000000
----------------------------------- Application Summary [tcn273] -----------------------------------
--- App id: hratio_l30 / user id: ovaneck2 / account: vusei12999 / job.step: 14322884.0.2333479 ---


(mpi_sig) Wall time: 5.305 s, nominal freq.: 2.60 GHz, avg. freq: 2.57 GHz, avg imc freq: 1.47 GHz
          Avg. mpi_time/exec_time 81.0 %

          tasks: 128

          CPI/TPI: 0.376/0.133, GB/s: 0.722, GFLOPS: 0.000, IO: 1.381 (MB/s)
          DC/DRAM/PCK power: 236.005/0.000/385.354 (W) GFlops/Watts 0.000


----------------------------------------------------------------------------------------------------
[64/128]	Finalized MPI..
[18/128]	Finalized MPI..
[40/128]	Finalized MPI..
[17/128]	Finalized MPI..
[49/128]	Finalized MPI..
[118/128]	Finalized MPI..
[22/128]	Finalized MPI..
[85/128]	Finalized MPI..
[59/128]	Finalized MPI..
[43/128]	Finalized MPI..
[91/128]	Finalized MPI..
[35/128]	Finalized MPI..
[76/128]	Finalized MPI..
[74/128]	Finalized MPI..
[50/128]	Finalized MPI..
[120/128]	Finalized MPI..
[61/128]	Finalized MPI..
[52/128]	Finalized MPI..
[39/128]	Finalized MPI..
[45/128]	Finalized MPI..
[117/128]	Finalized MPI..
[51/128]	Finalized MPI..
[107/128]	Finalized MPI..
[13/128]	Finalized MPI..
[16/128]	Finalized MPI..
[3/128]	Finalized MPI..
[79/128]	Finalized MPI..
[114/128]	Finalized MPI..
[105/128]	Finalized MPI..
[32/128]	Finalized MPI..
[111/128]	Finalized MPI..
[112/128]	Finalized MPI..
[121/128]	Finalized MPI..
[34/128]	Finalized MPI..
[128/128]	Finalized MPI..
[86/128]	Finalized MPI..
[88/128]	Finalized MPI..
[71/128]	Finalized MPI..
[29/128]	Finalized MPI..
[83/128]	Finalized MPI..
[53/128]	Finalized MPI..
[84/128]	Finalized MPI..
[1/128]	Finalized MPI..
[41/128]	Finalized MPI..
[67/128]	Finalized MPI..
[119/128]	Finalized MPI..
[72/128]	Finalized MPI..
[23/128]	Finalized MPI..
[44/128]	Finalized MPI..
[80/128]	Finalized MPI..
[21/128]	Finalized MPI..
[42/128]	Finalized MPI..
[5/128]	Finalized MPI..
[92/128]	Finalized MPI..
[106/128]	Finalized MPI..
[55/128]	Finalized MPI..
[77/128]	Finalized MPI..
[125/128]	Finalized MPI..
[46/128]	Finalized MPI..
[2/128]	Finalized MPI..
[95/128]	Finalized MPI..
[93/128]	Finalized MPI..
[113/128]	Finalized MPI..
[8/128]	Finalized MPI..
[110/128]	Finalized MPI..
[122/128]	Finalized MPI..
[47/128]	Finalized MPI..
[6/128]	Finalized MPI..
[25/128]	Finalized MPI..
[99/128]	Finalized MPI..
[38/128]	Finalized MPI..
[100/128]	Finalized MPI..
[104/128]	Finalized MPI..
[78/128]	Finalized MPI..
[102/128]	Finalized MPI..
[101/128]	Finalized MPI..
[12/128]	Finalized MPI..
[75/128]	Finalized MPI..
[66/128]	Finalized MPI..
[103/128]	Finalized MPI..
[28/128]	Finalized MPI..
[30/128]	Finalized MPI..
[60/128]	Finalized MPI..
[57/128]	Finalized MPI..
[48/128]	Finalized MPI..
[65/128]	Finalized MPI..
[56/128]	Finalized MPI..
[87/128]	Finalized MPI..
[109/128]	Finalized MPI..
[115/128]	Finalized MPI..
[94/128]	Finalized MPI..
[96/128]	Finalized MPI..
[15/128]	Finalized MPI..
[70/128]	Finalized MPI..
[68/128]	Finalized MPI..
[62/128]	Finalized MPI..
[63/128]	Finalized MPI..
[36/128]	Finalized MPI..
[116/128]	Finalized MPI..
[24/128]	Finalized MPI..
[33/128]	Finalized MPI..
[90/128]	Finalized MPI..
[69/128]	Finalized MPI..
[89/128]	Finalized MPI..
[27/128]	Finalized MPI..
[4/128]	Finalized MPI..
[127/128]	Finalized MPI..
[126/128]	Finalized MPI..
[26/128]	Finalized MPI..
[123/128]	Finalized MPI..
[124/128]	Finalized MPI..
[73/128]	Finalized MPI..
[82/128]	Finalized MPI..
[97/128]	Finalized MPI..
[98/128]	Finalized MPI..
[10/128]	Finalized MPI..
[81/128]	Finalized MPI..
[9/128]	Finalized MPI..
[11/128]	Finalized MPI..
[58/128]	Finalized MPI..
[108/128]	Finalized MPI..
[37/128]	Finalized MPI..
[54/128]	Finalized MPI..
[14/128]	Finalized MPI..
[31/128]	Finalized MPI..
[7/128]	Finalized MPI..
[19/128]	Finalized MPI..
[20/128]	Finalized MPI..
