Job: hratio_solve_remaining_l10
~ Running on Snellius..
Setting WDIR=/home/ovaneck2/ComplexityContesters/paper_PF_hardness
Going to run /home/ovaneck2/ComplexityContesters/paper_PF_hardness/code/experiments/solve_remaining
FIN_RES_PATH: /home/ovaneck2/ComplexityContesters/paper_PF_hardness/jobs/hratio_solve_remaining_l10_results
INPUT_CSV_PATH: /home/ovaneck2/ComplexityContesters/paper_PF_hardness/jobs/missing.csv
Debug Info:
	Results path:         "/home/ovaneck2/ComplexityContesters/paper_PF_hardness/jobs/hratio_solve_remaining_l10_results"
	Input CSV path:       /home/ovaneck2/ComplexityContesters/paper_PF_hardness/jobs/missing.csv
	Dimension of fold:    2


Protein to parse:	[72][80][72][72][72][72][80][72][72][80][13]
Protein to parse:	[72][80][72][72][72][80][72][80][72][72][13]
Protein to parse:	[72][72][72][80][72][80][72][72][80][72][13]
Protein to parse:	[72][80][72][72][80][72][72][72][80][72][13]
Protein to parse:	[80][80][72][72][72][72][80][72][72][72][13]
Protein to parse:	[72][72][72][80][72][72][72][80][72][80][13]
Protein to parse:	[72][72][72][72][72][80][72][80][72][80][13]
Protein to parse:	[72][80][72][72][72][72][72][72][80][80][13]
Protein to parse:	[72][72][80][72][72][72][80][72][72][80][13]
Protein to parse:	[72][72][72][80][72][72][72][72][80][80][13]
Protein to parse:	[72][80][72][80][72][72][72][72][72][80][13]
Protein to parse:	[72][80][72][72][72][72][80][72][72][80][13]
Protein to parse:	[72][80][72][72][72][80][72][80][72][72][13]
Protein to parse:	[72][72][72][80][72][80][72][72][80][72][13]
Protein to parse:	[72][80][72][72][80][72][72][72][80][72][13]
Protein to parse:	[80][80][72][72][72][72][80][72][72][72][13]
Protein to parse:	[72][72][72][80][72][72][72][80][72][80][13]
Protein to parse:	[72][72][72][72][72][80][72][80][72][80][13]
Protein to parse:	[72][80][72][72][72][72][72][72][80][80][13]
Protein to parse:	[72][72][80][72][72][72][80][72][72][80][13]
Protein to parse:	[72][72][72][80][72][72][72][72][80][80][13]
Protein to parse:	[72][80][72][80][72][72][72][72][72][80][13]
Protein to parse:	[80][80][72][72][72][80][72][72][72][72][13]
Protein to parse:	[72][80][72][72][80][80][72][72][72][72][13]
Protein to parse:	[72][72][72][80][80][72][72][80][72][72][13]
Protein to parse:	[80][80][72][72][72][80][72][72][72][72][13]
Protein to parse:	[72][80][72][72][80][80][72][72][72][72][13]
Protein to parse:	[72][72][72][80][80][72][72][80][72][72][13]
Protein to parse:	[72][80][72][72][72][80][72][72][80][72][13]
Protein to parse:	[80][72][80][72][80][72][72][72][72][72][13]
Protein to parse:	[72][80][72][80][72][72][72][72][80][72][13]
Protein to parse:	[80][72][72][80][72][72][72][72][72][80][13]
Protein to parse:	[72][72][72][80][80][72][72][72][80][72][13]
Protein to parse:	[72][72][80][72][72][80][72][72][80][72][13]
Protein to parse:	[72][72][72][72][72][80][80][72][80][72][13]
Protein to parse:	[72][72][72][72][72][80][72][80][80][72][13]
Protein to parse:	[72][72][72][80][72][80][80][72][72][72][13]
Protein to parse:	[72][80][80][72][72][72][72][72][80][72][13]
Protein to parse:	[72][80][72][72][72][80][72][72][80][72][13]
Protein to parse:	[80][72][80][72][80][72][72][72][72][72][13]
Protein to parse:	[72][80][72][80][72][72][72][72][80][72][13]
Protein to parse:	[80][72][72][80][72][72][72][72][72][80][13]
Protein to parse:	[72][72][72][80][80][72][72][72][80][72][13]
Protein to parse:	[72][72][80][72][72][80][72][72][80][72][13]
Protein to parse:	[72][72][72][72][72][80][80][72][80][72][13]
Protein to parse:	[72][72][72][72][72][80][72][80][80][72][13]
Protein to parse:	[72][72][72][80][72][80][80][72][72][72][13]
Protein to parse:	[72][80][80][72][72][72][72][72][80][72][13]
[ 8 ] Protein:
	10
	H7
	7
	HPHHHHHHPP
[ 24 ] Protein:
	10
	H7
	23
	HPPHHHHHPH
Protein to parse:	[72][80][72][72][72][72][80][72][72][80][13]
Protein to parse:	[72][80][72][72][72][80][72][80][72][72][13]
Protein to parse:	[72][72][72][80][72][80][72][72][80][72][13]
Protein to parse:	[72][80][72][72][80][72][72][72][80][72][13]
Protein to parse:	[80][80][72][72][72][72][80][72][72][72][13]
Protein to parse:	[72][72][72][80][72][72][72][80][72][80][13]
Protein to parse:	[72][72][72][72][72][80][72][80][72][80][13]
Protein to parse:	[72][80][72][72][72][72][72][72][80][80][13]
Protein to parse:	[72][72][80][72][72][72][80][72][72][80][13]
Protein to parse:	[72][72][72][80][72][72][72][72][80][80][13]
Protein to parse:	[72][80][72][80][72][72][72][72][72][80][13]
Protein to parse:	[80][80][72][72][72][80][72][72][72][72][13]
Protein to parse:	[72][80][72][72][80][80][72][72][72][72][13]
Protein to parse:	[72][72][72][80][80][72][72][80][72][72][13]
Protein to parse:	[72][80][72][72][72][80][72][72][80][72][13]
Protein to parse:	[80][72][80][72][80][72][72][72][72][72][13]
Protein to parse:	[72][80][72][80][72][72][72][72][80][72][13]
Protein to parse:	[80][72][72][80][72][72][72][72][72][80][13]
Protein to parse:	[72][72][72][80][80][72][72][72][80][72][13]
Protein to parse:	[72][72][80][72][72][80][72][72][80][72][13]
Protein to parse:	[72][72][72][72][72][80][80][72][80][72][13]
Protein to parse:	[72][72][72][72][72][80][72][80][80][72][13]
Protein to parse:	[72][72][72][80][72][80][80][72][72][72][13]
Protein to parse:	[72][80][80][72][72][72][72][72][80][72][13]
Protein to parse:	[72][80][72][72][72][72][80][72][72][80][13]
Protein to parse:	[72][80][72][72][72][80][72][80][72][72][13]
Protein to parse:	[72][72][72][80][72][80][72][72][80][72][13]
Protein to parse:	[72][80][72][72][80][72][72][72][80][72][13]
Protein to parse:	[80][80][72][72][72][72][80][72][72][72][13]
Protein to parse:	[72][72][72][80][72][72][72][80][72][80][13]
Protein to parse:	[72][72][72][72][72][80][72][80][72][80][13]
Protein to parse:	[72][80][72][72][72][72][72][72][80][80][13]
Protein to parse:	[72][72][80][72][72][72][80][72][72][80][13]
Protein to parse:	[72][72][72][80][72][72][72][72][80][80][13]
Protein to parse:	[72][80][72][80][72][72][72][72][72][80][13]
Protein to parse:	[80][80][72][72][72][80][72][72][72][72][13]
Protein to parse:	[72][80][72][72][80][80][72][72][72][72][13]
Protein to parse:	[72][72][72][80][80][72][72][80][72][72][13]
Protein to parse:	[72][80][72][72][72][80][72][72][80][72][13]
Protein to parse:	[80][72][80][72][80][72][72][72][72][72][13]
Protein to parse:	[72][80][72][80][72][72][72][72][80][72][13]
Protein to parse:	[80][72][72][80][72][72][72][72][72][80][13]
Protein to parse:	[72][72][72][80][80][72][72][72][80][72][13]
Protein to parse:	[72][72][80][72][72][80][72][72][80][72][13]
Protein to parse:	[72][72][72][72][72][80][80][72][80][72][13]
Protein to parse:	[72][72][72][72][72][80][72][80][80][72][13]
Protein to parse:	[72][72][72][80][72][80][80][72][72][72][13]
Protein to parse:	[72][80][80][72][72][72][72][72][80][72][13]
[ 4 ] Protein:
	10
	H7
	3
	HPHHPHHHPH
[ 1 ] Protein:
	10
	H7
	0
	HPHHHHPHHP
Protein to parse:	[72][80][72][72][72][72][80][72][72][80][13]
Protein to parse:	[72][80][72][72][72][80][72][80][72][72][13]
Protein to parse:	[72][72][72][80][72][80][72][72][80][72][13]
Protein to parse:	[72][80][72][72][80][72][72][72][80][72][13]
Protein to parse:	[80][80][72][72][72][72][80][72][72][72][13]
Protein to parse:	[72][72][72][80][72][72][72][80][72][80][13]
Protein to parse:	[72][72][72][72][72][80][72][80][72][80][13]
Protein to parse:	[72][80][72][72][72][72][72][72][80][80][13]
Protein to parse:	[72][72][80][72][72][72][80][72][72][80][13]
Protein to parse:	[72][72][72][80][72][72][72][72][80][80][13]
Protein to parse:	[72][80][72][80][72][72][72][72][72][80][13]
Protein to parse:	[80][80][72][72][72][80][72][72][72][72][13]
Protein to parse:	[72][80][72][72][80][80][72][72][72][72][13]
Protein to parse:	[72][72][72][80][80][72][72][80][72][72][13]
Protein to parse:	[72][80][72][72][72][80][72][72][80][72][13]
Protein to parse:	[80][72][80][72][80][72][72][72][72][72][13]
Protein to parse:	[72][80][72][80][72][72][72][72][80][72][13]
Protein to parse:	[80][72][72][80][72][72][72][72][72][80][13]
Protein to parse:	[72][72][72][80][80][72][72][72][80][72][13]
Protein to parse:	[72][72][80][72][72][80][72][72][80][72][13]
Protein to parse:	[72][72][72][72][72][80][80][72][80][72][13]
Protein to parse:	[72][72][72][72][72][80][72][80][80][72][13]
Protein to parse:	[72][72][72][80][72][80][80][72][72][72][13]
Protein to parse:	[72][80][80][72][72][72][72][72][80][72][13]
Protein to parse:	[72][80][72][72][72][72][80][72][72][80][13]
Protein to parse:	[72][80][72][72][72][80][72][80][72][72][13]
Protein to parse:	[72][72][72][80][72][80][72][72][80][72][13]
Protein to parse:	[72][80][72][72][80][72][72][72][80][72][13]
Protein to parse:	[80][80][72][72][72][72][80][72][72][72][13]
Protein to parse:	[72][72][72][80][72][72][72][80][72][80][13]
Protein to parse:	[72][72][72][72][72][80][72][80][72][80][13]
Protein to parse:	[72][80][72][72][72][72][72][72][80][80][13]
Protein to parse:	[72][72][80][72][72][72][80][72][72][80][13]
Protein to parse:	[72][72][72][80][72][72][72][72][80][80][13]
Protein to parse:	[72][80][72][80][72][72][72][72][72][80][13]
Protein to parse:	[80][80][72][72][72][80][72][72][72][72][13]
Protein to parse:	[72][80][72][72][80][80][72][72][72][72][13]
Protein to parse:	[72][72][72][80][80][72][72][80][72][72][13]
Protein to parse:	[72][80][72][72][72][80][72][72][80][72][13]
Protein to parse:	[80][72][80][72][80][72][72][72][72][72][13]
Protein to parse:	[72][80][72][80][72][72][72][72][80][72][13]
Protein to parse:	[80][72][72][80][72][72][72][72][72][80][13]
Protein to parse:	[72][72][72][80][80][72][72][72][80][72][13]
Protein to parse:	[72][72][80][72][72][80][72][72][80][72][13]
Protein to parse:	[72][72][72][72][72][80][80][72][80][72][13]
Protein to parse:	[72][72][72][72][72][80][72][80][80][72][13]
Protein to parse:	[72][72][72][80][72][80][80][72][72][72][13]
Protein to parse:	[72][80][72][72][72][72][80][72][72][80][13]
Protein to parse:	[72][80][72][72][72][80][72][80][72][72][13]
Protein to parse:	[72][72][72][80][72][80][72][72][80][72][13]
Protein to parse:	[72][80][72][72][80][72][72][72][80][72][13]
Protein to parse:	[80][80][72][72][72][72][80][72][72][72][13]
Protein to parse:	[72][72][72][80][72][72][72][80][72][80][13]
Protein to parse:	[72][72][72][72][72][80][72][80][72][80][13]
Protein to parse:	[72][80][72][72][72][72][72][72][80][80][13]
Protein to parse:	[72][72][80][72][72][72][80][72][72][80][13]
Protein to parse:	[72][72][72][80][72][72][72][72][80][80][13]
Protein to parse:	[72][80][72][80][72][72][72][72][72][80][13]
Protein to parse:	[80][80][72][72][72][80][72][72][72][72][13]
Protein to parse:	[72][80][72][72][80][80][72][72][72][72][13]
Protein to parse:	[72][72][72][80][80][72][72][80][72][72][13]
Protein to parse:	[72][80][72][72][72][80][72][72][80][72][13]
Protein to parse:	[80][72][80][72][80][72][72][72][72][72][13]
Protein to parse:	[72][80][72][80][72][72][72][72][80][72][13]
Protein to parse:	[80][72][72][80][72][72][72][72][72][80][13]
Protein to parse:	[72][72][72][80][80][72][72][72][80][72][13]
Protein to parse:	[72][72][80][72][72][80][72][72][80][72][13]
Protein to parse:	[72][72][72][72][72][80][80][72][80][72][13]
Protein to parse:	[72][72][72][72][72][80][72][80][80][72][13]
Protein to parse:	[72][72][72][80][72][80][80][72][72][72][13]
Protein to parse:	[72][80][72][72][72][72][80][72][72][80][13]
Protein to parse:	[72][80][72][72][72][80][72][80][72][72][13]
Protein to parse:	[72][72][72][80][72][80][72][72][80][72][13]
Protein to parse:	[72][80][72][72][80][72][72][72][80][72][13]
Protein to parse:	[80][80][72][72][72][72][80][72][72][72][13]
Protein to parse:	[72][72][72][80][72][72][72][80][72][80][13]
Protein to parse:	[72][72][72][72][72][80][72][80][72][80][13]
Protein to parse:	[72][72][80][72][72][72][80][72][72][80][13]
Protein to parse:	[72][72][72][80][72][72][72][72][80][80][13]
Protein to parse:	[72][80][72][80][72][72][72][72][72][80][13]
Protein to parse:	[80][80][72][72][72][80][72][72][72][72][13]
Protein to parse:	[72][80][72][72][80][80][72][72][72][72][13]
Protein to parse:	[72][72][72][80][80][72][72][80][72][72][13]
Protein to parse:	[72][80][72][72][72][80][72][72][80][72][13]
Protein to parse:	[80][72][80][72][80][72][72][72][72][72][13]
Protein to parse:	[72][80][72][80][72][72][72][72][80][72][13]
Protein to parse:	[80][72][72][80][72][72][72][72][72][80][13]
Protein to parse:	[72][72][72][80][80][72][72][72][80][72][13]
Protein to parse:	[72][72][80][72][72][80][72][72][80][72][13]
Protein to parse:	[72][72][72][72][72][80][80][72][80][72][13]
Protein to parse:	[72][72][72][72][72][80][72][80][80][72][13]
Protein to parse:	[72][72][72][80][72][80][80][72][72][72][13]
Protein to parse:	[72][80][72][72][72][72][80][72][72][80][13]
Protein to parse:	[72][80][72][72][72][80][72][80][72][72][13]
Protein to parse:	[72][72][72][80][72][80][72][72][80][72][13]
Protein to parse:	[72][80][72][72][80][72][72][72][80][72][13]
Protein to parse:	[80][80][72][72][72][72][80][72][72][72][13]
Protein to parse:	[72][72][72][80][72][72][72][80][72][80][13]
Protein to parse:	[72][72][72][72][72][80][72][80][72][80][13]
Protein to parse:	[72][80][72][72][72][72][72][72][80][80][13]
Protein to parse:	[72][72][80][72][72][72][80][72][72][80][13]
Protein to parse:	[72][72][72][80][72][72][72][72][80][80][13]
Protein to parse:	[72][80][72][80][72][72][72][72][72][80][13]
Protein to parse:	[80][80][72][72][72][80][72][72][72][72][13]
Protein to parse:	[72][80][72][72][80][80][72][72][72][72][13]
Protein to parse:	[72][72][72][80][80][72][72][80][72][72][13]
Protein to parse:	[72][80][72][72][72][80][72][72][80][72][13]
Protein to parse:	[80][72][80][72][80][72][72][72][72][72][13]
Protein to parse:	[72][80][72][80][72][72][72][72][80][72][13]
Protein to parse:	[80][72][72][80][72][72][72][72][72][80][13]
Protein to parse:	[72][72][72][80][80][72][72][72][80][72][13]
Protein to parse:	[72][72][80][72][72][80][72][72][80][72][13]
Protein to parse:	[72][72][72][72][72][80][80][72][80][72][13]
Protein to parse:	[72][72][72][72][72][80][72][80][80][72][13]
Protein to parse:	[72][72][72][80][72][80][80][72][72][72][13]
Protein to parse:	[72][80][72][72][72][72][80][72][72][80][13]
Protein to parse:	[72][80][72][72][72][80][72][80][72][72][13]
Protein to parse:	[72][72][72][80][72][80][72][72][80][72][13]
Protein to parse:	[72][80][72][72][80][72][72][72][80][72][13]
Protein to parse:	[80][80][72][72][72][72][80][72][72][72][13]
Protein to parse:	[72][72][72][80][72][72][72][80][72][80][13]
Protein to parse:	[72][72][72][72][72][80][72][80][72][80][13]
Protein to parse:	[72][80][72][72][72][72][72][72][80][80][13]
Protein to parse:	[72][72][80][72][72][72][80][72][72][80][13]
Protein to parse:	[72][72][72][80][72][72][72][72][80][80][13]
Protein to parse:	[72][80][72][80][72][72][72][72][72][80][13]
Protein to parse:	[80][80][72][72][72][80][72][72][72][72][13]
Protein to parse:	[72][80][72][72][80][80][72][72][72][72][13]
Protein to parse:	[72][72][72][80][80][72][72][80][72][72][13]
Protein to parse:	[72][80][72][72][72][80][72][72][80][72][13]
Protein to parse:	[80][72][80][72][80][72][72][72][72][72][13]
Protein to parse:	[72][80][72][80][72][72][72][72][80][72][13]
Protein to parse:	[80][72][72][80][72][72][72][72][72][80][13]
Protein to parse:	[72][72][72][80][80][72][72][72][80][72][13]
Protein to parse:	[72][72][80][72][72][80][72][72][80][72][13]
Protein to parse:	[72][72][72][72][72][80][80][72][80][72][13]
Protein to parse:	[72][72][72][72][72][80][72][80][80][72][13]
Protein to parse:	[72][72][72][80][72][80][80][72][72][72][13]
[ 13 ] Protein:
	10
	H7
	12
	HPHHPPHHHH
Protein to parse:	[72][80][72][72][72][72][80][72][72][80][13]
Protein to parse:	[72][80][72][72][72][80][72][80][72][72][13]
Protein to parse:	[72][72][72][80][72][80][72][72][80][72][13]
Protein to parse:	[72][80][72][72][80][72][72][72][80][72][13]
Protein to parse:	[80][80][72][72][72][72][80][72][72][72][13]
Protein to parse:	[72][72][72][80][72][72][72][80][72][80][13]
Protein to parse:	[72][72][72][72][72][80][72][80][72][80][13]
Protein to parse:	[72][80][72][72][72][72][72][72][80][80][13]
Protein to parse:	[72][72][80][72][72][72][80][72][72][80][13]
Protein to parse:	[72][72][72][80][72][72][72][72][80][80][13]
Protein to parse:	[72][80][72][80][72][72][72][72][72][80][13]
Protein to parse:	[80][80][72][72][72][80][72][72][72][72][13]
Protein to parse:	[72][80][72][72][80][80][72][72][72][72][13]
Protein to parse:	[72][72][72][80][80][72][72][80][72][72][13]
Protein to parse:	[72][80][72][72][72][80][72][72][80][72][13]
Protein to parse:	[80][72][80][72][80][72][72][72][72][72][13]
Protein to parse:	[72][80][72][80][72][72][72][72][80][72][13]
Protein to parse:	[80][72][72][80][72][72][72][72][72][80][13]
Protein to parse:	[72][72][72][80][80][72][72][72][80][72][13]
Protein to parse:	[72][72][80][72][72][80][72][72][80][72][13]
Protein to parse:	[72][72][72][72][72][80][80][72][80][72][13]
Protein to parse:	[72][72][72][72][72][80][72][80][80][72][13]
Protein to parse:	[72][72][72][80][72][80][80][72][72][72][13]
[ 2 ] Protein:
	10
	H7
	1
	HPHHHPHPHH
[ 20 ] Protein:
	10
	H7
	19
	HHPHHPHHPH
[ 16 ] Protein:
	10
	H7
	15
	PHPHPHHHHH
Protein to parse:	[72][80][72][72][72][72][80][72][72][80][13]
Protein to parse:	[72][80][72][72][72][80][72][80][72][72][13]
Protein to parse:	[72][72][72][80][72][80][72][72][80][72][13]
Protein to parse:	[72][80][72][72][80][72][72][72][80][72][13]
Protein to parse:	[80][80][72][72][72][72][80][72][72][72][13]
Protein to parse:	[72][72][72][80][72][72][72][80][72][80][13]
Protein to parse:	[72][72][72][72][72][80][72][80][72][80][13]
Protein to parse:	[72][72][80][72][72][72][80][72][72][80][13]
Protein to parse:	[72][72][72][80][72][72][72][72][80][80][13]
Protein to parse:	[72][80][72][80][72][72][72][72][72][80][13]
Protein to parse:	[80][80][72][72][72][80][72][72][72][72][13]
Protein to parse:	[72][80][72][72][80][80][72][72][72][72][13]
Protein to parse:	[72][72][72][80][80][72][72][80][72][72][13]
Protein to parse:	[72][80][72][72][72][80][72][72][80][72][13]
Protein to parse:	[80][72][80][72][80][72][72][72][72][72][13]
Protein to parse:	[72][80][72][80][72][72][72][72][80][72][13]
Protein to parse:	[80][72][72][80][72][72][72][72][72][80][13]
Protein to parse:	[72][72][72][80][80][72][72][72][80][72][13]
Protein to parse:	[72][72][80][72][72][80][72][72][80][72][13]
Protein to parse:	[72][72][72][72][72][80][80][72][80][72][13]
Protein to parse:	[72][72][72][72][72][80][72][80][80][72][13]
Protein to parse:	[72][72][72][80][72][80][80][72][72][72][13]
[ 6 ] Protein:
	10
	H7
	5
	HHHPHHHPHP
[ 3 ] Protein:
	10
	H7
	2
	HHHPHPHHPH
Protein to parse:	[72][80][72][72][72][72][80][72][72][80][13]
Protein to parse:	[72][80][72][72][72][80][72][80][72][72][13]
Protein to parse:	[72][72][72][80][72][80][72][72][80][72][13]
Protein to parse:	[72][80][72][72][80][72][72][72][80][72][13]
Protein to parse:	[80][80][72][72][72][72][80][72][72][72][13]
Protein to parse:	[72][72][72][80][72][72][72][80][72][80][13]
Protein to parse:	[72][72][72][72][72][80][72][80][72][80][13]
Protein to parse:	[72][80][72][72][72][72][72][72][80][80][13]
Protein to parse:	[72][72][80][72][72][72][80][72][72][80][13]
Protein to parse:	[72][72][72][80][72][72][72][72][80][80][13]
Protein to parse:	[72][80][72][80][72][72][72][72][72][80][13]
Protein to parse:	[80][80][72][72][72][80][72][72][72][72][13]
Protein to parse:	[72][80][72][72][80][80][72][72][72][72][13]
Protein to parse:	[72][72][72][80][80][72][72][80][72][72][13]
Protein to parse:	[72][80][72][72][72][72][80][72][72][80][13]
Protein to parse:	[72][80][72][72][72][80][72][80][72][72][13]
Protein to parse:	[72][72][72][80][72][80][72][72][80][72][13]
Protein to parse:	[72][80][72][72][80][72][72][72][80][72][13]
Protein to parse:	[80][80][72][72][72][72][80][72][72][72][13]
Protein to parse:	[72][72][72][80][72][72][72][80][72][80][13]
Protein to parse:	[72][72][72][72][72][80][72][80][72][80][13]
Protein to parse:	[72][72][80][72][72][72][80][72][72][80][13]
Protein to parse:	[72][80][72][72][72][80][72][72][80][72][13]
Protein to parse:	[80][72][80][72][80][72][72][72][72][72][13]
Protein to parse:	[72][80][72][80][72][72][72][72][80][72][13]
Protein to parse:	[80][72][72][80][72][72][72][72][72][80][13]
Protein to parse:	[72][72][72][80][80][72][72][72][80][72][13]
Protein to parse:	[72][72][80][72][72][80][72][72][80][72][13]
Protein to parse:	[72][72][72][72][72][80][80][72][80][72][13]
Protein to parse:	[72][72][72][72][72][80][72][80][80][72][13]
Protein to parse:	[72][72][72][80][72][80][80][72][72][72][13]
Protein to parse:	[72][80][80][72][72][72][72][72][80][72][13]
Protein to parse:	[72][72][72][80][72][72][72][72][80][80][13]
Protein to parse:	[72][80][72][80][72][72][72][72][72][80][13]
Protein to parse:	[80][80][72][72][72][80][72][72][72][72][13]
Protein to parse:	[72][80][72][72][80][80][72][72][72][72][13]
Protein to parse:	[72][72][72][80][80][72][72][80][72][72][13]
Protein to parse:	[72][80][72][72][72][80][72][72][80][72][13]
Protein to parse:	[80][72][80][72][80][72][72][72][72][72][13]
Protein to parse:	[72][80][72][80][72][72][72][72][80][72][13]
Protein to parse:	[80][72][72][80][72][72][72][72][72][80][13]
Protein to parse:	[72][80][72][72][72][72][80][72][72][80][13]
Protein to parse:	[72][80][72][72][72][80][72][80][72][72][13]
Protein to parse:	[72][72][72][80][72][80][72][72][80][72][13]
Protein to parse:	[72][80][72][72][80][72][72][72][80][72][13]
Protein to parse:	[80][80][72][72][72][72][80][72][72][72][13]
Protein to parse:	[72][72][72][80][72][72][72][80][72][80][13]
Protein to parse:	[72][72][72][72][72][80][72][80][72][80][13]
Protein to parse:	[72][80][72][72][72][72][72][72][80][80][13]
Protein to parse:	[72][72][80][72][72][72][80][72][72][80][13]
Protein to parse:	[72][72][72][80][72][72][72][72][80][80][13]
Protein to parse:	[72][80][72][80][72][72][72][72][72][80][13]
Protein to parse:	[80][80][72][72][72][80][72][72][72][72][13]
Protein to parse:	[72][80][72][72][72][72][80][72][72][80][13]
Protein to parse:	[72][80][72][72][72][80][72][80][72][72][13]
Protein to parse:	[72][72][72][80][72][80][72][72][80][72][13]
Protein to parse:	[72][80][72][72][80][72][72][72][80][72][13]
Protein to parse:	[80][80][72][72][72][72][80][72][72][72][13]
Protein to parse:	[72][72][72][80][72][72][72][80][72][80][13]
Protein to parse:	[72][72][72][72][72][80][72][80][72][80][13]
Protein to parse:	[72][80][72][72][72][72][72][72][80][80][13]
Protein to parse:	[72][72][80][72][72][72][80][72][72][80][13]
Protein to parse:	[72][72][72][80][72][72][72][72][80][80][13]
Protein to parse:	[72][80][72][80][72][72][72][72][72][80][13]
Protein to parse:	[80][80][72][72][72][80][72][72][72][72][13]
Protein to parse:	[72][80][72][72][80][80][72][72][72][72][13]
Protein to parse:	[72][72][72][80][80][72][72][80][72][72][13]
Protein to parse:	[72][80][72][72][72][80][72][72][80][72][13]
Protein to parse:	[80][72][80][72][80][72][72][72][72][72][13]
Protein to parse:	[72][72][72][80][80][72][72][72][80][72][13]
Protein to parse:	[72][72][80][72][72][80][72][72][80][72][13]
Protein to parse:	[72][72][72][72][72][80][80][72][80][72][13]
Protein to parse:	[72][72][72][72][72][80][72][80][80][72][13]
Protein to parse:	[72][72][72][80][72][80][80][72][72][72][13]
Protein to parse:	[72][80][72][72][80][80][72][72][72][72][13]
Protein to parse:	[72][72][72][80][80][72][72][80][72][72][13]
Protein to parse:	[72][80][72][72][72][80][72][72][80][72][13]
Protein to parse:	[80][72][80][72][80][72][72][72][72][72][13]
Protein to parse:	[72][80][72][80][72][72][72][72][80][72][13]
Protein to parse:	[80][72][72][80][72][72][72][72][72][80][13]
Protein to parse:	[72][72][72][80][80][72][72][72][80][72][13]
Protein to parse:	[72][72][80][72][72][80][72][72][80][72][13]
Protein to parse:	[72][72][72][72][72][80][80][72][80][72][13]
Protein to parse:	[72][72][72][72][72][80][72][80][80][72][13]
Protein to parse:	[72][72][72][80][72][80][80][72][72][72][13]
Protein to parse:	[72][80][72][80][72][72][72][72][80][72][13]
Protein to parse:	[80][72][72][80][72][72][72][72][72][80][13]
Protein to parse:	[72][72][72][80][80][72][72][72][80][72][13]
Protein to parse:	[72][72][80][72][72][80][72][72][80][72][13]
Protein to parse:	[72][72][72][72][72][80][80][72][80][72][13]
Protein to parse:	[72][72][72][72][72][80][72][80][80][72][13]
Protein to parse:	[72][72][72][80][72][80][80][72][72][72][13]
[ 12 ] Protein:
	10
	H7
	12
	HPHHPPHHHH
[ 7 ] Protein:
	10
	H7
	6
	HHHHHPHPHP
[ 14 ] Protein:
	10
	H7
	14
	HPHHHPHHPH
[ 17 ] Protein:
	10
	H7
	16
	HPHPHHHHPH
[ 11 ] Protein:
	10
	H7
	10
	HPHPHHHHHP
Protein to parse:	[72][80][72][72][72][72][80][72][72][80][13]
Protein to parse:	[72][80][72][72][72][80][72][80][72][72][13]
Protein to parse:	[72][72][72][80][72][80][72][72][80][72][13]
Protein to parse:	[72][80][72][72][80][72][72][72][80][72][13]
Protein to parse:	[80][80][72][72][72][72][80][72][72][72][13]
Protein to parse:	[72][72][72][80][72][72][72][80][72][80][13]
Protein to parse:	[72][72][72][72][72][80][72][80][72][80][13]
Protein to parse:	[72][80][72][72][72][72][72][72][80][80][13]
Protein to parse:	[72][72][80][72][72][72][80][72][72][80][13]
Protein to parse:	[72][72][72][80][72][72][72][72][80][80][13]
Protein to parse:	[72][80][72][80][72][72][72][72][72][80][13]
Protein to parse:	[80][80][72][72][72][80][72][72][72][72][13]
Protein to parse:	[72][80][72][72][80][80][72][72][72][72][13]
Protein to parse:	[72][72][72][80][80][72][72][80][72][72][13]
Protein to parse:	[72][80][72][72][72][80][72][72][80][72][13]
Protein to parse:	[80][72][80][72][80][72][72][72][72][72][13]
Protein to parse:	[72][80][72][80][72][72][72][72][80][72][13]
Protein to parse:	[80][72][72][80][72][72][72][72][72][80][13]
Protein to parse:	[72][72][72][80][80][72][72][72][80][72][13]
Protein to parse:	[72][72][80][72][72][80][72][72][80][72][13]
Protein to parse:	[72][72][72][72][72][80][80][72][80][72][13]
Protein to parse:	[72][72][72][72][72][80][72][80][80][72][13]
Protein to parse:	[72][72][72][80][72][80][80][72][72][72][13]
Protein to parse:	[72][80][72][72][72][72][80][72][72][80][13]
Protein to parse:	[72][80][72][72][72][80][72][80][72][72][13]
Protein to parse:	[72][72][72][80][72][80][72][72][80][72][13]
Protein to parse:	[72][80][72][72][80][72][72][72][80][72][13]
Protein to parse:	[80][80][72][72][72][72][80][72][72][72][13]
Protein to parse:	[72][72][72][80][72][72][72][80][72][80][13]
Protein to parse:	[72][72][72][72][72][80][72][80][72][80][13]
Protein to parse:	[72][80][72][72][72][72][72][72][80][80][13]
Protein to parse:	[72][72][80][72][72][72][80][72][72][80][13]
Protein to parse:	[72][72][72][80][72][72][72][72][80][80][13]
Protein to parse:	[72][80][72][80][72][72][72][72][72][80][13]
Protein to parse:	[80][80][72][72][72][80][72][72][72][72][13]
Protein to parse:	[72][80][72][72][80][80][72][72][72][72][13]
Protein to parse:	[72][72][72][80][80][72][72][80][72][72][13]
Protein to parse:	[72][80][72][72][72][80][72][72][80][72][13]
Protein to parse:	[80][72][80][72][80][72][72][72][72][72][13]
Protein to parse:	[72][80][72][80][72][72][72][72][80][72][13]
Protein to parse:	[80][72][72][80][72][72][72][72][72][80][13]
Protein to parse:	[72][72][72][80][80][72][72][72][80][72][13]
Protein to parse:	[72][72][80][72][72][80][72][72][80][72][13]
Protein to parse:	[72][72][72][72][72][80][80][72][80][72][13]
Protein to parse:	[72][72][72][72][72][80][72][80][80][72][13]
Protein to parse:	[72][72][72][80][72][80][80][72][72][72][13]
[ 5 ] Protein:
	10
	H7
	4
	PPHHHHPHHH
Protein to parse:	[72][80][72][72][72][72][80][72][72][80][13]
Protein to parse:	[72][80][72][72][72][80][72][80][72][72][13]
Protein to parse:	[72][72][72][80][72][80][72][72][80][72][13]
Protein to parse:	[72][80][72][72][80][72][72][72][80][72][13]
Protein to parse:	[80][80][72][72][72][72][80][72][72][72][13]
Protein to parse:	[72][72][72][80][72][72][72][80][72][80][13]
Protein to parse:	[72][72][72][72][72][80][72][80][72][80][13]
Protein to parse:	[72][80][72][72][72][72][72][72][80][80][13]
Protein to parse:	[72][72][80][72][72][72][80][72][72][80][13]
Protein to parse:	[72][72][72][80][72][72][72][72][80][80][13]
Protein to parse:	[72][80][72][72][72][72][80][72][72][80][13]
Protein to parse:	[72][80][72][72][72][80][72][80][72][72][13]
Protein to parse:	[72][72][72][80][72][80][72][72][80][72][13]
Protein to parse:	[72][80][72][72][80][72][72][72][80][72][13]
Protein to parse:	[80][80][72][72][72][72][80][72][72][72][13]
Protein to parse:	[72][72][72][80][72][72][72][80][72][80][13]
Protein to parse:	[72][72][72][72][72][80][72][80][72][80][13]
Protein to parse:	[72][72][80][72][72][72][80][72][72][80][13]
Protein to parse:	[72][72][72][80][72][72][72][72][80][80][13]
Protein to parse:	[72][80][72][80][72][72][72][72][72][80][13]
Protein to parse:	[72][80][72][80][72][72][72][72][72][80][13]
Protein to parse:	[80][80][72][72][72][80][72][72][72][72][13]
Protein to parse:	[72][80][72][72][80][80][72][72][72][72][13]
Protein to parse:	[72][72][72][80][80][72][72][80][72][72][13]
Protein to parse:	[72][80][72][72][72][80][72][72][80][72][13]
Protein to parse:	[80][72][80][72][80][72][72][72][72][72][13]
Protein to parse:	[72][80][72][80][72][72][72][72][80][72][13]
Protein to parse:	[80][72][72][80][72][72][72][72][72][80][13]
Protein to parse:	[72][72][72][80][80][72][72][72][80][72][13]
Protein to parse:	[72][72][80][72][72][80][72][72][80][72][13]
Protein to parse:	[72][72][72][72][72][80][80][72][80][72][13]
Protein to parse:	[80][80][72][72][72][80][72][72][72][72][13]
Protein to parse:	[72][80][72][72][80][80][72][72][72][72][13]
Protein to parse:	[72][72][72][80][80][72][72][80][72][72][13]
Protein to parse:	[72][80][72][72][72][80][72][72][80][72][13]
Protein to parse:	[80][72][80][72][80][72][72][72][72][72][13]
Protein to parse:	[72][80][72][80][72][72][72][72][80][72][13]
Protein to parse:	[80][72][72][80][72][72][72][72][72][80][13]
Protein to parse:	[72][72][72][80][80][72][72][72][80][72][13]
Protein to parse:	[72][72][72][72][72][80][80][72][80][72][13]
Protein to parse:	[72][72][72][72][72][80][72][80][80][72][13]
Protein to parse:	[72][72][72][80][72][80][80][72][72][72][13]
Protein to parse:	[72][72][72][72][72][80][72][80][80][72][13]
Protein to parse:	[72][72][72][80][72][80][80][72][72][72][13]
Protein to parse:	[72][80][72][72][72][72][80][72][72][80][13]
Protein to parse:	[72][80][72][72][72][80][72][80][72][72][13]
Protein to parse:	[72][72][72][80][72][80][72][72][80][72][13]
Protein to parse:	[72][80][72][72][80][72][72][72][80][72][13]
Protein to parse:	[80][80][72][72][72][72][80][72][72][72][13]
Protein to parse:	[72][72][72][80][72][72][72][80][72][80][13]
Protein to parse:	[72][72][72][72][72][80][72][80][72][80][13]
Protein to parse:	[72][80][72][72][72][72][72][72][80][80][13]
Protein to parse:	[72][80][72][72][72][72][80][72][72][80][13]
Protein to parse:	[72][80][72][72][72][80][72][80][72][72][13]
Protein to parse:	[72][72][72][80][72][80][72][72][80][72][13]
Protein to parse:	[72][80][72][72][80][72][72][72][80][72][13]
Protein to parse:	[80][80][72][72][72][72][80][72][72][72][13]
Protein to parse:	[72][72][72][80][72][72][72][80][72][80][13]
Protein to parse:	[72][72][72][72][72][80][72][80][72][80][13]
Protein to parse:	[72][80][72][72][72][72][72][72][80][80][13]
Protein to parse:	[72][72][80][72][72][72][80][72][72][80][13]
Protein to parse:	[72][72][72][80][72][72][72][72][80][80][13]
Protein to parse:	[72][80][72][80][72][72][72][72][72][80][13]
Protein to parse:	[80][80][72][72][72][80][72][72][72][72][13]
Protein to parse:	[72][80][72][72][80][80][72][72][72][72][13]
Protein to parse:	[72][72][72][80][80][72][72][80][72][72][13]
Protein to parse:	[72][72][80][72][72][72][80][72][72][80][13]
Protein to parse:	[72][72][72][80][72][72][72][72][80][80][13]
Protein to parse:	[72][80][72][80][72][72][72][72][72][80][13]
Protein to parse:	[80][80][72][72][72][80][72][72][72][72][13]
Protein to parse:	[72][80][72][72][80][80][72][72][72][72][13]
Protein to parse:	[72][72][72][80][80][72][72][80][72][72][13]
Protein to parse:	[72][80][72][72][72][80][72][72][80][72][13]
Protein to parse:	[80][72][80][72][80][72][72][72][72][72][13]
Protein to parse:	[72][80][72][80][72][72][72][72][80][72][13]
Protein to parse:	[72][80][72][72][72][80][72][72][80][72][13]
Protein to parse:	[72][80][72][80][72][72][72][72][80][72][13]
Protein to parse:	[80][72][72][80][72][72][72][72][72][80][13]
Protein to parse:	[72][72][72][80][80][72][72][72][80][72][13]
Protein to parse:	[72][72][72][72][72][80][80][72][80][72][13]
Protein to parse:	[72][72][72][72][72][80][72][80][80][72][13]
Protein to parse:	[72][72][72][80][72][80][80][72][72][72][13]
Protein to parse:	[80][72][72][80][72][72][72][72][72][80][13]
Protein to parse:	[72][72][72][80][80][72][72][72][80][72][13]
Protein to parse:	[72][72][72][72][72][80][80][72][80][72][13]
Protein to parse:	[72][72][72][72][72][80][72][80][80][72][13]
Protein to parse:	[72][72][72][80][72][80][80][72][72][72][13]
[ 15 ] Protein:
	10
	H7
	14
	HPHHHPHHPH
Protein to parse:	[72][80][72][72][72][72][80][72][72][80][13]
Protein to parse:	[72][80][72][72][72][80][72][80][72][72][13]
Protein to parse:	[72][72][72][80][72][80][72][72][80][72][13]
Protein to parse:	[72][80][72][72][80][72][72][72][80][72][13]
Protein to parse:	[80][80][72][72][72][72][80][72][72][72][13]
Protein to parse:	[72][72][72][80][72][72][72][80][72][80][13]
Protein to parse:	[72][72][72][72][72][80][72][80][72][80][13]
Protein to parse:	[72][72][80][72][72][72][80][72][72][80][13]
Protein to parse:	[72][72][72][80][72][72][72][72][80][80][13]
Protein to parse:	[72][80][72][80][72][72][72][72][72][80][13]
Protein to parse:	[80][80][72][72][72][80][72][72][72][72][13]
Protein to parse:	[72][72][72][80][80][72][72][80][72][72][13]
Protein to parse:	[72][80][72][72][72][80][72][72][80][72][13]
Protein to parse:	[72][80][72][80][72][72][72][72][80][72][13]
Protein to parse:	[80][72][72][80][72][72][72][72][72][80][13]
Protein to parse:	[72][72][72][80][80][72][72][72][80][72][13]
Protein to parse:	[72][72][72][72][72][80][80][72][80][72][13]
Protein to parse:	[72][72][72][72][72][80][72][80][80][72][13]
Protein to parse:	[72][72][72][80][72][80][80][72][72][72][13]
Protein to parse:	[72][80][72][72][72][72][80][72][72][80][13]
Protein to parse:	[72][80][72][72][72][80][72][80][72][72][13]
Protein to parse:	[72][72][72][80][72][80][72][72][80][72][13]
Protein to parse:	[72][80][72][72][80][72][72][72][80][72][13]
Protein to parse:	[80][80][72][72][72][72][80][72][72][72][13]
Protein to parse:	[72][72][72][80][72][72][72][80][72][80][13]
Protein to parse:	[72][72][72][72][72][80][72][80][72][80][13]
Protein to parse:	[72][72][80][72][72][72][80][72][72][80][13]
Protein to parse:	[72][72][72][80][72][72][72][72][80][80][13]
Protein to parse:	[72][80][72][80][72][72][72][72][72][80][13]
Protein to parse:	[80][80][72][72][72][80][72][72][72][72][13]
Protein to parse:	[72][72][72][80][80][72][72][80][72][72][13]
Protein to parse:	[72][80][72][80][72][72][72][72][80][72][13]
Protein to parse:	[80][72][72][80][72][72][72][72][72][80][13]
Protein to parse:	[72][72][72][80][80][72][72][72][80][72][13]
Protein to parse:	[72][72][72][72][72][80][80][72][80][72][13]
Protein to parse:	[72][72][72][72][72][80][72][80][80][72][13]
Protein to parse:	[72][72][72][80][72][80][80][72][72][72][13]
[ 22 ] Protein:
	10
	H7
	21
	HHHHHPHPPH
[ 19 ] Protein:
	10
	H7
	20
	HHHHHPPHPH
[ 9 ] Protein:
	10
	H7
	8
	HHPHHHPHHP
[ 18 ] Protein:
	10
	H7
	18
	HHHPPHHHPH
[ 10 ] Protein:
	10
	H7
	10
	HPHPHHHHHP
Finished  in 0.021478
