Job: hratio_l30
~ Running on Snellius..
Setting WDIR=/home/ovaneck2/ComplexityContesters/paper_PF_hardness
Going to run /home/ovaneck2/ComplexityContesters/paper_PF_hardness/code/experiments/dfs_bnb_mpi
FIN_RES_PATH: /home/ovaneck2/ComplexityContesters/paper_PF_hardness/jobs/hratio_l30_results
DATASET_PATH: /home/ovaneck2/ComplexityContesters/paper_PF_hardness/data/vanEck_hratio/30
Processing H0..
Debug Info:
	Results path:         "/home/ovaneck2/ComplexityContesters/paper_PF_hardness/jobs/hratio_l30_results"
	Dataset to use:       /home/ovaneck2/ComplexityContesters/paper_PF_hardness/data/vanEck_hratio/30
	Dataset extra:        H0
	Dimension of fold:    2
	Lengths to fold:      30 

Finished 30_H0 in 0.029265
Processing H1..
Debug Info:
	Results path:         "/home/ovaneck2/ComplexityContesters/paper_PF_hardness/jobs/hratio_l30_results"
	Dataset to use:       /home/ovaneck2/ComplexityContesters/paper_PF_hardness/data/vanEck_hratio/30
	Dataset extra:        H1
	Dimension of fold:    2
	Lengths to fold:      30 

Finished 30_H1 in 0.007812
Processing H10..
Debug Info:
	Results path:         "/home/ovaneck2/ComplexityContesters/paper_PF_hardness/jobs/hratio_l30_results"
	Dataset to use:       /home/ovaneck2/ComplexityContesters/paper_PF_hardness/data/vanEck_hratio/30
	Dataset extra:        H10
	Dimension of fold:    2
	Lengths to fold:      30 

Finished 30_H10 in 321564
Processing H11..
Debug Info:
	Results path:         "/home/ovaneck2/ComplexityContesters/paper_PF_hardness/jobs/hratio_l30_results"
	Dataset to use:       /home/ovaneck2/ComplexityContesters/paper_PF_hardness/data/vanEck_hratio/30
	Dataset extra:        H11
	Dimension of fold:    2
	Lengths to fold:      30 

Processing H12..
Debug Info:
	Results path:         "/home/ovaneck2/ComplexityContesters/paper_PF_hardness/jobs/hratio_l30_results"
	Dataset to use:       /home/ovaneck2/ComplexityContesters/paper_PF_hardness/data/vanEck_hratio/30
	Dataset extra:        H12
	Dimension of fold:    2
	Lengths to fold:      30 


JOB STATISTICS
==============
Job ID: 13968113
Cluster: snellius
User/Group: ovaneck2/ovaneck2
State: TIMEOUT (exit code 0)
Nodes: 1
Cores per node: 128
CPU Utilized: 00:00:07
CPU Efficiency: 0.00% of 640-00:06:24 core-walltime
Job Wall-clock time: 5-00:00:03
Memory Utilized: 5.23 GB
Memory Efficiency: 2.34% of 224.00 GB (224.00 GB/node)
The task which had the largest memory consumption differs by 186.86% from the average task max memory consumption
