Job folder (/var/ear/1893863000) doesn't exist (No such file or directory), creating it...
Job folder (/var/ear/1893863000) doesn't exist (No such file or directory), creating it...
[EARL][tcn300][468725] --- EARL INIT [PID: 468725] [MASTER: 1] ---
tcn300:some EARD is not running (connected nodes 0 expected 1)

[34m[tcn300][0][INFO] [0mK-medoids & roofline strategies not available. Loading default model for the classification
--- EARL loaded APIs ---
MGT_CPUFREQ: DUMMY
MGT_IMCFREQ: DUMMY
MGT_PRIO   : DUMMY
MET_CPUFREQ: DUMMY
MET_IMCFREQ: DUMMY
MET_ENERGY : CPUMODEL
MET_TEMP:    AMD17
MET_BWIDTH : DUMMY
MET_FLOPS  : PERF
MET_CPI    : PERF
MGT_GPU    : DUMMY
MET_GPU    : DUMMY
L1D: loaded (event PERF_L1D_MISS_LD) 
L2 : loaded (event L2_MISS_FROM_DC) (also in LBW)
L2 : loaded (event L2_MISS_FROM_PF1) (also in LBW)
L2 : loaded (event L2_MISS_FROM_PF2) (also in LBW)

------------------------
Mapping frequencies from 13 processes to 128 CPUs...
[8/13]	I'm online..
[3/13]	I'm online..
[2/13]	I'm online..
[6/13]	I'm online..
Error in reports API load 
Error in reports API initialization 
[4/13]	I'm online..
---------------- EAR 5.2 MPI enabled ----------------
                   App/user id: 'random_solve_remaining_l10'/'ovaneck2'
    Node/job id/step_id/app_id: 'tcn300'/'18938630'/'0'/'468725'
     P_STATE/frequency (turbo): 0/2600000 (0)
    Tasks/nodes/ppn/node_ratio: 13/1/13/1.000
             Policy (learning): monitoring (0)
Policy threshold/Perf accuracy: 0.00/10000000.00
   DynAIS levels/window/AVX512: 10/200/2
                      VAR path: /var/ear
           EAR privileged user: 1
                       EARL on: 1 
                  Max CPU freq: 2600000
-------------------------------------------------------
EAR initialized successfully.
[7/13]	I'm online..
[11/13]	I'm online..
[10/13]	I'm online..
[13/13]	I'm online..
[1/13]	I'm online..
[12/13]	I'm online..
[5/13]	I'm online..
[9/13]	I'm online..
[12/13]	Finished my work in:	0.030857 us.
[6/13]	Finished my work in:	0.030823 us.
[10/13]	Finished my work in:	0.033299 us.
[11/13]	Finished my work in:	0.032112 us.
[13/13]	Finished my work in:	0.031720 us.
[5/13]	Finished my work in:	0.029711 us.
[2/13]	Finished my work in:	0.030030 us.
[4/13]	Finished my work in:	0.031542 us.
[9/13]	Finished my work in:	0.030392 us.
[1/13]	Finished my work in:	0.030657 us.
[3/13]	Finished my work in:	0.030879 us.
[8/13]	Finished my work in:	0.030860 us.
[7/13]	Finished my work in:	0.031076 us.
[34m[tcn300][0][INFO] [0mWarning: Estimated power 0.00 W (DC vs CPU+GPU 1.00)
[34m[tcn300][0][INFO] [0mScope APP master 1 elapsed 0.000000
------------------------------------------ Application Summary [tcn300] ------------------------------------------
--- App id: random_solve_remaining_l10 / user id: ovaneck2 / account: vusei12999 / job.step: 18938630.0.468725 ---


(Appl. sign.) Wall time: 0.046 s, CPU util.: 159 %, nominal freq.: 2.60 GHz, avg. freq: 0.00 GHz, avg imc freq: 0.00 GHz
              Avg. mpi_time/exec_time 0.0 %

              tasks: 13

              CPI/TPI: 0.620/2.912, GB/s: 0.506, GFLOPS: 0.000, IO: 3.364 (MB/s)
              DC/DRAM/PCK power: 0.000/0.000/0.000 (W) GFlops/Watts inf


------------------------------------------------------------------------------------------------------------------
[9/13]	Finalized MPI..
[7/13]	Finalized MPI..
[6/13]	Finalized MPI..
[8/13]	Finalized MPI..
[5/13]	Finalized MPI..
[10/13]	Finalized MPI..
[13/13]	Finalized MPI..
[12/13]	Finalized MPI..
[4/13]	Finalized MPI..
[1/13]	Finalized MPI..
[1/13]	Merging results..
[1/13]	Writing results to:	/home/ovaneck2/ComplexityContesters/paper_PF_hardness/jobs/random_solve_remaining_l10_results/dfs_bnb.csv
[3/13]	Finalized MPI..
[11/13]	Finalized MPI..
[2/13]	Finalized MPI..
