[EARL][tcn167][3926568] --- EARL INIT [PID: 3926568] [MASTER: 1] ---
[34m[tcn167][0][INFO] [0mK-medoids & roofline strategies not available. Loading default model for the classification
--- EARL loaded APIs ---
MGT_CPUFREQ: EARD
MGT_IMCFREQ: EARD
MGT_PRIO   : DUMMY
MET_CPUFREQ: EARD
MET_IMCFREQ: EARD
MET_ENERGY : EARD
MET_TEMP:    AMD17
MET_BWIDTH : EARD
MET_FLOPS  : PERF
MET_CPI    : PERF
MGT_GPU    : DUMMY
MET_GPU    : DUMMY
L1D: loaded (event PERF_L1D_MISS_LD) 
L2 : loaded (event L2_MISS_FROM_DC) (also in LBW)
L2 : loaded (event L2_MISS_FROM_PF1) (also in LBW)
L2 : loaded (event L2_MISS_FROM_PF2) (also in LBW)

------------------------
[28/128]	I'm online..
[57/128]	I'm online..
[58/128]	I'm online..
[30/128]	I'm online..
[61/128]	I'm online..
[88/128]	I'm online..
[47/128]	I'm online..
[62/128]	I'm online..
[32/128]	I'm online..
[31/128]	I'm online..
[94/128]	I'm online..
[96/128]	I'm online..
[51/128]	I'm online..
[60/128]	I'm online..
[120/128]	I'm online..
[7/128]	I'm online..
[122/128]	I'm online..
[24/128]	I'm online..
[2/128]	I'm online..
Mapping frequencies from 128 processes to 128 CPUs...
[124/128]	I'm online..
[45/128]	I'm online..
[8/128]	I'm online..
[119/128]	I'm online..
[114/128]	I'm online..
[38/128]	I'm online..
[29/128]	I'm online..
[19/128]	I'm online..
[66/128]	I'm online..
[93/128]	I'm online..
[37/128]	I'm online..
[73/128]	I'm online..
[3/128]	I'm online..
[70/128]	I'm online..
[18/128]	I'm online..
[123/128]	I'm online..
[35/128]	I'm online..
[72/128]	I'm online..
[14/128]	I'm online..
[39/128]	I'm online..
[59/128]	I'm online..
[91/128]	I'm online..
[97/128]	I'm online..
[33/128]	I'm online..
[10/128]	I'm online..
[16/128]	I'm online..
[128/128]	I'm online..
[36/128]	I'm online..
[85/128]	I'm online..
[118/128]	I'm online..
[74/128]	I'm online..
[78/128]	I'm online..
[12/128]	I'm online..
[6/128]	I'm online..
[22/128]	I'm online..
[127/128]	I'm online..
[77/128]	I'm online..
[84/128]	I'm online..
[125/128]	I'm online..
[126/128]	I'm online..
[4/128]	I'm online..
[49/128]	I'm online..
[11/128]	I'm online..
[82/128]	I'm online..
[56/128]	I'm online..
[99/128]	I'm online..
[111/128]	I'm online..
[41/128]	I'm online..
[109/128]	I'm online..
[34/128]	I'm online..
[75/128]	I'm online..
[87/128]	I'm online..
[63/128]	I'm online..
[68/128]	I'm online..
[103/128]	I'm online..
[79/128]	I'm online..
[117/128]	I'm online..
[110/128]	I'm online..
[112/128]	I'm online..
[9/128]	I'm online..
[65/128]	I'm online..
[54/128]	I'm online..
[64/128]	I'm online..
[17/128]	I'm online..
[113/128]	I'm online..
[104/128]	I'm online..
[44/128]	I'm online..
[53/128]	I'm online..
[69/128]	I'm online..
[106/128]	I'm online..
[43/128]	I'm online..
[5/128]	I'm online..
[101/128]	I'm online..
[83/128]	I'm online..
[76/128]	I'm online..
[27/128]	I'm online..
[105/128]	I'm online..
[55/128]	I'm online..
[121/128]	I'm online..
[80/128]	I'm online..
[95/128]	I'm online..
[81/128]	I'm online..
[89/128]	I'm online..
[108/128]	I'm online..
[100/128]	I'm online..
[48/128]	I'm online..
[92/128]	I'm online..
[42/128]	I'm online..
[98/128]	I'm online..
[21/128]	I'm online..
[86/128]	I'm online..
[15/128]	I'm online..
[116/128]	I'm online..
[23/128]	I'm online..
[46/128]	I'm online..
[67/128]	I'm online..
[26/128]	I'm online..
[50/128]	I'm online..
[13/128]	I'm online..
[115/128]	I'm online..
[52/128]	I'm online..
[40/128]	I'm online..
[71/128]	I'm online..
[107/128]	I'm online..
[102/128]	I'm online..
[20/128]	I'm online..
[90/128]	I'm online..
[25/128]	I'm online..
---------------- EAR 5.2 MPI enabled ----------------
                   App/user id: 'random_l30'/'ovaneck2'
    Node/job id/step_id/app_id: 'tcn167'/'17582788'/'0'/'3926568'
     P_STATE/frequency (turbo): 0/2600000 (0)
    Tasks/nodes/ppn/node_ratio: 128/1/128/1.000
             Policy (learning): monitoring (0)
Policy threshold/Perf accuracy: 0.00/10000000.00
   DynAIS levels/window/AVX512: 10/200/2
                      VAR path: /var/ear
           EAR privileged user: 0
                       EARL on: 1 
                  Max CPU freq: 2600000
-------------------------------------------------------
EAR initialized successfully.
[1/128]	I'm online..
EAR[3926568](random_l30) at 2.60/1.47 in tcn167 MR[0] elapsed 16 sec.: [32mLoop time: 1.007s DC Power: [35m444.8W[32m DRAM power: 0.00W PCK power: 385.90W
	avg. CPUFreq: 2.57GHz avg. IMCFreq: 1.47GHz Next Frequency 2.60
	CPI: 0.525 VPI: 0.00, Mem. bwidth: 0.15GB/s GFLOPS: 0.00 I/O: 8.15MB/s No MPI  
	TPI 0.03 Cache miss rates: L1 0.87GB/s L2 0.02GB/s L3 0.00GB/s
	Total MPI calls 0
	IO DATA: rchar 4551 wchar 6577 syscr 50 syscw 35 read_bytes 0 write_bytes 8192
	Aggregated application's node CPU util.: 11753
	CPU temperature (celsius): socket 0: 54 socket 1: 59[0m
EAR[3926568](random_l30) at 2.60/1.47 in tcn167 MR[0] elapsed 27 sec.: [32mLoop time: 1.121s DC Power: [35m448.3W[32m DRAM power: 0.00W PCK power: 385.83W
	avg. CPUFreq: 2.57GHz avg. IMCFreq: 1.47GHz
	CPI: 0.526 VPI: 0.00, Mem. bwidth: 0.14GB/s GFLOPS: 0.00 I/O: 0.01MB/s No MPI  
	TPI 0.03 Cache miss rates: L1 0.61GB/s L2 0.00GB/s L3 0.00GB/s
	Total MPI calls 0
	IO DATA: rchar 62627 wchar 9387 syscr 110 syscw 30 read_bytes 0 write_bytes 294912
	Aggregated application's node CPU util.: 12542
	CPU temperature (celsius): socket 0: 55 socket 1: 61[0m
EAR[3926568](random_l30) at 2.60/1.47 in tcn167 MR[0] elapsed 39 sec.: [32mLoop time: 1.107s DC Power: [35m457.6W[32m DRAM power: 0.00W PCK power: 386.59W
	avg. CPUFreq: 2.57GHz avg. IMCFreq: 1.47GHz
	CPI: 0.527 VPI: 0.00, Mem. bwidth: 0.11GB/s GFLOPS: 0.00 I/O: 0.01MB/s No MPI  
	TPI 0.02 Cache miss rates: L1 0.63GB/s L2 0.00GB/s L3 0.00GB/s
	Total MPI calls 0
	IO DATA: rchar 4608 wchar 8803 syscr 51 syscw 27 read_bytes 0 write_bytes 303104
	Aggregated application's node CPU util.: 12544
	CPU temperature (celsius): socket 0: 57 socket 1: 63[0m
EAR[3926568](random_l30) at 2.60/1.47 in tcn167 MR[0] elapsed 50 sec.: [32mLoop time: 1.115s DC Power: [35m409.2W[32m DRAM power: 0.00W PCK power: 386.60W
	avg. CPUFreq: 2.57GHz avg. IMCFreq: 1.47GHz
	CPI: 0.527 VPI: 0.00, Mem. bwidth: 0.14GB/s GFLOPS: 0.00 I/O: 0.01MB/s No MPI  
	TPI 0.03 Cache miss rates: L1 0.64GB/s L2 0.00GB/s L3 0.00GB/s
	Total MPI calls 0
	IO DATA: rchar 4608 wchar 8801 syscr 51 syscw 27 read_bytes 0 write_bytes 438272
	Aggregated application's node CPU util.: 12543
	CPU temperature (celsius): socket 0: 58 socket 1: 64[0m
EAR[3926568](random_l30) at 2.60/1.47 in tcn167 MR[0] elapsed 61 sec.: [32mLoop time: 1.108s DC Power: [35m416.8W[32m DRAM power: 0.00W PCK power: 386.89W
	avg. CPUFreq: 2.57GHz avg. IMCFreq: 1.47GHz
	CPI: 0.527 VPI: 0.00, Mem. bwidth: 0.12GB/s GFLOPS: 0.00 I/O: 0.01MB/s No MPI  
	TPI 0.02 Cache miss rates: L1 0.63GB/s L2 0.00GB/s L3 0.00GB/s
	Total MPI calls 0
	IO DATA: rchar 4609 wchar 8801 syscr 51 syscw 27 read_bytes 0 write_bytes 303104
	Aggregated application's node CPU util.: 12544
	CPU temperature (celsius): socket 0: 58 socket 1: 64[0m
EAR[3926568](random_l30) at 2.60/1.47 in tcn167 MR[0] elapsed 72 sec.: [32mLoop time: 1.108s DC Power: [35m463.8W[32m DRAM power: 0.00W PCK power: 387.19W
	avg. CPUFreq: 2.57GHz avg. IMCFreq: 1.47GHz
	CPI: 0.527 VPI: 0.00, Mem. bwidth: 0.13GB/s GFLOPS: 0.00 I/O: 0.01MB/s No MPI  
	TPI 0.03 Cache miss rates: L1 0.63GB/s L2 0.00GB/s L3 0.00GB/s
	Total MPI calls 0
	IO DATA: rchar 4609 wchar 8801 syscr 51 syscw 27 read_bytes 0 write_bytes 299008
	Aggregated application's node CPU util.: 12537
	CPU temperature (celsius): socket 0: 59 socket 1: 65[0m
EAR[3926568](random_l30) at 2.60/1.47 in tcn167 MR[0] elapsed 83 sec.: [32mLoop time: 1.107s DC Power: [35m465.0W[32m DRAM power: 0.00W PCK power: 387.37W
	avg. CPUFreq: 2.57GHz avg. IMCFreq: 1.47GHz
	CPI: 0.527 VPI: 0.00, Mem. bwidth: 0.14GB/s GFLOPS: 0.00 I/O: 0.01MB/s No MPI  
	TPI 0.03 Cache miss rates: L1 0.60GB/s L2 0.00GB/s L3 0.00GB/s
	Total MPI calls 0
	IO DATA: rchar 4609 wchar 8801 syscr 51 syscw 27 read_bytes 0 write_bytes 299008
	Aggregated application's node CPU util.: 12543
	CPU temperature (celsius): socket 0: 59 socket 1: 65[0m
EAR[3926568](random_l30) at 2.60/1.47 in tcn167 MR[0] elapsed 94 sec.: [32mLoop time: 1.108s DC Power: [35m464.2W[32m DRAM power: 0.00W PCK power: 387.21W
	avg. CPUFreq: 2.57GHz avg. IMCFreq: 1.47GHz
	CPI: 0.528 VPI: 0.00, Mem. bwidth: 0.12GB/s GFLOPS: 0.00 I/O: 0.01MB/s No MPI  
	TPI 0.02 Cache miss rates: L1 0.61GB/s L2 0.00GB/s L3 0.00GB/s
	Total MPI calls 0
	IO DATA: rchar 4609 wchar 8801 syscr 51 syscw 27 read_bytes 0 write_bytes 299008
	Aggregated application's node CPU util.: 12544
	CPU temperature (celsius): socket 0: 59 socket 1: 66[0m
EAR[3926568](random_l30) at 2.60/1.47 in tcn167 MR[0] elapsed 105 sec.: [32mLoop time: 1.108s DC Power: [35m465.2W[32m DRAM power: 0.00W PCK power: 387.41W
	avg. CPUFreq: 2.57GHz avg. IMCFreq: 1.47GHz
	CPI: 0.527 VPI: 0.00, Mem. bwidth: 0.12GB/s GFLOPS: 0.00 I/O: 0.01MB/s No MPI  
	TPI 0.02 Cache miss rates: L1 0.68GB/s L2 0.00GB/s L3 0.00GB/s
	Total MPI calls 0
	IO DATA: rchar 4609 wchar 8801 syscr 51 syscw 27 read_bytes 0 write_bytes 303104
	Aggregated application's node CPU util.: 12544
	CPU temperature (celsius): socket 0: 60 socket 1: 66[0m
EAR[3926568](random_l30) at 2.60/1.47 in tcn167 MR[0] elapsed 116 sec.: [32mLoop time: 1.108s DC Power: [35m465.1W[32m DRAM power: 0.00W PCK power: 387.45W
	avg. CPUFreq: 2.57GHz avg. IMCFreq: 1.47GHz
	CPI: 0.527 VPI: 0.00, Mem. bwidth: 0.17GB/s GFLOPS: 0.00 I/O: 0.01MB/s No MPI  
	TPI 0.04 Cache miss rates: L1 0.66GB/s L2 0.00GB/s L3 0.00GB/s
	Total MPI calls 0
	IO DATA: rchar 4609 wchar 8802 syscr 51 syscw 27 read_bytes 0 write_bytes 294912
	Aggregated application's node CPU util.: 12534
	CPU temperature (celsius): socket 0: 60 socket 1: 66[0m
EAR[3926568](random_l30) at 2.60/1.47 in tcn167 MR[0] elapsed 127 sec.: [32mLoop time: 1.108s DC Power: [35m464.8W[32m DRAM power: 0.00W PCK power: 387.31W
	avg. CPUFreq: 2.57GHz avg. IMCFreq: 1.47GHz
	CPI: 0.526 VPI: 0.00, Mem. bwidth: 0.11GB/s GFLOPS: 0.00 I/O: 0.01MB/s No MPI  
	TPI 0.02 Cache miss rates: L1 0.67GB/s L2 0.00GB/s L3 0.00GB/s
	Total MPI calls 0
	IO DATA: rchar 4610 wchar 8802 syscr 51 syscw 27 read_bytes 0 write_bytes 294912
	Aggregated application's node CPU util.: 12544
	CPU temperature (celsius): socket 0: 60 socket 1: 66[0m
EAR[3926568](random_l30) at 2.60/1.47 in tcn167 MR[0] elapsed 138 sec.: [32mLoop time: 1.108s DC Power: [35m464.8W[32m DRAM power: 0.00W PCK power: 387.54W
	avg. CPUFreq: 2.57GHz avg. IMCFreq: 1.47GHz
	CPI: 0.526 VPI: 0.00, Mem. bwidth: 0.13GB/s GFLOPS: 0.00 I/O: 0.01MB/s No MPI  
	TPI 0.03 Cache miss rates: L1 0.67GB/s L2 0.00GB/s L3 0.00GB/s
	Total MPI calls 0
	IO DATA: rchar 4610 wchar 8802 syscr 51 syscw 27 read_bytes 0 write_bytes 299008
	Aggregated application's node CPU util.: 12538
	CPU temperature (celsius): socket 0: 60 socket 1: 67[0m
EAR[3926568](random_l30) at 2.60/1.47 in tcn167 MR[0] elapsed 149 sec.: [32mLoop time: 1.108s DC Power: [35m418.7W[32m DRAM power: 0.00W PCK power: 387.59W
	avg. CPUFreq: 2.57GHz avg. IMCFreq: 1.47GHz
	CPI: 0.527 VPI: 0.00, Mem. bwidth: 0.13GB/s GFLOPS: 0.00 I/O: 0.01MB/s No MPI  
	TPI 0.03 Cache miss rates: L1 0.69GB/s L2 0.00GB/s L3 0.00GB/s
	Total MPI calls 0
	IO DATA: rchar 4610 wchar 8802 syscr 51 syscw 27 read_bytes 0 write_bytes 299008
	Aggregated application's node CPU util.: 12542
	CPU temperature (celsius): socket 0: 60 socket 1: 67[0m
EAR[3926568](random_l30) at 2.60/1.47 in tcn167 MR[0] elapsed 160 sec.: [32mLoop time: 1.107s DC Power: [35m466.0W[32m DRAM power: 0.00W PCK power: 387.90W
	avg. CPUFreq: 2.57GHz avg. IMCFreq: 1.47GHz
	CPI: 0.527 VPI: 0.00, Mem. bwidth: 0.11GB/s GFLOPS: 0.00 I/O: 0.01MB/s No MPI  
	TPI 0.02 Cache miss rates: L1 0.70GB/s L2 0.00GB/s L3 0.00GB/s
	Total MPI calls 0
	IO DATA: rchar 4610 wchar 8802 syscr 51 syscw 27 read_bytes 0 write_bytes 299008
	Aggregated application's node CPU util.: 12544
	CPU temperature (celsius): socket 0: 60 socket 1: 67[0m
EAR[3926568](random_l30) at 2.60/1.47 in tcn167 MR[0] elapsed 172 sec.: [32mLoop time: 1.108s DC Power: [35m419.0W[32m DRAM power: 0.00W PCK power: 387.85W
	avg. CPUFreq: 2.57GHz avg. IMCFreq: 1.47GHz
	CPI: 0.527 VPI: 0.00, Mem. bwidth: 0.19GB/s GFLOPS: 0.00 I/O: 0.01MB/s No MPI  
	TPI 0.04 Cache miss rates: L1 0.67GB/s L2 0.00GB/s L3 0.00GB/s
	Total MPI calls 0
	IO DATA: rchar 4610 wchar 8802 syscr 51 syscw 27 read_bytes 0 write_bytes 299008
	Aggregated application's node CPU util.: 12534
	CPU temperature (celsius): socket 0: 61 socket 1: 67[0m
EAR[3926568](random_l30) at 2.60/1.47 in tcn167 MR[0] elapsed 183 sec.: [32mLoop time: 1.109s DC Power: [35m464.8W[32m DRAM power: 0.00W PCK power: 388.20W
	avg. CPUFreq: 2.57GHz avg. IMCFreq: 1.47GHz
	CPI: 0.527 VPI: 0.00, Mem. bwidth: 0.39GB/s GFLOPS: 0.00 I/O: 0.01MB/s No MPI  
	TPI 0.08 Cache miss rates: L1 0.66GB/s L2 0.00GB/s L3 0.00GB/s
	Total MPI calls 0
	IO DATA: rchar 4610 wchar 8802 syscr 51 syscw 27 read_bytes 0 write_bytes 299008
	Aggregated application's node CPU util.: 12495
	CPU temperature (celsius): socket 0: 60 socket 1: 67[0m
EAR[3926568](random_l30) at 2.60/1.47 in tcn167 MR[0] elapsed 194 sec.: [32mLoop time: 1.107s DC Power: [35m466.0W[32m DRAM power: 0.00W PCK power: 388.01W
	avg. CPUFreq: 2.57GHz avg. IMCFreq: 1.47GHz
	CPI: 0.526 VPI: 0.00, Mem. bwidth: 0.27GB/s GFLOPS: 0.00 I/O: 0.01MB/s No MPI  
	TPI 0.06 Cache miss rates: L1 0.68GB/s L2 0.00GB/s L3 0.00GB/s
	Total MPI calls 0
	IO DATA: rchar 4610 wchar 8802 syscr 51 syscw 27 read_bytes 0 write_bytes 299008
	Aggregated application's node CPU util.: 12525
	CPU temperature (celsius): socket 0: 61 socket 1: 67[0m
EAR[3926568](random_l30) at 2.60/1.47 in tcn167 MR[0] elapsed 205 sec.: [32mLoop time: 1.107s DC Power: [35m466.0W[32m DRAM power: 0.00W PCK power: 388.55W
	avg. CPUFreq: 2.57GHz avg. IMCFreq: 1.47GHz
	CPI: 0.526 VPI: 0.00, Mem. bwidth: 0.25GB/s GFLOPS: 0.00 I/O: 0.01MB/s No MPI  
	TPI 0.05 Cache miss rates: L1 0.68GB/s L2 0.00GB/s L3 0.00GB/s
	Total MPI calls 0
	IO DATA: rchar 4610 wchar 8802 syscr 51 syscw 27 read_bytes 0 write_bytes 303104
	Aggregated application's node CPU util.: 12527
	CPU temperature (celsius): socket 0: 61 socket 1: 67[0m
EAR[3926568](random_l30) at 2.60/1.47 in tcn167 MR[0] elapsed 216 sec.: [32mLoop time: 1.109s DC Power: [35m465.9W[32m DRAM power: 0.00W PCK power: 388.11W
	avg. CPUFreq: 2.57GHz avg. IMCFreq: 1.47GHz
	CPI: 0.526 VPI: 0.00, Mem. bwidth: 0.39GB/s GFLOPS: 0.00 I/O: 0.01MB/s No MPI  
	TPI 0.08 Cache miss rates: L1 0.66GB/s L2 0.00GB/s L3 0.00GB/s
	Total MPI calls 0
	IO DATA: rchar 4610 wchar 8802 syscr 51 syscw 27 read_bytes 0 write_bytes 425984
	Aggregated application's node CPU util.: 12492
	CPU temperature (celsius): socket 0: 61 socket 1: 67[0m
EAR[3926568](random_l30) at 2.60/1.47 in tcn167 MR[0] elapsed 227 sec.: [32mLoop time: 1.108s DC Power: [35m419.7W[32m DRAM power: 0.00W PCK power: 388.46W
	avg. CPUFreq: 2.57GHz avg. IMCFreq: 1.47GHz
	CPI: 0.525 VPI: 0.00, Mem. bwidth: 0.12GB/s GFLOPS: 0.00 I/O: 0.01MB/s No MPI  
	TPI 0.02 Cache miss rates: L1 0.66GB/s L2 0.00GB/s L3 0.00GB/s
	Total MPI calls 0
	IO DATA: rchar 4610 wchar 8802 syscr 51 syscw 27 read_bytes 0 write_bytes 303104
	Aggregated application's node CPU util.: 12544
	CPU temperature (celsius): socket 0: 61 socket 1: 67[0m
EAR[3926568](random_l30) at 2.60/1.47 in tcn167 MR[0] elapsed 238 sec.: [32mLoop time: 1.108s DC Power: [35m466.5W[32m DRAM power: 0.00W PCK power: 388.44W
	avg. CPUFreq: 2.57GHz avg. IMCFreq: 1.47GHz
	CPI: 0.525 VPI: 0.00, Mem. bwidth: 0.14GB/s GFLOPS: 0.00 I/O: 0.01MB/s No MPI  
	TPI 0.03 Cache miss rates: L1 0.67GB/s L2 0.00GB/s L3 0.00GB/s
	Total MPI calls 0
	IO DATA: rchar 4610 wchar 8802 syscr 51 syscw 27 read_bytes 0 write_bytes 303104
	Aggregated application's node CPU util.: 12542
	CPU temperature (celsius): socket 0: 61 socket 1: 67[0m
EAR[3926568](random_l30) at 2.60/1.47 in tcn167 MR[0] elapsed 249 sec.: [32mLoop time: 1.108s DC Power: [35m466.6W[32m DRAM power: 0.00W PCK power: 388.29W
	avg. CPUFreq: 2.57GHz avg. IMCFreq: 1.47GHz
	CPI: 0.525 VPI: 0.00, Mem. bwidth: 0.10GB/s GFLOPS: 0.00 I/O: 0.01MB/s No MPI  
	TPI 0.02 Cache miss rates: L1 0.71GB/s L2 0.00GB/s L3 0.00GB/s
	Total MPI calls 0
	IO DATA: rchar 4610 wchar 8802 syscr 51 syscw 27 read_bytes 0 write_bytes 303104
	Aggregated application's node CPU util.: 12544
	CPU temperature (celsius): socket 0: 61 socket 1: 68[0m
EAR[3926568](random_l30) at 2.60/1.47 in tcn167 MR[0] elapsed 260 sec.: [32mLoop time: 1.107s DC Power: [35m466.7W[32m DRAM power: 0.00W PCK power: 388.41W
	avg. CPUFreq: 2.57GHz avg. IMCFreq: 1.47GHz
	CPI: 0.526 VPI: 0.00, Mem. bwidth: 0.16GB/s GFLOPS: 0.00 I/O: 0.01MB/s No MPI  
	TPI 0.03 Cache miss rates: L1 0.74GB/s L2 0.00GB/s L3 0.00GB/s
	Total MPI calls 0
	IO DATA: rchar 4610 wchar 8802 syscr 51 syscw 27 read_bytes 0 write_bytes 303104
	Aggregated application's node CPU util.: 12536
	CPU temperature (celsius): socket 0: 61 socket 1: 68[0m
EAR[3926568](random_l30) at 2.60/1.47 in tcn167 MR[0] elapsed 271 sec.: [32mLoop time: 1.108s DC Power: [35m466.9W[32m DRAM power: 0.00W PCK power: 388.30W
	avg. CPUFreq: 2.57GHz avg. IMCFreq: 1.47GHz
	CPI: 0.526 VPI: 0.00, Mem. bwidth: 0.12GB/s GFLOPS: 0.00 I/O: 0.01MB/s No MPI  
	TPI 0.03 Cache miss rates: L1 0.68GB/s L2 0.00GB/s L3 0.00GB/s
	Total MPI calls 0
	IO DATA: rchar 4610 wchar 8802 syscr 51 syscw 27 read_bytes 0 write_bytes 294912
	Aggregated application's node CPU util.: 12543
	CPU temperature (celsius): socket 0: 61 socket 1: 68[0m
EAR[3926568](random_l30) at 2.60/1.47 in tcn167 MR[0] elapsed 282 sec.: [32mLoop time: 1.110s DC Power: [35m465.6W[32m DRAM power: 0.00W PCK power: 388.44W
	avg. CPUFreq: 2.57GHz avg. IMCFreq: 1.47GHz
	CPI: 0.526 VPI: 0.00, Mem. bwidth: 0.10GB/s GFLOPS: 0.00 I/O: 0.01MB/s No MPI  
	TPI 0.02 Cache miss rates: L1 0.69GB/s L2 0.00GB/s L3 0.00GB/s
	Total MPI calls 0
	IO DATA: rchar 4610 wchar 8802 syscr 51 syscw 27 read_bytes 0 write_bytes 294912
	Aggregated application's node CPU util.: 12544
	CPU temperature (celsius): socket 0: 61 socket 1: 68[0m
EAR[3926568](random_l30) at 2.60/1.47 in tcn167 MR[0] elapsed 293 sec.: [32mLoop time: 1.107s DC Power: [35m420.2W[32m DRAM power: 0.00W PCK power: 388.53W
	avg. CPUFreq: 2.57GHz avg. IMCFreq: 1.47GHz
	CPI: 0.526 VPI: 0.00, Mem. bwidth: 0.13GB/s GFLOPS: 0.00 I/O: 0.01MB/s No MPI  
	TPI 0.03 Cache miss rates: L1 0.68GB/s L2 0.00GB/s L3 0.00GB/s
	Total MPI calls 0
	IO DATA: rchar 4610 wchar 8802 syscr 51 syscw 27 read_bytes 0 write_bytes 299008
	Aggregated application's node CPU util.: 12542
	CPU temperature (celsius): socket 0: 61 socket 1: 68[0m
EAR[3926568](random_l30) at 2.60/1.47 in tcn167 MR[0] elapsed 305 sec.: [32mLoop time: 1.108s DC Power: [35m466.7W[32m DRAM power: 0.00W PCK power: 388.35W
	avg. CPUFreq: 2.57GHz avg. IMCFreq: 1.47GHz
	CPI: 0.526 VPI: 0.00, Mem. bwidth: 0.12GB/s GFLOPS: 0.00 I/O: 0.01MB/s No MPI  
	TPI 0.02 Cache miss rates: L1 0.69GB/s L2 0.00GB/s L3 0.00GB/s
	Total MPI calls 0
	IO DATA: rchar 4610 wchar 8802 syscr 51 syscw 27 read_bytes 0 write_bytes 434176
	Aggregated application's node CPU util.: 12543
	CPU temperature (celsius): socket 0: 61 socket 1: 68[0m
EAR[3926568](random_l30) at 2.60/1.47 in tcn167 MR[0] elapsed 316 sec.: [32mLoop time: 1.110s DC Power: [35m466.1W[32m DRAM power: 0.00W PCK power: 388.57W
	avg. CPUFreq: 2.57GHz avg. IMCFreq: 1.47GHz
	CPI: 0.526 VPI: 0.00, Mem. bwidth: 0.12GB/s GFLOPS: 0.00 I/O: 0.01MB/s No MPI  
	TPI 0.03 Cache miss rates: L1 0.68GB/s L2 0.00GB/s L3 0.00GB/s
	Total MPI calls 0
	IO DATA: rchar 4610 wchar 8802 syscr 51 syscw 27 read_bytes 0 write_bytes 307200
	Aggregated application's node CPU util.: 12538
	CPU temperature (celsius): socket 0: 61 socket 1: 68[0m
EAR[3926568](random_l30) at 2.60/1.47 in tcn167 MR[0] elapsed 327 sec.: [32mLoop time: 1.110s DC Power: [35m465.8W[32m DRAM power: 0.00W PCK power: 388.31W
	avg. CPUFreq: 2.58GHz avg. IMCFreq: 1.47GHz
	CPI: 0.525 VPI: 0.00, Mem. bwidth: 0.14GB/s GFLOPS: 0.00 I/O: 0.01MB/s No MPI  
	TPI 0.03 Cache miss rates: L1 0.69GB/s L2 0.00GB/s L3 0.00GB/s
	Total MPI calls 0
	IO DATA: rchar 4610 wchar 8802 syscr 51 syscw 27 read_bytes 0 write_bytes 299008
	Aggregated application's node CPU util.: 12543
	CPU temperature (celsius): socket 0: 61 socket 1: 68[0m
EAR[3926568](random_l30) at 2.60/1.47 in tcn167 MR[0] elapsed 338 sec.: [32mLoop time: 1.108s DC Power: [35m420.3W[32m DRAM power: 0.00W PCK power: 388.31W
	avg. CPUFreq: 2.57GHz avg. IMCFreq: 1.47GHz
	CPI: 0.525 VPI: 0.00, Mem. bwidth: 0.11GB/s GFLOPS: 0.00 I/O: 0.01MB/s No MPI  
	TPI 0.02 Cache miss rates: L1 0.67GB/s L2 0.00GB/s L3 0.00GB/s
	Total MPI calls 0
	IO DATA: rchar 4610 wchar 8802 syscr 51 syscw 27 read_bytes 0 write_bytes 303104
	Aggregated application's node CPU util.: 12544
	CPU temperature (celsius): socket 0: 61 socket 1: 68[0m
EAR[3926568](random_l30) at 2.60/1.47 in tcn167 MR[0] elapsed 349 sec.: [32mLoop time: 1.110s DC Power: [35m419.8W[32m DRAM power: 0.00W PCK power: 388.53W
	avg. CPUFreq: 2.57GHz avg. IMCFreq: 1.47GHz
	CPI: 0.525 VPI: 0.00, Mem. bwidth: 0.14GB/s GFLOPS: 0.00 I/O: 0.01MB/s No MPI  
	TPI 0.03 Cache miss rates: L1 0.67GB/s L2 0.00GB/s L3 0.00GB/s
	Total MPI calls 0
	IO DATA: rchar 4610 wchar 8802 syscr 51 syscw 27 read_bytes 0 write_bytes 303104
	Aggregated application's node CPU util.: 12541
	CPU temperature (celsius): socket 0: 61 socket 1: 68[0m
EAR[3926568](random_l30) at 2.60/1.47 in tcn167 MR[0] elapsed 360 sec.: [32mLoop time: 1.108s DC Power: [35m467.0W[32m DRAM power: 0.00W PCK power: 388.68W
	avg. CPUFreq: 2.57GHz avg. IMCFreq: 1.47GHz
	CPI: 0.525 VPI: 0.00, Mem. bwidth: 0.17GB/s GFLOPS: 0.00 I/O: 0.01MB/s No MPI  
	TPI 0.04 Cache miss rates: L1 0.67GB/s L2 0.00GB/s L3 0.00GB/s
	Total MPI calls 0
	IO DATA: rchar 4610 wchar 8802 syscr 51 syscw 27 read_bytes 0 write_bytes 303104
	Aggregated application's node CPU util.: 12537
	CPU temperature (celsius): socket 0: 61 socket 1: 68[0m
EAR[3926568](random_l30) at 2.60/1.47 in tcn167 MR[0] elapsed 371 sec.: [32mLoop time: 1.108s DC Power: [35m466.5W[32m DRAM power: 0.00W PCK power: 388.50W
	avg. CPUFreq: 2.57GHz avg. IMCFreq: 1.47GHz
	CPI: 0.525 VPI: 0.00, Mem. bwidth: 0.12GB/s GFLOPS: 0.00 I/O: 0.01MB/s No MPI  
	TPI 0.03 Cache miss rates: L1 0.67GB/s L2 0.00GB/s L3 0.00GB/s
	Total MPI calls 0
	IO DATA: rchar 4610 wchar 8802 syscr 51 syscw 27 read_bytes 0 write_bytes 303104
	Aggregated application's node CPU util.: 12539
	CPU temperature (celsius): socket 0: 61 socket 1: 68[0m
EAR[3926568](random_l30) at 2.60/1.47 in tcn167 MR[0] elapsed 382 sec.: [32mLoop time: 1.108s DC Power: [35m420.1W[32m DRAM power: 0.00W PCK power: 388.69W
	avg. CPUFreq: 2.57GHz avg. IMCFreq: 1.47GHz
	CPI: 0.525 VPI: 0.00, Mem. bwidth: 0.14GB/s GFLOPS: 0.00 I/O: 0.01MB/s No MPI  
	TPI 0.03 Cache miss rates: L1 0.67GB/s L2 0.00GB/s L3 0.00GB/s
	Total MPI calls 0
	IO DATA: rchar 4610 wchar 8802 syscr 51 syscw 27 read_bytes 0 write_bytes 303104
	Aggregated application's node CPU util.: 12542
	CPU temperature (celsius): socket 0: 61 socket 1: 68[0m
EAR[3926568](random_l30) at 2.60/1.47 in tcn167 MR[0] elapsed 393 sec.: [32mLoop time: 1.107s DC Power: [35m467.4W[32m DRAM power: 0.00W PCK power: 388.49W
	avg. CPUFreq: 2.57GHz avg. IMCFreq: 1.47GHz
	CPI: 0.525 VPI: 0.00, Mem. bwidth: 0.11GB/s GFLOPS: 0.00 I/O: 0.01MB/s No MPI  
	TPI 0.02 Cache miss rates: L1 0.69GB/s L2 0.00GB/s L3 0.00GB/s
	Total MPI calls 0
	IO DATA: rchar 4610 wchar 8802 syscr 51 syscw 27 read_bytes 0 write_bytes 299008
	Aggregated application's node CPU util.: 12543
	CPU temperature (celsius): socket 0: 61 socket 1: 68[0m
EAR[3926568](random_l30) at 2.60/1.47 in tcn167 MR[0] elapsed 404 sec.: [32mLoop time: 1.107s DC Power: [35m467.2W[32m DRAM power: 0.00W PCK power: 388.70W
	avg. CPUFreq: 2.57GHz avg. IMCFreq: 1.47GHz
	CPI: 0.525 VPI: 0.00, Mem. bwidth: 0.11GB/s GFLOPS: 0.00 I/O: 0.01MB/s No MPI  
	TPI 0.02 Cache miss rates: L1 0.70GB/s L2 0.00GB/s L3 0.00GB/s
	Total MPI calls 0
	IO DATA: rchar 4610 wchar 8802 syscr 51 syscw 27 read_bytes 0 write_bytes 294912
	Aggregated application's node CPU util.: 12544
	CPU temperature (celsius): socket 0: 61 socket 1: 68[0m
EAR[3926568](random_l30) at 2.60/1.47 in tcn167 MR[0] elapsed 415 sec.: [32mLoop time: 1.108s DC Power: [35m420.1W[32m DRAM power: 0.00W PCK power: 388.55W
	avg. CPUFreq: 2.57GHz avg. IMCFreq: 1.47GHz
	CPI: 0.525 VPI: 0.00, Mem. bwidth: 0.12GB/s GFLOPS: 0.00 I/O: 0.01MB/s No MPI  
	TPI 0.02 Cache miss rates: L1 0.68GB/s L2 0.00GB/s L3 0.00GB/s
	Total MPI calls 0
	IO DATA: rchar 4610 wchar 8802 syscr 51 syscw 27 read_bytes 0 write_bytes 294912
	Aggregated application's node CPU util.: 12541
	CPU temperature (celsius): socket 0: 61 socket 1: 68[0m
EAR[3926568](random_l30) at 2.60/1.47 in tcn167 MR[0] elapsed 426 sec.: [32mLoop time: 1.107s DC Power: [35m420.2W[32m DRAM power: 0.00W PCK power: 388.39W
	avg. CPUFreq: 2.57GHz avg. IMCFreq: 1.47GHz
	CPI: 0.525 VPI: 0.00, Mem. bwidth: 0.12GB/s GFLOPS: 0.00 I/O: 0.01MB/s No MPI  
	TPI 0.02 Cache miss rates: L1 0.67GB/s L2 0.00GB/s L3 0.00GB/s
	Total MPI calls 0
	IO DATA: rchar 4610 wchar 8802 syscr 51 syscw 27 read_bytes 0 write_bytes 299008
	Aggregated application's node CPU util.: 12544
	CPU temperature (celsius): socket 0: 61 socket 1: 68[0m
EAR[3926568](random_l30) at 2.60/1.47 in tcn167 MR[0] elapsed 438 sec.: [32mLoop time: 1.107s DC Power: [35m466.9W[32m DRAM power: 0.00W PCK power: 388.55W
	avg. CPUFreq: 2.57GHz avg. IMCFreq: 1.47GHz
	CPI: 0.526 VPI: 0.00, Mem. bwidth: 0.13GB/s GFLOPS: 0.00 I/O: 0.01MB/s No MPI  
	TPI 0.03 Cache miss rates: L1 0.67GB/s L2 0.00GB/s L3 0.00GB/s
	Total MPI calls 0
	IO DATA: rchar 4610 wchar 8802 syscr 51 syscw 27 read_bytes 0 write_bytes 294912
	Aggregated application's node CPU util.: 12536
	CPU temperature (celsius): socket 0: 61 socket 1: 68[0m
EAR[3926568](random_l30) at 2.60/1.47 in tcn167 MR[0] elapsed 449 sec.: [32mLoop time: 1.122s DC Power: [35m460.6W[32m DRAM power: 0.00W PCK power: 388.34W
	avg. CPUFreq: 2.57GHz avg. IMCFreq: 1.47GHz
	CPI: 0.526 VPI: 0.00, Mem. bwidth: 0.13GB/s GFLOPS: 0.00 I/O: 0.01MB/s No MPI  
	TPI 0.03 Cache miss rates: L1 0.67GB/s L2 0.00GB/s L3 0.00GB/s
	Total MPI calls 0
	IO DATA: rchar 4610 wchar 8802 syscr 51 syscw 27 read_bytes 0 write_bytes 303104
	Aggregated application's node CPU util.: 12542
	CPU temperature (celsius): socket 0: 61 socket 1: 68[0m
EAR[3926568](random_l30) at 2.60/1.47 in tcn167 MR[0] elapsed 460 sec.: [32mLoop time: 1.108s DC Power: [35m466.8W[32m DRAM power: 0.00W PCK power: 388.42W
	avg. CPUFreq: 2.57GHz avg. IMCFreq: 1.47GHz
	CPI: 0.526 VPI: 0.00, Mem. bwidth: 0.11GB/s GFLOPS: 0.00 I/O: 0.01MB/s No MPI  
	TPI 0.02 Cache miss rates: L1 0.69GB/s L2 0.00GB/s L3 0.00GB/s
	Total MPI calls 0
	IO DATA: rchar 4610 wchar 8802 syscr 51 syscw 27 read_bytes 0 write_bytes 299008
	Aggregated application's node CPU util.: 12544
	CPU temperature (celsius): socket 0: 61 socket 1: 68[0m
EAR[3926568](random_l30) at 2.60/1.47 in tcn167 MR[0] elapsed 471 sec.: [32mLoop time: 1.107s DC Power: [35m420.5W[32m DRAM power: 0.00W PCK power: 388.49W
	avg. CPUFreq: 2.57GHz avg. IMCFreq: 1.47GHz
	CPI: 0.525 VPI: 0.00, Mem. bwidth: 0.13GB/s GFLOPS: 0.00 I/O: 0.01MB/s No MPI  
	TPI 0.03 Cache miss rates: L1 0.68GB/s L2 0.00GB/s L3 0.00GB/s
	Total MPI calls 0
	IO DATA: rchar 4610 wchar 8802 syscr 51 syscw 27 read_bytes 0 write_bytes 303104
	Aggregated application's node CPU util.: 12543
	CPU temperature (celsius): socket 0: 61 socket 1: 68[0m
EAR[3926568](random_l30) at 2.60/1.47 in tcn167 MR[0] elapsed 482 sec.: [32mLoop time: 1.108s DC Power: [35m420.1W[32m DRAM power: 0.00W PCK power: 388.42W
	avg. CPUFreq: 2.57GHz avg. IMCFreq: 1.47GHz
	CPI: 0.526 VPI: 0.00, Mem. bwidth: 0.11GB/s GFLOPS: 0.00 I/O: 0.01MB/s No MPI  
	TPI 0.02 Cache miss rates: L1 0.66GB/s L2 0.00GB/s L3 0.00GB/s
	Total MPI calls 0
	IO DATA: rchar 4610 wchar 8802 syscr 51 syscw 27 read_bytes 0 write_bytes 299008
	Aggregated application's node CPU util.: 12543
	CPU temperature (celsius): socket 0: 61 socket 1: 68[0m
EAR[3926568](random_l30) at 2.60/1.47 in tcn167 MR[0] elapsed 493 sec.: [32mLoop time: 1.108s DC Power: [35m466.8W[32m DRAM power: 0.00W PCK power: 388.36W
	avg. CPUFreq: 2.57GHz avg. IMCFreq: 1.47GHz
	CPI: 0.526 VPI: 0.00, Mem. bwidth: 0.15GB/s GFLOPS: 0.00 I/O: 0.01MB/s No MPI  
	TPI 0.03 Cache miss rates: L1 0.69GB/s L2 0.00GB/s L3 0.00GB/s
	Total MPI calls 0
	IO DATA: rchar 4610 wchar 8802 syscr 51 syscw 27 read_bytes 0 write_bytes 303104
	Aggregated application's node CPU util.: 12534
	CPU temperature (celsius): socket 0: 61 socket 1: 68[0m
EAR[3926568](random_l30) at 2.60/1.47 in tcn167 MR[0] elapsed 504 sec.: [32mLoop time: 1.107s DC Power: [35m467.1W[32m DRAM power: 0.00W PCK power: 388.40W
	avg. CPUFreq: 2.57GHz avg. IMCFreq: 1.47GHz
	CPI: 0.525 VPI: 0.00, Mem. bwidth: 0.12GB/s GFLOPS: 0.00 I/O: 0.01MB/s No MPI  
	TPI 0.02 Cache miss rates: L1 0.68GB/s L2 0.00GB/s L3 0.00GB/s
	Total MPI calls 0
	IO DATA: rchar 4610 wchar 8802 syscr 51 syscw 27 read_bytes 0 write_bytes 438272
	Aggregated application's node CPU util.: 12543
	CPU temperature (celsius): socket 0: 61 socket 1: 68[0m
EAR[3926568](random_l30) at 2.60/1.47 in tcn167 MR[0] elapsed 515 sec.: [32mLoop time: 1.108s DC Power: [35m467.0W[32m DRAM power: 0.00W PCK power: 388.29W
	avg. CPUFreq: 2.58GHz avg. IMCFreq: 1.47GHz
	CPI: 0.525 VPI: 0.00, Mem. bwidth: 0.12GB/s GFLOPS: 0.00 I/O: 0.01MB/s No MPI  
	TPI 0.02 Cache miss rates: L1 0.68GB/s L2 0.00GB/s L3 0.00GB/s
	Total MPI calls 0
	IO DATA: rchar 4610 wchar 8802 syscr 51 syscw 27 read_bytes 0 write_bytes 385024
	Aggregated application's node CPU util.: 12543
	CPU temperature (celsius): socket 0: 61 socket 1: 68[0m
srun: Job step aborted: Waiting up to 32 seconds for job step to finish.
[2025-12-13T10:22:53.337] error: *** JOB 17582788 ON tcn167 CANCELLED AT 2025-12-13T10:22:53 DUE to SIGNAL Terminated ***
[2025-12-13T10:22:53.339] error: *** STEP 17582788.0 ON tcn167 CANCELLED AT 2025-12-13T10:22:53 DUE to SIGNAL Terminated ***
