[EARL][tcn457][935346] --- EARL INIT [PID: 935346] [MASTER: 1] ---
[34m[tcn457][0][INFO] [0mK-medoids & roofline strategies not available. Loading default model for the classification
--- EARL loaded APIs ---
MGT_CPUFREQ: EARD
MGT_IMCFREQ: EARD
MGT_PRIO   : DUMMY
MET_CPUFREQ: EARD
MET_IMCFREQ: EARD
MET_ENERGY : EARD
MET_TEMP:    AMD17
MET_BWIDTH : EARD
MET_FLOPS  : PERF
MET_CPI    : PERF
MGT_GPU    : DUMMY
MET_GPU    : DUMMY
L1D: loaded (event PERF_L1D_MISS_LD) 
L2 : loaded (event L2_MISS_FROM_DC) (also in LBW)
L2 : loaded (event L2_MISS_FROM_PF1) (also in LBW)
L2 : loaded (event L2_MISS_FROM_PF2) (also in LBW)

------------------------
[13/16]	I'm online..
[15/16]	I'm online..
[16/16]	I'm online..
Mapping frequencies from 16 processes to 128 CPUs...
[14/16]	I'm online..
[1/16]	I'm online..
[4/16]	I'm online..
[8/16]	I'm online..
[12/16]	I'm online..
[5/16]	I'm online..
[7/16]	I'm online..
[10/16]	I'm online..
[2/16]	I'm online..
[3/16]	I'm online..
[9/16]	I'm online..
[11/16]	I'm online..
---------------- EAR 5.2 MPI enabled ----------------
                   App/user id: 'random_l15'/'ovaneck2'
    Node/job id/step_id/app_id: 'tcn457'/'15991609'/'0'/'935341'
     P_STATE/frequency (turbo): 0/2600000 (0)
    Tasks/nodes/ppn/node_ratio: 16/1/16/1.000
             Policy (learning): monitoring (0)
Policy threshold/Perf accuracy: 0.00/10000000.00
   DynAIS levels/window/AVX512: 10/200/2
                      VAR path: /var/ear
           EAR privileged user: 0
                       EARL on: 1 
                  Max CPU freq: 2600000
-------------------------------------------------------
EAR initialized successfully.
[6/16]	I'm online..
EAR[935341](random_l15) at 2.60/1.47 in tcn457 MR[0] elapsed 14 sec.: [32mLoop time: 1.001s DC Power: [35m256.4W[32m DRAM power: 0.00W PCK power: 206.98W
	avg. CPUFreq: 2.55GHz avg. IMCFreq: 1.47GHz Next Frequency 2.60
	CPI: 0.537 VPI: 0.00, Mem. bwidth: 0.05GB/s GFLOPS: 0.00 I/O: 0.23MB/s No MPI  
	TPI 0.01 Cache miss rates: L1 0.18GB/s L2 0.00GB/s L3 0.00GB/s
	Total MPI calls 0
	IO DATA: rchar 4544 wchar 24308 syscr 50 syscw 3050 read_bytes 0 write_bytes 8192
	Aggregated application's node CPU util.: 1568
	CPU temperature (celsius): socket 0: 50 socket 1: 54[0m
EAR[935341](random_l15) at 2.60/1.47 in tcn457 MR[0] elapsed 25 sec.: [32mLoop time: 1.103s DC Power: [35m290.9W[32m DRAM power: 0.00W PCK power: 207.08W
	avg. CPUFreq: 2.54GHz avg. IMCFreq: 1.47GHz
	CPI: 0.537 VPI: 0.00, Mem. bwidth: 0.04GB/s GFLOPS: 0.00 I/O: 0.03MB/s No MPI  
	TPI 0.01 Cache miss rates: L1 0.12GB/s L2 0.00GB/s L3 0.00GB/s
	Total MPI calls 0
	IO DATA: rchar 54249 wchar 28849 syscr 102 syscw 3345 read_bytes 0 write_bytes 24576
	Aggregated application's node CPU util.: 1568
	CPU temperature (celsius): socket 0: 50 socket 1: 54[0m
[34m[tcn457][0][INFO] [0mScope APP master 1 elapsed 0.000000
---------------------------------- Application Summary [tcn457] ----------------------------------
--- App id: random_l15 / user id: ovaneck2 / account: vusei12999 / job.step: 15991609.0.935341 ---


(Appl. sign.) Wall time: 29.861 s, CPU util.: 1568 %, nominal freq.: 2.60 GHz, avg. freq: 2.55 GHz, avg imc freq: 1.47 GHz
              Avg. mpi_time/exec_time 0.0 %

              tasks: 16

              CPI/TPI: 0.521/0.013, GB/s: 0.062, GFLOPS: 0.000, IO: 0.254 (MB/s)
              DC/DRAM/PCK power: 275.654/0.000/207.455 (W) GFlops/Watts 0.000


--------------------------------------------------------------------------------------------------
[7/16]	Finalized MPI..
[8/16]	Finalized MPI..
[13/16]	Finalized MPI..
[5/16]	Finalized MPI..
[6/16]	Finalized MPI..
[12/16]	Finalized MPI..
[14/16]	Finalized MPI..
[3/16]	Finalized MPI..
[10/16]	Finalized MPI..
[2/16]	Finalized MPI..
[9/16]	Finalized MPI..
[16/16]	Finalized MPI..
[15/16]	Finalized MPI..
[4/16]	Finalized MPI..
[1/16]	Finalized MPI..
[11/16]	Finalized MPI..
