[EARL][tcn457][939478] --- EARL INIT [PID: 939478] [MASTER: 1] ---
[34m[tcn457][0][INFO] [0mK-medoids & roofline strategies not available. Loading default model for the classification
--- EARL loaded APIs ---
MGT_CPUFREQ: EARD
MGT_IMCFREQ: EARD
MGT_PRIO   : DUMMY
MET_CPUFREQ: EARD
MET_IMCFREQ: EARD
MET_ENERGY : EARD
MET_TEMP:    AMD17
MET_BWIDTH : EARD
MET_FLOPS  : PERF
MET_CPI    : PERF
MGT_GPU    : DUMMY
MET_GPU    : DUMMY
L1D: loaded (event PERF_L1D_MISS_LD) 
L2 : loaded (event L2_MISS_FROM_DC) (also in LBW)
L2 : loaded (event L2_MISS_FROM_PF1) (also in LBW)
L2 : loaded (event L2_MISS_FROM_PF2) (also in LBW)

------------------------
[107/128]	I'm online..
[16/128]	I'm online..
[99/128]	I'm online..
[6/128]	I'm online..
[38/128]	I'm online..
[113/128]	I'm online..
[87/128]	I'm online..
[94/128]	I'm online..
[104/128]	I'm online..
[37/128]	I'm online..
[41/128]	I'm online..
[44/128]	I'm online..
[112/128]	I'm online..
[71/128]	I'm online..
[74/128]	I'm online..
[103/128]	I'm online..
[40/128]	I'm online..
[20/128]	I'm online..
[120/128]	I'm online..
[115/128]	I'm online..
[78/128]	I'm online..
[60/128]	I'm online..
[47/128]	I'm online..
Mapping frequencies from 128 processes to 128 CPUs...
[57/128]	I'm online..
[64/128]	I'm online..
[70/128]	I'm online..
[67/128]	I'm online..
[122/128]	I'm online..
[49/128]	I'm online..
[32/128]	I'm online..
[118/128]	I'm online..
[93/128]	I'm online..
[5/128]	I'm online..
[79/128]	I'm online..
[92/128]	I'm online..
[45/128]	I'm online..
[102/128]	I'm online..
[106/128]	I'm online..
[29/128]	I'm online..
[53/128]	I'm online..
[105/128]	I'm online..
[28/128]	I'm online..
[75/128]	I'm online..
[81/128]	I'm online..
[12/128]	I'm online..
[14/128]	I'm online..
[52/128]	I'm online..
[119/128]	I'm online..
[19/128]	I'm online..
[35/128]	I'm online..
[54/128]	I'm online..
[51/128]	I'm online..
[69/128]	I'm online..
[72/128]	I'm online..
[7/128]	I'm online..
[48/128]	I'm online..
[36/128]	I'm online..
[46/128]	I'm online..
[85/128]	I'm online..
[42/128]	I'm online..
[98/128]	I'm online..
[31/128]	I'm online..
[13/128]	I'm online..
[121/128]	I'm online..
[77/128]	I'm online..
[83/128]	I'm online..
[56/128]	I'm online..
[116/128]	I'm online..
[33/128]	I'm online..
[18/128]	I'm online..
[27/128]	I'm online..
[26/128]	I'm online..
[73/128]	I'm online..
[11/128]	I'm online..
[96/128]	I'm online..
[24/128]	I'm online..
[62/128]	I'm online..
[22/128]	I'm online..
[90/128]	I'm online..
[114/128]	I'm online..
[123/128]	I'm online..
[3/128]	I'm online..
[109/128]	I'm online..
[82/128]	I'm online..
[108/128]	I'm online..
[4/128]	I'm online..
[89/128]	I'm online..
[65/128]	I'm online..
[76/128]	I'm online..
[34/128]	I'm online..
[58/128]	I'm online..
[15/128]	I'm online..
[84/128]	I'm online..
[88/128]	I'm online..
[124/128]	I'm online..
[61/128]	I'm online..
[127/128]	I'm online..
[117/128]	I'm online..
[101/128]	I'm online..
[128/128]	I'm online..
[63/128]	I'm online..
[30/128]	I'm online..
[125/128]	I'm online..
[55/128]	I'm online..
[8/128]	I'm online..
[100/128]	I'm online..
[80/128]	I'm online..
[10/128]	I'm online..
[68/128]	I'm online..
[66/128]	I'm online..
[111/128]	I'm online..
[21/128]	I'm online..
[43/128]	I'm online..
[110/128]	I'm online..
[59/128]	I'm online..
[2/128]	I'm online..
[17/128]	I'm online..
[95/128]	I'm online..
[23/128]	I'm online..
[25/128]	I'm online..
[126/128]	I'm online..
[9/128]	I'm online..
[91/128]	I'm online..
[39/128]	I'm online..
[86/128]	I'm online..
[50/128]	I'm online..
[97/128]	I'm online..
---------------- EAR 5.2 MPI enabled ----------------
                   App/user id: 'random_l20'/'ovaneck2'
    Node/job id/step_id/app_id: 'tcn457'/'15991796'/'0'/'939478'
     P_STATE/frequency (turbo): 0/2600000 (0)
    Tasks/nodes/ppn/node_ratio: 128/1/128/1.000
             Policy (learning): monitoring (0)
Policy threshold/Perf accuracy: 0.00/10000000.00
   DynAIS levels/window/AVX512: 10/200/2
                      VAR path: /var/ear
           EAR privileged user: 0
                       EARL on: 1 
                  Max CPU freq: 2600000
-------------------------------------------------------
EAR initialized successfully.
[1/128]	I'm online..
EAR[939478](random_l20) at 2.60/1.47 in tcn457 MR[0] elapsed 16 sec.: [32mLoop time: 1.007s DC Power: [35m448.3W[32m DRAM power: 0.00W PCK power: 382.39W
	avg. CPUFreq: 2.57GHz avg. IMCFreq: 1.47GHz Next Frequency 2.60
	CPI: 0.534 VPI: 0.00, Mem. bwidth: 0.12GB/s GFLOPS: 0.00 I/O: 3.51MB/s No MPI  
	TPI 0.03 Cache miss rates: L1 0.25GB/s L2 0.01GB/s L3 0.00GB/s
	Total MPI calls 0
	IO DATA: rchar 4546 wchar 7368 syscr 50 syscw 185 read_bytes 0 write_bytes 8192
	Aggregated application's node CPU util.: 11758
	CPU temperature (celsius): socket 0: 58 socket 1: 62[0m
EAR[939478](random_l20) at 2.60/1.47 in tcn457 MR[0] elapsed 28 sec.: [32mLoop time: 1.121s DC Power: [35m449.9W[32m DRAM power: 0.00W PCK power: 383.52W
	avg. CPUFreq: 2.57GHz avg. IMCFreq: 1.47GHz
	CPI: 0.534 VPI: 0.00, Mem. bwidth: 0.19GB/s GFLOPS: 0.00 I/O: 0.01MB/s No MPI  
	TPI 0.04 Cache miss rates: L1 0.17GB/s L2 0.00GB/s L3 0.00GB/s
	Total MPI calls 0
	IO DATA: rchar 62463 wchar 9700 syscr 110 syscw 90 read_bytes 0 write_bytes 290816
	Aggregated application's node CPU util.: 12534
	CPU temperature (celsius): socket 0: 60 socket 1: 65[0m
EAR[939478](random_l20) at 2.60/1.47 in tcn457 MR[0] elapsed 39 sec.: [32mLoop time: 1.108s DC Power: [35m462.2W[32m DRAM power: 0.00W PCK power: 384.63W
	avg. CPUFreq: 2.57GHz avg. IMCFreq: 1.47GHz
	CPI: 0.534 VPI: 0.00, Mem. bwidth: 0.12GB/s GFLOPS: 0.00 I/O: 0.01MB/s No MPI  
	TPI 0.02 Cache miss rates: L1 0.20GB/s L2 0.00GB/s L3 0.00GB/s
	Total MPI calls 0
	IO DATA: rchar 4603 wchar 8802 syscr 51 syscw 27 read_bytes 0 write_bytes 299008
	Aggregated application's node CPU util.: 12544
	CPU temperature (celsius): socket 0: 62 socket 1: 67[0m
EAR[939478](random_l20) at 2.60/1.47 in tcn457 MR[0] elapsed 50 sec.: [32mLoop time: 1.108s DC Power: [35m375.1W[32m DRAM power: 0.00W PCK power: 385.53W
	avg. CPUFreq: 2.57GHz avg. IMCFreq: 1.47GHz
	CPI: 0.534 VPI: 0.00, Mem. bwidth: 0.11GB/s GFLOPS: 0.00 I/O: 0.01MB/s No MPI  
	TPI 0.02 Cache miss rates: L1 0.22GB/s L2 0.00GB/s L3 0.00GB/s
	Total MPI calls 0
	IO DATA: rchar 4604 wchar 9853 syscr 51 syscw 227 read_bytes 0 write_bytes 299008
	Aggregated application's node CPU util.: 12544
	CPU temperature (celsius): socket 0: 62 socket 1: 68[0m
EAR[939478](random_l20) at 2.60/1.47 in tcn457 MR[0] elapsed 61 sec.: [32mLoop time: 1.108s DC Power: [35m470.3W[32m DRAM power: 0.00W PCK power: 386.27W
	avg. CPUFreq: 2.57GHz avg. IMCFreq: 1.47GHz
	CPI: 0.535 VPI: 0.00, Mem. bwidth: 0.16GB/s GFLOPS: 0.00 I/O: 0.01MB/s No MPI  
	TPI 0.03 Cache miss rates: L1 0.17GB/s L2 0.00GB/s L3 0.00GB/s
	Total MPI calls 0
	IO DATA: rchar 4604 wchar 9011 syscr 51 syscw 67 read_bytes 0 write_bytes 434176
	Aggregated application's node CPU util.: 12542
	CPU temperature (celsius): socket 0: 63 socket 1: 68[0m
EAR[939478](random_l20) at 2.60/1.47 in tcn457 MR[0] elapsed 72 sec.: [32mLoop time: 1.107s DC Power: [35m470.4W[32m DRAM power: 0.00W PCK power: 386.66W
	avg. CPUFreq: 2.57GHz avg. IMCFreq: 1.47GHz
	CPI: 0.535 VPI: 0.00, Mem. bwidth: 0.14GB/s GFLOPS: 0.00 I/O: 0.01MB/s No MPI  
	TPI 0.03 Cache miss rates: L1 0.16GB/s L2 0.00GB/s L3 0.00GB/s
	Total MPI calls 0
	IO DATA: rchar 4604 wchar 10681 syscr 51 syscw 387 read_bytes 0 write_bytes 303104
	Aggregated application's node CPU util.: 12542
	CPU temperature (celsius): socket 0: 63 socket 1: 69[0m
EAR[939478](random_l20) at 2.60/1.47 in tcn457 MR[0] elapsed 83 sec.: [32mLoop time: 1.111s DC Power: [35m470.6W[32m DRAM power: 0.00W PCK power: 387.22W
	avg. CPUFreq: 2.57GHz avg. IMCFreq: 1.47GHz
	CPI: 0.534 VPI: 0.00, Mem. bwidth: 0.17GB/s GFLOPS: 0.00 I/O: 0.01MB/s No MPI  
	TPI 0.04 Cache miss rates: L1 0.18GB/s L2 0.00GB/s L3 0.00GB/s
	Total MPI calls 0
	IO DATA: rchar 4604 wchar 8908 syscr 51 syscw 47 read_bytes 0 write_bytes 434176
	Aggregated application's node CPU util.: 12536
	CPU temperature (celsius): socket 0: 64 socket 1: 69[0m
EAR[939478](random_l20) at 2.60/1.47 in tcn457 MR[0] elapsed 94 sec.: [32mLoop time: 1.108s DC Power: [35m424.8W[32m DRAM power: 0.00W PCK power: 387.39W
	avg. CPUFreq: 2.57GHz avg. IMCFreq: 1.47GHz
	CPI: 0.535 VPI: 0.00, Mem. bwidth: 0.12GB/s GFLOPS: 0.00 I/O: 0.01MB/s No MPI  
	TPI 0.03 Cache miss rates: L1 0.19GB/s L2 0.00GB/s L3 0.00GB/s
	Total MPI calls 0
	IO DATA: rchar 4604 wchar 9634 syscr 51 syscw 187 read_bytes 0 write_bytes 299008
	Aggregated application's node CPU util.: 12544
	CPU temperature (celsius): socket 0: 64 socket 1: 69[0m
EAR[939478](random_l20) at 2.60/1.47 in tcn457 MR[0] elapsed 105 sec.: [32mLoop time: 1.107s DC Power: [35m425.3W[32m DRAM power: 0.00W PCK power: 387.65W
	avg. CPUFreq: 2.57GHz avg. IMCFreq: 1.47GHz
	CPI: 0.535 VPI: 0.00, Mem. bwidth: 0.13GB/s GFLOPS: 0.00 I/O: 0.01MB/s No MPI  
	TPI 0.03 Cache miss rates: L1 0.21GB/s L2 0.00GB/s L3 0.00GB/s
	Total MPI calls 0
	IO DATA: rchar 4604 wchar 9119 syscr 51 syscw 87 read_bytes 0 write_bytes 303104
	Aggregated application's node CPU util.: 12542
	CPU temperature (celsius): socket 0: 65 socket 1: 70[0m
EAR[939478](random_l20) at 2.60/1.47 in tcn457 MR[0] elapsed 116 sec.: [32mLoop time: 1.108s DC Power: [35m472.9W[32m DRAM power: 0.00W PCK power: 388.10W
	avg. CPUFreq: 2.57GHz avg. IMCFreq: 1.47GHz
	CPI: 0.534 VPI: 0.00, Mem. bwidth: 0.16GB/s GFLOPS: 0.00 I/O: 0.01MB/s No MPI  
	TPI 0.03 Cache miss rates: L1 0.19GB/s L2 0.00GB/s L3 0.00GB/s
	Total MPI calls 0
	IO DATA: rchar 4604 wchar 9331 syscr 51 syscw 127 read_bytes 0 write_bytes 335872
	Aggregated application's node CPU util.: 12540
	CPU temperature (celsius): socket 0: 65 socket 1: 70[0m
EAR[939478](random_l20) at 2.60/1.47 in tcn457 MR[0] elapsed 127 sec.: [32mLoop time: 1.108s DC Power: [35m472.7W[32m DRAM power: 0.00W PCK power: 388.00W
	avg. CPUFreq: 2.57GHz avg. IMCFreq: 1.47GHz
	CPI: 0.534 VPI: 0.00, Mem. bwidth: 0.14GB/s GFLOPS: 0.00 I/O: 0.01MB/s No MPI  
	TPI 0.03 Cache miss rates: L1 0.18GB/s L2 0.00GB/s L3 0.00GB/s
	Total MPI calls 0
	IO DATA: rchar 4605 wchar 10278 syscr 51 syscw 307 read_bytes 0 write_bytes 294912
	Aggregated application's node CPU util.: 12537
	CPU temperature (celsius): socket 0: 65 socket 1: 70[0m
EAR[939478](random_l20) at 2.60/1.47 in tcn457 MR[0] elapsed 138 sec.: [32mLoop time: 1.108s DC Power: [35m425.6W[32m DRAM power: 0.00W PCK power: 388.15W
	avg. CPUFreq: 2.57GHz avg. IMCFreq: 1.47GHz
	CPI: 0.535 VPI: 0.00, Mem. bwidth: 0.15GB/s GFLOPS: 0.00 I/O: 0.01MB/s No MPI  
	TPI 0.03 Cache miss rates: L1 0.20GB/s L2 0.00GB/s L3 0.00GB/s
	Total MPI calls 0
	IO DATA: rchar 4605 wchar 10060 syscr 51 syscw 267 read_bytes 0 write_bytes 299008
	Aggregated application's node CPU util.: 12543
	CPU temperature (celsius): socket 0: 66 socket 1: 71[0m
EAR[939478](random_l20) at 2.60/1.47 in tcn457 MR[0] elapsed 149 sec.: [32mLoop time: 1.108s DC Power: [35m473.5W[32m DRAM power: 0.00W PCK power: 388.71W
	avg. CPUFreq: 2.57GHz avg. IMCFreq: 1.47GHz
	CPI: 0.532 VPI: 0.00, Mem. bwidth: 0.15GB/s GFLOPS: 0.00 I/O: 0.01MB/s No MPI  
	TPI 0.03 Cache miss rates: L1 0.19GB/s L2 0.00GB/s L3 0.00GB/s
	Total MPI calls 0
	IO DATA: rchar 4605 wchar 9225 syscr 51 syscw 107 read_bytes 0 write_bytes 299008
	Aggregated application's node CPU util.: 12536
	CPU temperature (celsius): socket 0: 66 socket 1: 71[0m
EAR[939478](random_l20) at 2.60/1.47 in tcn457 MR[0] elapsed 160 sec.: [32mLoop time: 1.108s DC Power: [35m426.6W[32m DRAM power: 0.00W PCK power: 388.63W
	avg. CPUFreq: 2.57GHz avg. IMCFreq: 1.47GHz
	CPI: 0.532 VPI: 0.00, Mem. bwidth: 0.12GB/s GFLOPS: 0.00 I/O: 0.01MB/s No MPI  
	TPI 0.03 Cache miss rates: L1 0.19GB/s L2 0.00GB/s L3 0.00GB/s
	Total MPI calls 0
	IO DATA: rchar 4605 wchar 9435 syscr 51 syscw 147 read_bytes 0 write_bytes 299008
	Aggregated application's node CPU util.: 12543
	CPU temperature (celsius): socket 0: 66 socket 1: 71[0m
EAR[939478](random_l20) at 2.60/1.47 in tcn457 MR[0] elapsed 172 sec.: [32mLoop time: 1.107s DC Power: [35m474.8W[32m DRAM power: 0.00W PCK power: 389.11W
	avg. CPUFreq: 2.57GHz avg. IMCFreq: 1.47GHz
	CPI: 0.531 VPI: 0.00, Mem. bwidth: 0.13GB/s GFLOPS: 0.00 I/O: 0.01MB/s No MPI  
	TPI 0.03 Cache miss rates: L1 0.17GB/s L2 0.00GB/s L3 0.00GB/s
	Total MPI calls 0
	IO DATA: rchar 4605 wchar 8802 syscr 51 syscw 27 read_bytes 0 write_bytes 299008
	Aggregated application's node CPU util.: 12543
	CPU temperature (celsius): socket 0: 66 socket 1: 71[0m
EAR[939478](random_l20) at 2.60/1.47 in tcn457 MR[0] elapsed 183 sec.: [32mLoop time: 1.108s DC Power: [35m427.7W[32m DRAM power: 0.00W PCK power: 390.19W
	avg. CPUFreq: 2.57GHz avg. IMCFreq: 1.47GHz
	CPI: 0.525 VPI: 0.00, Mem. bwidth: 0.12GB/s GFLOPS: 0.00 I/O: 0.01MB/s No MPI  
	TPI 0.02 Cache miss rates: L1 0.17GB/s L2 0.00GB/s L3 0.00GB/s
	Total MPI calls 0
	IO DATA: rchar 4605 wchar 9012 syscr 51 syscw 67 read_bytes 0 write_bytes 442368
	Aggregated application's node CPU util.: 12543
	CPU temperature (celsius): socket 0: 66 socket 1: 71[0m
EAR[939478](random_l20) at 2.60/1.47 in tcn457 MR[0] elapsed 194 sec.: [32mLoop time: 1.107s DC Power: [35m477.9W[32m DRAM power: 0.00W PCK power: 393.39W
	avg. CPUFreq: 2.57GHz avg. IMCFreq: 1.47GHz
	CPI: 0.512 VPI: 0.00, Mem. bwidth: 0.13GB/s GFLOPS: 0.00 I/O: 0.01MB/s No MPI  
	TPI 0.03 Cache miss rates: L1 0.16GB/s L2 0.00GB/s L3 0.00GB/s
	Total MPI calls 0
	IO DATA: rchar 4605 wchar 8801 syscr 51 syscw 27 read_bytes 0 write_bytes 434176
	Aggregated application's node CPU util.: 12542
	CPU temperature (celsius): socket 0: 66 socket 1: 72[0m
EAR[939478](random_l20) at 2.60/1.47 in tcn457 MR[0] elapsed 205 sec.: [32mLoop time: 1.108s DC Power: [35m481.1W[32m DRAM power: 0.00W PCK power: 397.24W
	avg. CPUFreq: 2.57GHz avg. IMCFreq: 1.47GHz
	CPI: 0.497 VPI: 0.00, Mem. bwidth: 0.15GB/s GFLOPS: 0.00 I/O: 0.01MB/s No MPI  
	TPI 0.03 Cache miss rates: L1 0.13GB/s L2 0.00GB/s L3 0.00GB/s
	Total MPI calls 0
	IO DATA: rchar 4605 wchar 9756 syscr 51 syscw 207 read_bytes 0 write_bytes 303104
	Aggregated application's node CPU util.: 12534
	CPU temperature (celsius): socket 0: 67 socket 1: 72[0m
EAR[939478](random_l20) at 2.60/1.47 in tcn457 MR[0] elapsed 216 sec.: [32mLoop time: 1.108s DC Power: [35m485.6W[32m DRAM power: 0.00W PCK power: 402.63W
	avg. CPUFreq: 2.57GHz avg. IMCFreq: 1.47GHz
	CPI: 0.478 VPI: 0.00, Mem. bwidth: 0.12GB/s GFLOPS: 0.00 I/O: 0.01MB/s No MPI  
	TPI 0.03 Cache miss rates: L1 0.07GB/s L2 0.00GB/s L3 0.00GB/s
	Total MPI calls 0
	IO DATA: rchar 4605 wchar 9543 syscr 51 syscw 167 read_bytes 0 write_bytes 299008
	Aggregated application's node CPU util.: 12543
	CPU temperature (celsius): socket 0: 67 socket 1: 73[0m
EAR[939478](random_l20) at 2.60/1.47 in tcn457 MR[0] elapsed 227 sec.: [32mLoop time: 1.108s DC Power: [35m391.1W[32m DRAM power: 0.00W PCK power: 405.92W
	avg. CPUFreq: 2.57GHz avg. IMCFreq: 1.47GHz
	CPI: 0.468 VPI: 0.00, Mem. bwidth: 0.11GB/s GFLOPS: 0.00 I/O: 0.01MB/s No MPI  
	TPI 0.02 Cache miss rates: L1 0.07GB/s L2 0.00GB/s L3 0.00GB/s
	Total MPI calls 0
	IO DATA: rchar 4605 wchar 9016 syscr 51 syscw 67 read_bytes 0 write_bytes 303104
	Aggregated application's node CPU util.: 12544
	CPU temperature (celsius): socket 0: 68 socket 1: 73[0m
EAR[939478](random_l20) at 2.60/1.47 in tcn457 MR[0] elapsed 238 sec.: [32mLoop time: 1.108s DC Power: [35m492.7W[32m DRAM power: 0.00W PCK power: 411.01W
	avg. CPUFreq: 2.57GHz avg. IMCFreq: 1.47GHz
	CPI: 0.453 VPI: 0.00, Mem. bwidth: 0.14GB/s GFLOPS: 0.00 I/O: 0.01MB/s No MPI  
	TPI 0.02 Cache miss rates: L1 0.06GB/s L2 0.00GB/s L3 0.00GB/s
	Total MPI calls 0
	IO DATA: rchar 4605 wchar 8801 syscr 51 syscw 27 read_bytes 0 write_bytes 299008
	Aggregated application's node CPU util.: 12542
	CPU temperature (celsius): socket 0: 68 socket 1: 74[0m
EAR[939478](random_l20) at 2.60/1.47 in tcn457 MR[0] elapsed 249 sec.: [32mLoop time: 1.108s DC Power: [35m496.8W[32m DRAM power: 0.00W PCK power: 415.06W
	avg. CPUFreq: 2.57GHz avg. IMCFreq: 1.47GHz
	CPI: 0.440 VPI: 0.00, Mem. bwidth: 0.12GB/s GFLOPS: 0.00 I/O: 0.01MB/s No MPI  
	TPI 0.02 Cache miss rates: L1 0.07GB/s L2 0.00GB/s L3 0.00GB/s
	Total MPI calls 0
	IO DATA: rchar 4605 wchar 8801 syscr 51 syscw 27 read_bytes 0 write_bytes 299008
	Aggregated application's node CPU util.: 12543
	CPU temperature (celsius): socket 0: 68 socket 1: 74[0m
EAR[939478](random_l20) at 2.60/1.47 in tcn457 MR[0] elapsed 260 sec.: [32mLoop time: 1.107s DC Power: [35m500.4W[32m DRAM power: 0.00W PCK power: 419.01W
	avg. CPUFreq: 2.57GHz avg. IMCFreq: 1.47GHz
	CPI: 0.427 VPI: 0.00, Mem. bwidth: 0.12GB/s GFLOPS: 0.00 I/O: 0.01MB/s No MPI  
	TPI 0.02 Cache miss rates: L1 0.07GB/s L2 0.00GB/s L3 0.00GB/s
	Total MPI calls 0
	IO DATA: rchar 4605 wchar 8801 syscr 51 syscw 27 read_bytes 0 write_bytes 380928
	Aggregated application's node CPU util.: 12541
	CPU temperature (celsius): socket 0: 69 socket 1: 75[0m
EAR[939478](random_l20) at 2.60/1.47 in tcn457 MR[0] elapsed 271 sec.: [32mLoop time: 1.108s DC Power: [35m454.4W[32m DRAM power: 0.00W PCK power: 424.47W
	avg. CPUFreq: 2.57GHz avg. IMCFreq: 1.47GHz
	CPI: 0.410 VPI: 0.00, Mem. bwidth: 0.17GB/s GFLOPS: 0.00 I/O: 0.01MB/s No MPI  
	TPI 0.03 Cache miss rates: L1 0.06GB/s L2 0.00GB/s L3 0.00GB/s
	Total MPI calls 0
	IO DATA: rchar 4605 wchar 8801 syscr 51 syscw 27 read_bytes 0 write_bytes 294912
	Aggregated application's node CPU util.: 12532
	CPU temperature (celsius): socket 0: 69 socket 1: 75[0m
EAR[939478](random_l20) at 2.60/1.47 in tcn457 MR[0] elapsed 282 sec.: [32mLoop time: 1.108s DC Power: [35m457.9W[32m DRAM power: 0.00W PCK power: 428.81W
	avg. CPUFreq: 2.57GHz avg. IMCFreq: 1.47GHz
	CPI: 0.398 VPI: 0.00, Mem. bwidth: 0.11GB/s GFLOPS: 0.00 I/O: 0.01MB/s No MPI  
	TPI 0.02 Cache miss rates: L1 0.21GB/s L2 0.00GB/s L3 0.00GB/s
	Total MPI calls 0
	IO DATA: rchar 4605 wchar 8801 syscr 51 syscw 27 read_bytes 0 write_bytes 294912
	Aggregated application's node CPU util.: 12544
	CPU temperature (celsius): socket 0: 69 socket 1: 75[0m
EAR[939478](random_l20) at 2.60/1.47 in tcn457 MR[0] elapsed 293 sec.: [32mLoop time: 1.108s DC Power: [35m512.9W[32m DRAM power: 0.00W PCK power: 432.83W
	avg. CPUFreq: 2.57GHz avg. IMCFreq: 1.47GHz
	CPI: 0.389 VPI: 0.00, Mem. bwidth: 0.13GB/s GFLOPS: 0.00 I/O: 0.01MB/s No MPI  
	TPI 0.02 Cache miss rates: L1 0.20GB/s L2 0.00GB/s L3 0.00GB/s
	Total MPI calls 0
	IO DATA: rchar 4605 wchar 8801 syscr 51 syscw 27 read_bytes 0 write_bytes 360448
	Aggregated application's node CPU util.: 12542
	CPU temperature (celsius): socket 0: 70 socket 1: 76[0m
EAR[939478](random_l20) at 2.60/1.47 in tcn457 MR[0] elapsed 304 sec.: [32mLoop time: 1.107s DC Power: [35m517.4W[32m DRAM power: 0.00W PCK power: 435.68W
	avg. CPUFreq: 2.57GHz avg. IMCFreq: 1.47GHz
	CPI: 0.384 VPI: 0.00, Mem. bwidth: 0.12GB/s GFLOPS: 0.00 I/O: 0.01MB/s No MPI  
	TPI 0.02 Cache miss rates: L1 0.20GB/s L2 0.00GB/s L3 0.00GB/s
	Total MPI calls 0
	IO DATA: rchar 4605 wchar 8801 syscr 51 syscw 27 read_bytes 0 write_bytes 442368
	Aggregated application's node CPU util.: 12542
	CPU temperature (celsius): socket 0: 70 socket 1: 76[0m
EAR[939478](random_l20) at 2.60/1.47 in tcn457 MR[0] elapsed 316 sec.: [32mLoop time: 1.113s DC Power: [35m517.3W[32m DRAM power: 0.00W PCK power: 437.89W
	avg. CPUFreq: 2.57GHz avg. IMCFreq: 1.47GHz
	CPI: 0.380 VPI: 0.00, Mem. bwidth: 0.12GB/s GFLOPS: 0.00 I/O: 0.01MB/s No MPI  
	TPI 0.02 Cache miss rates: L1 0.19GB/s L2 0.00GB/s L3 0.00GB/s
	Total MPI calls 0
	IO DATA: rchar 4605 wchar 8801 syscr 51 syscw 27 read_bytes 0 write_bytes 315392
	Aggregated application's node CPU util.: 12542
	CPU temperature (celsius): socket 0: 70 socket 1: 76[0m
EAR[939478](random_l20) at 2.60/1.47 in tcn457 MR[0] elapsed 327 sec.: [32mLoop time: 1.107s DC Power: [35m469.7W[32m DRAM power: 0.00W PCK power: 440.07W
	avg. CPUFreq: 2.57GHz avg. IMCFreq: 1.47GHz
	CPI: 0.376 VPI: 0.00, Mem. bwidth: 0.17GB/s GFLOPS: 0.00 I/O: 0.01MB/s No MPI  
	TPI 0.02 Cache miss rates: L1 0.19GB/s L2 0.00GB/s L3 0.00GB/s
	Total MPI calls 0
	IO DATA: rchar 4605 wchar 8801 syscr 51 syscw 27 read_bytes 0 write_bytes 299008
	Aggregated application's node CPU util.: 12537
	CPU temperature (celsius): socket 0: 71 socket 1: 77[0m
EAR[939478](random_l20) at 2.60/1.47 in tcn457 MR[0] elapsed 338 sec.: [32mLoop time: 1.108s DC Power: [35m522.6W[32m DRAM power: 0.00W PCK power: 441.19W
	avg. CPUFreq: 2.57GHz avg. IMCFreq: 1.47GHz
	CPI: 0.374 VPI: 0.00, Mem. bwidth: 0.11GB/s GFLOPS: 0.00 I/O: 0.01MB/s No MPI  
	TPI 0.02 Cache miss rates: L1 0.19GB/s L2 0.00GB/s L3 0.00GB/s
	Total MPI calls 0
	IO DATA: rchar 4605 wchar 8801 syscr 51 syscw 27 read_bytes 0 write_bytes 303104
	Aggregated application's node CPU util.: 12543
	CPU temperature (celsius): socket 0: 71 socket 1: 77[0m
EAR[939478](random_l20) at 2.60/1.47 in tcn457 MR[0] elapsed 349 sec.: [32mLoop time: 1.107s DC Power: [35m469.2W[32m DRAM power: 0.00W PCK power: 441.55W
	avg. CPUFreq: 2.57GHz avg. IMCFreq: 1.47GHz
	CPI: 0.374 VPI: 0.00, Mem. bwidth: 0.09GB/s GFLOPS: 0.00 I/O: 0.01MB/s No MPI  
	TPI 0.01 Cache miss rates: L1 0.19GB/s L2 0.00GB/s L3 0.00GB/s
	Total MPI calls 0
	IO DATA: rchar 4606 wchar 8801 syscr 51 syscw 27 read_bytes 0 write_bytes 299008
	Aggregated application's node CPU util.: 12544
	CPU temperature (celsius): socket 0: 71 socket 1: 77[0m
EAR[939478](random_l20) at 2.60/1.47 in tcn457 MR[0] elapsed 360 sec.: [32mLoop time: 1.108s DC Power: [35m522.2W[32m DRAM power: 0.00W PCK power: 441.89W
	avg. CPUFreq: 2.57GHz avg. IMCFreq: 1.47GHz
	CPI: 0.374 VPI: 0.00, Mem. bwidth: 0.14GB/s GFLOPS: 0.00 I/O: 0.01MB/s No MPI  
	TPI 0.02 Cache miss rates: L1 0.18GB/s L2 0.00GB/s L3 0.00GB/s
	Total MPI calls 0
	IO DATA: rchar 4606 wchar 8801 syscr 51 syscw 27 read_bytes 0 write_bytes 303104
	Aggregated application's node CPU util.: 12542
	CPU temperature (celsius): socket 0: 71 socket 1: 77[0m
EAR[939478](random_l20) at 2.60/1.47 in tcn457 MR[0] elapsed 371 sec.: [32mLoop time: 1.107s DC Power: [35m470.2W[32m DRAM power: 0.00W PCK power: 442.33W
	avg. CPUFreq: 2.57GHz avg. IMCFreq: 1.47GHz
	CPI: 0.373 VPI: 0.00, Mem. bwidth: 0.14GB/s GFLOPS: 0.00 I/O: 0.01MB/s No MPI  
	TPI 0.02 Cache miss rates: L1 0.18GB/s L2 0.00GB/s L3 0.00GB/s
	Total MPI calls 0
	IO DATA: rchar 4606 wchar 8801 syscr 51 syscw 27 read_bytes 0 write_bytes 299008
	Aggregated application's node CPU util.: 12538
	CPU temperature (celsius): socket 0: 71 socket 1: 77[0m
[34m[tcn457][0][INFO] [0mWarning: Estimated power 503.48 W (DC vs CPU+GPU 1.15)
[34m[tcn457][0][INFO] [0mScope APP master 1 elapsed 0.000000
---------------------------------- Application Summary [tcn457] ----------------------------------
--- App id: random_l20 / user id: ovaneck2 / account: vusei12999 / job.step: 15991796.0.939478 ---


(Appl. sign.) Wall time: 379.548 s, CPU util.: 12541 %, nominal freq.: 2.60 GHz, avg. freq: 2.57 GHz, avg imc freq: 1.47 GHz
              Avg. mpi_time/exec_time 0.0 %

              tasks: 128

              CPI/TPI: 0.461/0.025, GB/s: 0.141, GFLOPS: 0.000, IO: 0.288 (MB/s)
              DC/DRAM/PCK power: 468.721/0.000/406.668 (W) GFlops/Watts 0.000


--------------------------------------------------------------------------------------------------
[121/128]	Finalized MPI..
[83/128]	Finalized MPI..
[66/128]	Finalized MPI..
[100/128]	Finalized MPI..
[88/128]	Finalized MPI..
[111/128]	Finalized MPI..
[84/128]	Finalized MPI..
[28/128]	Finalized MPI..
[90/128]	Finalized MPI..
[50/128]	Finalized MPI..
[85/128]	Finalized MPI..
[1/128]	Finalized MPI..
[86/128]	Finalized MPI..
[40/128]	Finalized MPI..
[123/128]	Finalized MPI..
[103/128]	Finalized MPI..
[81/128]	Finalized MPI..
[82/128]	Finalized MPI..
[114/128]	Finalized MPI..
[110/128]	Finalized MPI..
[92/128]	Finalized MPI..
[20/128]	Finalized MPI..
[104/128]	Finalized MPI..
[106/128]	Finalized MPI..
[77/128]	Finalized MPI..
[87/128]	Finalized MPI..
[127/128]	Finalized MPI..
[115/128]	Finalized MPI..
[116/128]	Finalized MPI..
[108/128]	Finalized MPI..
[32/128]	Finalized MPI..
[10/128]	Finalized MPI..
[124/128]	Finalized MPI..
[102/128]	Finalized MPI..
[117/128]	Finalized MPI..
[118/128]	Finalized MPI..
[105/128]	Finalized MPI..
[120/128]	Finalized MPI..
[97/128]	Finalized MPI..
[99/128]	Finalized MPI..
[93/128]	Finalized MPI..
[53/128]	Finalized MPI..
[96/128]	Finalized MPI..
[107/128]	Finalized MPI..
[61/128]	Finalized MPI..
[44/128]	Finalized MPI..
[125/128]	Finalized MPI..
[46/128]	Finalized MPI..
[80/128]	Finalized MPI..
[79/128]	Finalized MPI..
[94/128]	Finalized MPI..
[4/128]	Finalized MPI..
[52/128]	Finalized MPI..
[70/128]	Finalized MPI..
[119/128]	Finalized MPI..
[75/128]	Finalized MPI..
[19/128]	Finalized MPI..
[5/128]	Finalized MPI..
[37/128]	Finalized MPI..
[2/128]	Finalized MPI..
[68/128]	Finalized MPI..
[101/128]	Finalized MPI..
[67/128]	Finalized MPI..
[41/128]	Finalized MPI..
[11/128]	Finalized MPI..
[34/128]	Finalized MPI..
[71/128]	Finalized MPI..
[69/128]	Finalized MPI..
[38/128]	Finalized MPI..
[25/128]	Finalized MPI..
[128/128]	Finalized MPI..
[126/128]	Finalized MPI..
[22/128]	Finalized MPI..
[14/128]	Finalized MPI..
[26/128]	Finalized MPI..
[43/128]	Finalized MPI..
[15/128]	Finalized MPI..
[89/128]	Finalized MPI..
[60/128]	Finalized MPI..
[6/128]	Finalized MPI..
[91/128]	Finalized MPI..
[33/128]	Finalized MPI..
[56/128]	Finalized MPI..
[54/128]	Finalized MPI..
[62/128]	Finalized MPI..
[23/128]	Finalized MPI..
[36/128]	Finalized MPI..
[49/128]	Finalized MPI..
[47/128]	Finalized MPI..
[39/128]	Finalized MPI..
[51/128]	Finalized MPI..
[7/128]	Finalized MPI..
[57/128]	Finalized MPI..
[3/128]	Finalized MPI..
[58/128]	Finalized MPI..
[76/128]	Finalized MPI..
[112/128]	Finalized MPI..
[78/128]	Finalized MPI..
[73/128]	Finalized MPI..
[18/128]	Finalized MPI..
[109/128]	Finalized MPI..
[74/128]	Finalized MPI..
[48/128]	Finalized MPI..
[95/128]	Finalized MPI..
[45/128]	Finalized MPI..
[30/128]	Finalized MPI..
[59/128]	Finalized MPI..
[29/128]	Finalized MPI..
[72/128]	Finalized MPI..
[122/128]	Finalized MPI..
[113/128]	Finalized MPI..
[65/128]	Finalized MPI..
[98/128]	Finalized MPI..
[27/128]	Finalized MPI..
[16/128]	Finalized MPI..
[24/128]	Finalized MPI..
[35/128]	Finalized MPI..
[63/128]	Finalized MPI..
[9/128]	Finalized MPI..
[55/128]	Finalized MPI..
[31/128]	Finalized MPI..
[64/128]	Finalized MPI..
[21/128]	Finalized MPI..
[42/128]	Finalized MPI..
[12/128]	Finalized MPI..
[17/128]	Finalized MPI..
[8/128]	Finalized MPI..
[13/128]	Finalized MPI..
